Archive member included to satisfy reference by file (symbol)

c:/ac6/systemworkbench/plugins/fr.ac6.mcu.externaltools.arm-none.win32_1.17.0.201812190825/tools/compiler/bin/../lib/gcc/arm-none-eabi/7.3.1/../../../../arm-none-eabi/lib/thumb/v7e-m/fpv4-sp/hard\libm.a(lib_a-w_pow.o)
                              Core/Src/main.o (pow)
c:/ac6/systemworkbench/plugins/fr.ac6.mcu.externaltools.arm-none.win32_1.17.0.201812190825/tools/compiler/bin/../lib/gcc/arm-none-eabi/7.3.1/../../../../arm-none-eabi/lib/thumb/v7e-m/fpv4-sp/hard\libm.a(lib_a-e_pow.o)
                              c:/ac6/systemworkbench/plugins/fr.ac6.mcu.externaltools.arm-none.win32_1.17.0.201812190825/tools/compiler/bin/../lib/gcc/arm-none-eabi/7.3.1/../../../../arm-none-eabi/lib/thumb/v7e-m/fpv4-sp/hard\libm.a(lib_a-w_pow.o) (__ieee754_pow)
c:/ac6/systemworkbench/plugins/fr.ac6.mcu.externaltools.arm-none.win32_1.17.0.201812190825/tools/compiler/bin/../lib/gcc/arm-none-eabi/7.3.1/../../../../arm-none-eabi/lib/thumb/v7e-m/fpv4-sp/hard\libm.a(lib_a-e_sqrt.o)
                              c:/ac6/systemworkbench/plugins/fr.ac6.mcu.externaltools.arm-none.win32_1.17.0.201812190825/tools/compiler/bin/../lib/gcc/arm-none-eabi/7.3.1/../../../../arm-none-eabi/lib/thumb/v7e-m/fpv4-sp/hard\libm.a(lib_a-e_pow.o) (__ieee754_sqrt)
c:/ac6/systemworkbench/plugins/fr.ac6.mcu.externaltools.arm-none.win32_1.17.0.201812190825/tools/compiler/bin/../lib/gcc/arm-none-eabi/7.3.1/../../../../arm-none-eabi/lib/thumb/v7e-m/fpv4-sp/hard\libm.a(lib_a-s_fabs.o)
                              c:/ac6/systemworkbench/plugins/fr.ac6.mcu.externaltools.arm-none.win32_1.17.0.201812190825/tools/compiler/bin/../lib/gcc/arm-none-eabi/7.3.1/../../../../arm-none-eabi/lib/thumb/v7e-m/fpv4-sp/hard\libm.a(lib_a-e_pow.o) (fabs)
c:/ac6/systemworkbench/plugins/fr.ac6.mcu.externaltools.arm-none.win32_1.17.0.201812190825/tools/compiler/bin/../lib/gcc/arm-none-eabi/7.3.1/../../../../arm-none-eabi/lib/thumb/v7e-m/fpv4-sp/hard\libm.a(lib_a-s_finite.o)
                              c:/ac6/systemworkbench/plugins/fr.ac6.mcu.externaltools.arm-none.win32_1.17.0.201812190825/tools/compiler/bin/../lib/gcc/arm-none-eabi/7.3.1/../../../../arm-none-eabi/lib/thumb/v7e-m/fpv4-sp/hard\libm.a(lib_a-w_pow.o) (finite)
c:/ac6/systemworkbench/plugins/fr.ac6.mcu.externaltools.arm-none.win32_1.17.0.201812190825/tools/compiler/bin/../lib/gcc/arm-none-eabi/7.3.1/../../../../arm-none-eabi/lib/thumb/v7e-m/fpv4-sp/hard\libm.a(lib_a-s_lib_ver.o)
                              c:/ac6/systemworkbench/plugins/fr.ac6.mcu.externaltools.arm-none.win32_1.17.0.201812190825/tools/compiler/bin/../lib/gcc/arm-none-eabi/7.3.1/../../../../arm-none-eabi/lib/thumb/v7e-m/fpv4-sp/hard\libm.a(lib_a-w_pow.o) (__fdlib_version)
c:/ac6/systemworkbench/plugins/fr.ac6.mcu.externaltools.arm-none.win32_1.17.0.201812190825/tools/compiler/bin/../lib/gcc/arm-none-eabi/7.3.1/../../../../arm-none-eabi/lib/thumb/v7e-m/fpv4-sp/hard\libm.a(lib_a-s_matherr.o)
                              c:/ac6/systemworkbench/plugins/fr.ac6.mcu.externaltools.arm-none.win32_1.17.0.201812190825/tools/compiler/bin/../lib/gcc/arm-none-eabi/7.3.1/../../../../arm-none-eabi/lib/thumb/v7e-m/fpv4-sp/hard\libm.a(lib_a-w_pow.o) (matherr)
c:/ac6/systemworkbench/plugins/fr.ac6.mcu.externaltools.arm-none.win32_1.17.0.201812190825/tools/compiler/bin/../lib/gcc/arm-none-eabi/7.3.1/../../../../arm-none-eabi/lib/thumb/v7e-m/fpv4-sp/hard\libm.a(lib_a-s_nan.o)
                              c:/ac6/systemworkbench/plugins/fr.ac6.mcu.externaltools.arm-none.win32_1.17.0.201812190825/tools/compiler/bin/../lib/gcc/arm-none-eabi/7.3.1/../../../../arm-none-eabi/lib/thumb/v7e-m/fpv4-sp/hard\libm.a(lib_a-e_pow.o) (nan)
c:/ac6/systemworkbench/plugins/fr.ac6.mcu.externaltools.arm-none.win32_1.17.0.201812190825/tools/compiler/bin/../lib/gcc/arm-none-eabi/7.3.1/../../../../arm-none-eabi/lib/thumb/v7e-m/fpv4-sp/hard\libm.a(lib_a-s_rint.o)
                              c:/ac6/systemworkbench/plugins/fr.ac6.mcu.externaltools.arm-none.win32_1.17.0.201812190825/tools/compiler/bin/../lib/gcc/arm-none-eabi/7.3.1/../../../../arm-none-eabi/lib/thumb/v7e-m/fpv4-sp/hard\libm.a(lib_a-w_pow.o) (rint)
c:/ac6/systemworkbench/plugins/fr.ac6.mcu.externaltools.arm-none.win32_1.17.0.201812190825/tools/compiler/bin/../lib/gcc/arm-none-eabi/7.3.1/../../../../arm-none-eabi/lib/thumb/v7e-m/fpv4-sp/hard\libm.a(lib_a-s_scalbn.o)
                              c:/ac6/systemworkbench/plugins/fr.ac6.mcu.externaltools.arm-none.win32_1.17.0.201812190825/tools/compiler/bin/../lib/gcc/arm-none-eabi/7.3.1/../../../../arm-none-eabi/lib/thumb/v7e-m/fpv4-sp/hard\libm.a(lib_a-e_pow.o) (scalbn)
c:/ac6/systemworkbench/plugins/fr.ac6.mcu.externaltools.arm-none.win32_1.17.0.201812190825/tools/compiler/bin/../lib/gcc/arm-none-eabi/7.3.1/../../../../arm-none-eabi/lib/thumb/v7e-m/fpv4-sp/hard\libm.a(lib_a-s_copysign.o)
[...]
Memory Configuration

Name             Origin             Length             Attributes
RAM              0x20000000         0x00020000         xrw
FLASH            0x08000000         0x00080000         xr
*default*        0x00000000         0xffffffff

Linker script and memory map

LOAD c:/ac6/systemworkbench/plugins/fr.ac6.mcu.externaltools.arm-none.win32_1.17.0.201812190825/tools/compiler/bin/../lib/gcc/arm-none-eabi/7.3.1/thumb/v7e-m/fpv4-sp/hard/crti.o
LOAD c:/ac6/systemworkbench/plugins/fr.ac6.mcu.externaltools.arm-none.win32_1.17.0.201812190825/tools/compiler/bin/../lib/gcc/arm-none-eabi/7.3.1/thumb/v7e-m/fpv4-sp/hard/crtbegin.o
LOAD c:/ac6/systemworkbench/plugins/fr.ac6.mcu.externaltools.arm-none.win32_1.17.0.201812190825/tools/compiler/bin/../lib/gcc/arm-none-eabi/7.3.1/../../../../arm-none-eabi/lib/thumb/v7e-m/fpv4-sp/hard/crt0.o
LOAD Core/Src/custom_bus.o
LOAD Core/Src/freertos.o
LOAD Core/Src/main.o
LOAD Core/Src/stm32f4xx_hal_msp.o
LOAD Core/Src/stm32f4xx_it.o
LOAD Core/Src/syscalls.o
LOAD Core/Src/system_stm32f4xx.o
LOAD Drivers/BSP/Components/hts221/hts221.o
LOAD Drivers/BSP/Components/hts221/hts221_reg.o
LOAD Drivers/BSP/Components/lps22hb/lps22hb.o
LOAD Drivers/BSP/Components/lps22hb/lps22hb_reg.o
LOAD Drivers/BSP/Components/lsm303agr/lsm303agr.o
LOAD Drivers/BSP/Components/lsm303agr/lsm303agr_reg.o
LOAD Drivers/BSP/Components/lsm6dsl/lsm6dsl.o
LOAD Drivers/BSP/Components/lsm6dsl/lsm6dsl_reg.o
LOAD Drivers/BSP/IKS01A2/iks01a2_env_sensors.o
LOAD Drivers/BSP/IKS01A2/iks01a2_env_sensors_ex.o
LOAD Drivers/BSP/IKS01A2/iks01a2_motion_sensors.o
LOAD Drivers/BSP/IKS01A2/iks01a2_motion_sensors_ex.o
LOAD Drivers/BSP/custom/custom.o
LOAD Drivers/STM32F4xx_HAL_Driver/Src/stm32f4xx_hal.o
LOAD Drivers/STM32F4xx_HAL_Driver/Src/stm32f4xx_hal_cortex.o
LOAD Drivers/STM32F4xx_HAL_Driver/Src/stm32f4xx_hal_dma.o
LOAD Drivers/STM32F4xx_HAL_Driver/Src/stm32f4xx_hal_dma_ex.o
LOAD Drivers/STM32F4xx_HAL_Driver/Src/stm32f4xx_hal_exti.o
LOAD Drivers/STM32F4xx_HAL_Driver/Src/stm32f4xx_hal_flash.o
LOAD Drivers/STM32F4xx_HAL_Driver/Src/stm32f4xx_hal_flash_ex.o
LOAD Drivers/STM32F4xx_HAL_Driver/Src/stm32f4xx_hal_flash_ramfunc.o
LOAD Drivers/STM32F4xx_HAL_Driver/Src/stm32f4xx_hal_gpio.o
LOAD Drivers/STM32F4xx_HAL_Driver/Src/stm32f4xx_hal_i2c.o
LOAD Drivers/STM32F4xx_HAL_Driver/Src/stm32f4xx_hal_i2c_ex.o
LOAD Drivers/STM32F4xx_HAL_Driver/Src/stm32f4xx_hal_pwr.o
LOAD Drivers/STM32F4xx_HAL_Driver/Src/stm32f4xx_hal_pwr_ex.o
LOAD Drivers/STM32F4xx_HAL_Driver/Src/stm32f4xx_hal_rcc.o
LOAD Drivers/STM32F4xx_HAL_Driver/Src/stm32f4xx_hal_rcc_ex.o
LOAD Drivers/STM32F4xx_HAL_Driver/Src/stm32f4xx_hal_tim.o
LOAD Drivers/STM32F4xx_HAL_Driver/Src/stm32f4xx_hal_tim_ex.o
LOAD Drivers/STM32F4xx_HAL_Driver/Src/stm32f4xx_hal_uart.o
LOAD Middlewares/Third_Party/FreeRTOS/Source/CMSIS_RTOS/cmsis_os.o
LOAD Middlewares/Third_Party/FreeRTOS/Source/croutine.o
LOAD Middlewares/Third_Party/FreeRTOS/Source/event_groups.o
LOAD Middlewares/Third_Party/FreeRTOS/Source/list.o
LOAD Middlewares/Third_Party/FreeRTOS/Source/queue.o
LOAD Middlewares/Third_Party/FreeRTOS/Source/stream_buffer.o
LOAD Middlewares/Third_Party/FreeRTOS/Source/tasks.o
LOAD Middlewares/Third_Party/FreeRTOS/Source/timers.o
LOAD Middlewares/Third_Party/FreeRTOS/Source/portable/GCC/ARM_CM4F/port.o
LOAD Middlewares/Third_Party/FreeRTOS/Source/portable/MemMang/heap_4.o
LOAD startup/startup_stm32f446xx.o
LOAD c:/ac6/systemworkbench/plugins/fr.ac6.mcu.externaltools.arm-none.win32_1.17.0.201812190825/tools/compiler/bin/../lib/gcc/arm-none-eabi/7.3.1/../../../../arm-none-eabi/lib/thumb/v7e-m/fpv4-sp/hard\libm.a
START GROUP
LOAD c:/ac6/systemworkbench/plugins/fr.ac6.mcu.externaltools.arm-none.win32_1.17.0.201812190825/tools/compiler/bin/../lib/gcc/arm-none-eabi/7.3.1/thumb/v7e-m/fpv4-sp/hard\libgcc.a
LOAD c:/ac6/systemworkbench/plugins/fr.ac6.mcu.externaltools.arm-none.win32_1.17.0.201812190825/tools/compiler/bin/../lib/gcc/arm-none-eabi/7.3.1/../../../../arm-none-eabi/lib/thumb/v7e-m/fpv4-sp/hard\libc_nano.a
END GROUP
START GROUP
LOAD c:/ac6/systemworkbench/plugins/fr.ac6.mcu.externaltools.arm-none.win32_1.17.0.201812190825/tools/compiler/bin/../lib/gcc/arm-none-eabi/7.3.1/thumb/v7e-m/fpv4-sp/hard\libgcc.a
LOAD c:/ac6/systemworkbench/plugins/fr.ac6.mcu.externaltools.arm-none.win32_1.17.0.201812190825/tools/compiler/bin/../lib/gcc/arm-none-eabi/7.3.1/../../../../arm-none-eabi/lib/thumb/v7e-m/fpv4-sp/hard\libc_nano.a
LOAD c:/ac6/systemworkbench/plugins/fr.ac6.mcu.externaltools.arm-none.win32_1.17.0.201812190825/tools/compiler/bin/../lib/gcc/arm-none-eabi/7.3.1/../../../../arm-none-eabi/lib/thumb/v7e-m/fpv4-sp/hard\libnosys.a
END GROUP
START GROUP
LOAD c:/ac6/systemworkbench/plugins/fr.ac6.mcu.externaltools.arm-none.win32_1.17.0.201812190825/tools/compiler/bin/../lib/gcc/arm-none-eabi/7.3.1/thumb/v7e-m/fpv4-sp/hard\libgcc.a
LOAD c:/ac6/systemworkbench/plugins/fr.ac6.mcu.externaltools.arm-none.win32_1.17.0.201812190825/tools/compiler/bin/../lib/gcc/arm-none-eabi/7.3.1/../../../../arm-none-eabi/lib/thumb/v7e-m/fpv4-sp/hard\libc_nano.a
LOAD c:/ac6/systemworkbench/plugins/fr.ac6.mcu.externaltools.arm-none.win32_1.17.0.201812190825/tools/compiler/bin/../lib/gcc/arm-none-eabi/7.3.1/../../../../arm-none-eabi/lib/thumb/v7e-m/fpv4-sp/hard\libnosys.a
END GROUP
LOAD c:/ac6/systemworkbench/plugins/fr.ac6.mcu.externaltools.arm-none.win32_1.17.0.201812190825/tools/compiler/bin/../lib/gcc/arm-none-eabi/7.3.1/thumb/v7e-m/fpv4-sp/hard/crtend.o
LOAD c:/ac6/systemworkbench/plugins/fr.ac6.mcu.externaltools.arm-none.win32_1.17.0.201812190825/tools/compiler/bin/../lib/gcc/arm-none-eabi/7.3.1/thumb/v7e-m/fpv4-sp/hard/crtn.o
                0x20020000                _estack = 0x20020000
                0x00000400                _Min_Heap_Size = 0x400
                0x00000800                _Min_Stack_Size = 0x800

.isr_vector     0x08000000      0x1c4
                0x08000000                . = ALIGN (0x4)
 *(.isr_vector)
 .isr_vector    0x08000000      0x1c4 startup/startup_stm32f446xx.o
                0x08000000                g_pfnVectors
                0x080001c4                . = ALIGN (0x4)

.text           0x080001d0     0x65a8
                0x080001d0                . = ALIGN (0x4)
 *(.text)
 .text          0x080001d0       0x40 c:/ac6/systemworkbench/plugins/fr.ac6.mcu.externaltools.arm-none.win32_1.17.0.201812190825/tools/compiler/bin/../lib/gcc/arm-none-eabi/7.3.1/thumb/v7e-m/fpv4-sp/hard/crtbegin.o
 .text          0x08000210       0x30 c:/ac6/systemworkbench/plugins/fr.ac6.mcu.externaltools.arm-none.win32_1.17.0.201812190825/tools/compiler/bin/../lib/gcc/arm-none-eabi/7.3.1/thumb/v7e-m/fpv4-sp/hard\libgcc.a(_aeabi_uldivmod.o)
                0x08000210                __aeabi_uldivmod
 .text          0x08000240      0x2cc c:/ac6/systemworkbench/plugins/fr.ac6.mcu.externaltools.arm-none.win32_1.17.0.201812190825/tools/compiler/bin/../lib/gcc/arm-none-eabi/7.3.1/thumb/v7e-m/fpv4-sp/hard\libgcc.a(_udivmoddi4.o)
                0x08000240                __udivmoddi4
 .text          0x0800050c        0x4 c:/ac6/systemworkbench/plugins/fr.ac6.mcu.externaltools.arm-none.win32_1.17.0.201812190825/tools/compiler/bin/../lib/gcc/arm-none-eabi/7.3.1/thumb/v7e-m/fpv4-sp/hard\libgcc.a(_dvmd_tls.o)
                0x0800050c                __aeabi_idiv0
                0x0800050c                __aeabi_ldiv0
 .text          0x08000510       0x10 c:/ac6/systemworkbench/plugins/fr.ac6.mcu.externaltools.arm-none.win32_1.17.0.201812190825/tools/compiler/bin/../lib/gcc/arm-none-eabi/7.3.1/../../../../arm-none-eabi/lib/thumb/v7e-m/fpv4-sp/hard\libc_nano.a(lib_a-strlen.o)
                0x08000510                strlen
 .text          0x08000520       0xa0 c:/ac6/systemworkbench/plugins/fr.ac6.mcu.externaltools.arm-none.win32_1.17.0.201812190825/tools/compiler/bin/../lib/gcc/arm-none-eabi/7.3.1/../../../../arm-none-eabi/lib/thumb/v7e-m/fpv4-sp/hard\libc_nano.a(lib_a-memchr.o)
                0x08000520                memchr
 *(.text*)
 .text.I2C1_MspInit
                0x080005c0       0x88 Core/Src/custom_bus.o
 .text.I2C1_MspDeInit
                0x08000648       0x2c Core/Src/custom_bus.o
 .text.BSP_I2C1_DeInit
                0x08000674       0x38 Core/Src/custom_bus.o
                0x08000674                BSP_I2C1_DeInit
 .text.BSP_I2C1_WriteReg
                0x080006ac       0x3c Core/Src/custom_bus.o
                0x080006ac                BSP_I2C1_WriteReg
 .text.BSP_I2C1_ReadReg
                0x080006e8       0x3c Core/Src/custom_bus.o
                0x080006e8                BSP_I2C1_ReadReg
 .text.BSP_GetTick
                0x08000724        0x8 Core/Src/custom_bus.o
                0x08000724                BSP_GetTick
 .text.MX_I2C1_Init
                0x0800072c       0x34 Core/Src/custom_bus.o
                0x0800072c                MX_I2C1_Init
 .text.BSP_I2C1_Init
                0x08000760       0x48 Core/Src/custom_bus.o
                0x08000760                BSP_I2C1_Init
 .text.vApplicationGetIdleTaskMemory
                0x080007a8       0x14 Core/Src/freertos.o
                0x080007a8                vApplicationGetIdleTaskMemory
 .text.MX_GPIO_Init
                0x080007bc       0xdc Core/Src/main.o
 .text.MX_USART1_UART_Init
                0x08000898       0x2c Core/Src/main.o
 .text.MX_USART2_UART_Init
                0x080008c4       0x2c Core/Src/main.o
 .text.MX_TIM7_Init
                0x080008f0       0x40 Core/Src/main.o
 .text.Thread1  0x08000930       0x28 Core/Src/main.o
                0x08000930                Thread1
 .text.Thread2  0x08000958        0xc Core/Src/main.o
                0x08000958                Thread2
 .text.Init_Motion_Sensors
                0x08000964       0x1c Core/Src/main.o
                0x08000964                Init_Motion_Sensors
 .text.Read_Magneto_Sensor
                0x08000980       0x5c Core/Src/main.o
                0x08000980                Read_Magneto_Sensor
 .text.HAL_TIM_PeriodElapsedCallback
                0x080009dc       0x24 Core/Src/main.o
                0x080009dc                HAL_TIM_PeriodElapsedCallback
 .text.SystemClock_Config
                0x08000a00       0x80 Core/Src/main.o
                0x08000a00                SystemClock_Config
 .text.main     0x08000a80       0xbc Core/Src/main.o
                0x08000a80                main
 .text.HAL_MspInit
                0x08000b3c       0x38 Core/Src/stm32f4xx_hal_msp.o
                0x08000b3c                HAL_MspInit
 .text.HAL_TIM_Base_MspInit
                0x08000b74       0x40 Core/Src/stm32f4xx_hal_msp.o
                0x08000b74                HAL_TIM_Base_MspInit
 .text.HAL_UART_MspInit
                0x08000bb4       0xc4 Core/Src/stm32f4xx_hal_msp.o
                0x08000bb4                HAL_UART_MspInit
 .text.NMI_Handler
                0x08000c78        0x2 Core/Src/stm32f4xx_it.o
                0x08000c78                NMI_Handler
 .text.HardFault_Handler
                0x08000c7a        0x2 Core/Src/stm32f4xx_it.o
                0x08000c7a                HardFault_Handler
 .text.MemManage_Handler
                0x08000c7c        0x2 Core/Src/stm32f4xx_it.o
                0x08000c7c                MemManage_Handler
 .text.BusFault_Handler
                0x08000c7e        0x2 Core/Src/stm32f4xx_it.o
                0x08000c7e                BusFault_Handler
 .text.UsageFault_Handler
                0x08000c80        0x2 Core/Src/stm32f4xx_it.o
                0x08000c80                UsageFault_Handler
 .text.DebugMon_Handler
                0x08000c82        0x2 Core/Src/stm32f4xx_it.o
                0x08000c82                DebugMon_Handler
 .text.SysTick_Handler
                0x08000c84       0x14 Core/Src/stm32f4xx_it.o
                0x08000c84                SysTick_Handler
 .text.EXTI4_IRQHandler
                0x08000c98        0xa Core/Src/stm32f4xx_it.o
                0x08000c98                EXTI4_IRQHandler
 .text.EXTI9_5_IRQHandler
                0x08000ca2        0xa Core/Src/stm32f4xx_it.o
                0x08000ca2                EXTI9_5_IRQHandler
 .text.EXTI15_10_IRQHandler
                0x08000cac        0xc Core/Src/stm32f4xx_it.o
                0x08000cac                EXTI15_10_IRQHandler
 .text.TIM7_IRQHandler
                0x08000cb8       0x24 Core/Src/stm32f4xx_it.o
                0x08000cb8                TIM7_IRQHandler
 .text._sbrk    0x08000cdc       0x3c Core/Src/syscalls.o
                0x08000cdc                _sbrk
 .text.SystemInit
                0x08000d18       0x1c Core/Src/system_stm32f4xx.o
                0x08000d18                SystemInit
 .text.LSM303AGR_ACC_GetCapabilities
                0x08000d34       0x24 Drivers/BSP/Components/lsm303agr/lsm303agr.o
                0x08000d34                LSM303AGR_ACC_GetCapabilities
 .text.LSM303AGR_MAG_GetCapabilities
                0x08000d58       0x24 Drivers/BSP/Components/lsm303agr/lsm303agr.o
                0x08000d58                LSM303AGR_MAG_GetCapabilities
 .text.LSM303AGR_MAG_GetSensitivity
                0x08000d7c        0xa Drivers/BSP/Components/lsm303agr/lsm303agr.o
                0x08000d7c                LSM303AGR_MAG_GetSensitivity
 .text.LSM303AGR_MAG_GetFullScale
                0x08000d86        0x8 Drivers/BSP/Components/lsm303agr/lsm303agr.o
                0x08000d86                LSM303AGR_MAG_GetFullScale
 .text.LSM303AGR_MAG_SetFullScale
                0x08000d8e        0x4 Drivers/BSP/Components/lsm303agr/lsm303agr.o
                0x08000d8e                LSM303AGR_MAG_SetFullScale
 *fill*         0x08000d92        0x2 
 .text.LSM303AGR_ACC_SetOutputDataRate_When_Disabled
                0x08000d94       0x84 Drivers/BSP/Components/lsm303agr/lsm303agr.o
 .text.ReadAccRegWrap
                0x08000e18       0x1e Drivers/BSP/Components/lsm303agr/lsm303agr.o
 .text.WriteAccRegWrap
                0x08000e36       0x1e Drivers/BSP/Components/lsm303agr/lsm303agr.o
 .text.ReadMagRegWrap
                0x08000e54       0x1e Drivers/BSP/Components/lsm303agr/lsm303agr.o
 .text.WriteMagRegWrap
                0x08000e72       0x1e Drivers/BSP/Components/lsm303agr/lsm303agr.o
 .text.LSM303AGR_ACC_Enable
                0x08000e90       0x30 Drivers/BSP/Components/lsm303agr/lsm303agr.o
                0x08000e90                LSM303AGR_ACC_Enable
 .text.LSM303AGR_ACC_SetOutputDataRate_When_Enabled
                0x08000ec0       0x90 Drivers/BSP/Components/lsm303agr/lsm303agr.o
 .text.LSM303AGR_ACC_SetOutputDataRate
                0x08000f50       0x16 Drivers/BSP/Components/lsm303agr/lsm303agr.o
                0x08000f50                LSM303AGR_ACC_SetOutputDataRate
 .text.LSM303AGR_ACC_Init
                0x08000f66       0x5a Drivers/BSP/Components/lsm303agr/lsm303agr.o
                0x08000f66                LSM303AGR_ACC_Init
 .text.LSM303AGR_ACC_SetFullScale
                0x08000fc0       0x30 Drivers/BSP/Components/lsm303agr/lsm303agr.o
                0x08000fc0                LSM303AGR_ACC_SetFullScale
 .text.LSM303AGR_ACC_ReadID
                0x08000ff0       0x16 Drivers/BSP/Components/lsm303agr/lsm303agr.o
                0x08000ff0                LSM303AGR_ACC_ReadID
 .text.LSM303AGR_ACC_Disable
                0x08001006       0x40 Drivers/BSP/Components/lsm303agr/lsm303agr.o
                0x08001006                LSM303AGR_ACC_Disable
 .text.LSM303AGR_ACC_DeInit
                0x08001046       0x20 Drivers/BSP/Components/lsm303agr/lsm303agr.o
                0x08001046                LSM303AGR_ACC_DeInit
 *fill*         0x08001066        0x2 
 .text.LSM303AGR_ACC_GetOutputDataRate
                0x08001068      0x114 Drivers/BSP/Components/lsm303agr/lsm303agr.o
                0x08001068                LSM303AGR_ACC_GetOutputDataRate
 .text.LSM303AGR_ACC_GetSensitivityHR
                0x0800117c       0x5c Drivers/BSP/Components/lsm303agr/lsm303agr.o
 .text.LSM303AGR_ACC_GetSensitivityNM
                0x080011d8       0x5c Drivers/BSP/Components/lsm303agr/lsm303agr.o
 .text.LSM303AGR_ACC_GetSensitivityLP
                0x08001234       0x5c Drivers/BSP/Components/lsm303agr/lsm303agr.o
 .text.LSM303AGR_ACC_GetSensitivity
                0x08001290       0x6e Drivers/BSP/Components/lsm303agr/lsm303agr.o
                0x08001290                LSM303AGR_ACC_GetSensitivity
 .text.LSM303AGR_ACC_GetFullScale
                0x080012fe       0x4c Drivers/BSP/Components/lsm303agr/lsm303agr.o
                0x080012fe                LSM303AGR_ACC_GetFullScale
 .text.LSM303AGR_ACC_GetAxesRaw
                0x0800134a       0x72 Drivers/BSP/Components/lsm303agr/lsm303agr.o
                0x0800134a                LSM303AGR_ACC_GetAxesRaw
 .text.LSM303AGR_ACC_GetAxes
                0x080013bc       0x7e Drivers/BSP/Components/lsm303agr/lsm303agr.o
                0x080013bc                LSM303AGR_ACC_GetAxes
 .text.LSM303AGR_MAG_Enable
                0x0800143a       0x2e Drivers/BSP/Components/lsm303agr/lsm303agr.o
                0x0800143a                LSM303AGR_MAG_Enable
 .text.LSM303AGR_MAG_Disable
                0x08001468       0x2c Drivers/BSP/Components/lsm303agr/lsm303agr.o
                0x08001468                LSM303AGR_MAG_Disable
 .text.LSM303AGR_MAG_DeInit
                0x08001494       0x1c Drivers/BSP/Components/lsm303agr/lsm303agr.o
                0x08001494                LSM303AGR_MAG_DeInit
 .text.LSM303AGR_MAG_SetOutputDataRate
                0x080014b0       0x54 Drivers/BSP/Components/lsm303agr/lsm303agr.o
                0x080014b0                LSM303AGR_MAG_SetOutputDataRate
 .text.LSM303AGR_MAG_Init
                0x08001504       0x54 Drivers/BSP/Components/lsm303agr/lsm303agr.o
                0x08001504                LSM303AGR_MAG_Init
 .text.LSM303AGR_MAG_ReadID
                0x08001558       0x16 Drivers/BSP/Components/lsm303agr/lsm303agr.o
                0x08001558                LSM303AGR_MAG_ReadID
 *fill*         0x0800156e        0x2 
 .text.LSM303AGR_MAG_GetOutputDataRate
                0x08001570       0x5c Drivers/BSP/Components/lsm303agr/lsm303agr.o
                0x08001570                LSM303AGR_MAG_GetOutputDataRate
 .text.LSM303AGR_MAG_GetAxesRaw
                0x080015cc       0x30 Drivers/BSP/Components/lsm303agr/lsm303agr.o
                0x080015cc                LSM303AGR_MAG_GetAxesRaw
 .text.LSM303AGR_MAG_GetAxes
                0x080015fc       0x74 Drivers/BSP/Components/lsm303agr/lsm303agr.o
                0x080015fc                LSM303AGR_MAG_GetAxes
 .text.LSM303AGR_ACC_Write_Reg
                0x08001670       0x24 Drivers/BSP/Components/lsm303agr/lsm303agr.o
                0x08001670                LSM303AGR_ACC_Write_Reg
 .text.LSM303AGR_ACC_RegisterBusIO
                0x08001694       0x7c Drivers/BSP/Components/lsm303agr/lsm303agr.o
                0x08001694                LSM303AGR_ACC_RegisterBusIO
 .text.LSM303AGR_MAG_RegisterBusIO
                0x08001710       0x78 Drivers/BSP/Components/lsm303agr/lsm303agr.o
                0x08001710                LSM303AGR_MAG_RegisterBusIO
 .text.lsm303agr_read_reg
                0x08001788        0xa Drivers/BSP/Components/lsm303agr/lsm303agr_reg.o
                0x08001788                lsm303agr_read_reg
 .text.lsm303agr_write_reg
                0x08001792        0xa Drivers/BSP/Components/lsm303agr/lsm303agr_reg.o
                0x08001792                lsm303agr_write_reg
 .text.lsm303agr_xl_operating_mode_get
                0x0800179c       0x50 Drivers/BSP/Components/lsm303agr/lsm303agr_reg.o
                0x0800179c                lsm303agr_xl_operating_mode_get
 .text.lsm303agr_xl_data_rate_set
                0x080017ec       0x38 Drivers/BSP/Components/lsm303agr/lsm303agr_reg.o
                0x080017ec                lsm303agr_xl_data_rate_set
 .text.lsm303agr_xl_data_rate_get
                0x08001824       0x6c Drivers/BSP/Components/lsm303agr/lsm303agr_reg.o
                0x08001824                lsm303agr_xl_data_rate_get
 .text.lsm303agr_xl_full_scale_set
                0x08001890       0x38 Drivers/BSP/Components/lsm303agr/lsm303agr_reg.o
                0x08001890                lsm303agr_xl_full_scale_set
 .text.lsm303agr_xl_full_scale_get
                0x080018c8       0x44 Drivers/BSP/Components/lsm303agr/lsm303agr_reg.o
                0x080018c8                lsm303agr_xl_full_scale_get
 .text.lsm303agr_xl_block_data_update_set
                0x0800190c       0x38 Drivers/BSP/Components/lsm303agr/lsm303agr_reg.o
                0x0800190c                lsm303agr_xl_block_data_update_set
 .text.lsm303agr_acceleration_raw_get
                0x08001944        0xe Drivers/BSP/Components/lsm303agr/lsm303agr_reg.o
                0x08001944                lsm303agr_acceleration_raw_get
 .text.lsm303agr_mag_operating_mode_set
                0x08001952       0x38 Drivers/BSP/Components/lsm303agr/lsm303agr_reg.o
                0x08001952                lsm303agr_mag_operating_mode_set
 .text.lsm303agr_mag_data_rate_set
                0x0800198a       0x38 Drivers/BSP/Components/lsm303agr/lsm303agr_reg.o
                0x0800198a                lsm303agr_mag_data_rate_set
 .text.lsm303agr_mag_data_rate_get
                0x080019c2       0x44 Drivers/BSP/Components/lsm303agr/lsm303agr_reg.o
                0x080019c2                lsm303agr_mag_data_rate_get
 .text.lsm303agr_mag_block_data_update_set
                0x08001a06       0x38 Drivers/BSP/Components/lsm303agr/lsm303agr_reg.o
                0x08001a06                lsm303agr_mag_block_data_update_set
 .text.lsm303agr_magnetic_raw_get
                0x08001a3e        0xe Drivers/BSP/Components/lsm303agr/lsm303agr_reg.o
                0x08001a3e                lsm303agr_magnetic_raw_get
 .text.lsm303agr_xl_device_id_get
                0x08001a4c        0xe Drivers/BSP/Components/lsm303agr/lsm303agr_reg.o
                0x08001a4c                lsm303agr_xl_device_id_get
 .text.lsm303agr_mag_device_id_get
                0x08001a5a        0xe Drivers/BSP/Components/lsm303agr/lsm303agr_reg.o
                0x08001a5a                lsm303agr_mag_device_id_get
 .text.lsm303agr_mag_self_test_set
                0x08001a68       0x38 Drivers/BSP/Components/lsm303agr/lsm303agr_reg.o
                0x08001a68                lsm303agr_mag_self_test_set
 .text.lsm303agr_xl_fifo_mode_set
                0x08001aa0       0x38 Drivers/BSP/Components/lsm303agr/lsm303agr_reg.o
                0x08001aa0                lsm303agr_xl_fifo_mode_set
 .text.lsm303agr_mag_i2c_interface_set
                0x08001ad8       0x38 Drivers/BSP/Components/lsm303agr/lsm303agr_reg.o
                0x08001ad8                lsm303agr_mag_i2c_interface_set
 .text.LSM6DSL_GetCapabilities
                0x08001b10       0x28 Drivers/BSP/Components/lsm6dsl/lsm6dsl.o
                0x08001b10                LSM6DSL_GetCapabilities
 .text.LSM6DSL_ACC_SetOutputDataRate_When_Disabled
                0x08001b38       0xc8 Drivers/BSP/Components/lsm6dsl/lsm6dsl.o
 .text.LSM6DSL_GYRO_SetOutputDataRate_When_Disabled
                0x08001c00       0xc8 Drivers/BSP/Components/lsm6dsl/lsm6dsl.o
 .text.ReadRegWrap
                0x08001cc8        0xa Drivers/BSP/Components/lsm6dsl/lsm6dsl.o
 .text.WriteRegWrap
                0x08001cd2        0xa Drivers/BSP/Components/lsm6dsl/lsm6dsl.o
 .text.LSM6DSL_ACC_Enable
                0x08001cdc       0x30 Drivers/BSP/Components/lsm6dsl/lsm6dsl.o
                0x08001cdc                LSM6DSL_ACC_Enable
 .text.LSM6DSL_ACC_SetOutputDataRate_When_Enabled
                0x08001d0c       0xd8 Drivers/BSP/Components/lsm6dsl/lsm6dsl.o
 .text.LSM6DSL_ACC_SetOutputDataRate
                0x08001de4       0x16 Drivers/BSP/Components/lsm6dsl/lsm6dsl.o
                0x08001de4                LSM6DSL_ACC_SetOutputDataRate
 .text.LSM6DSL_ACC_SetFullScale
                0x08001dfa       0x30 Drivers/BSP/Components/lsm6dsl/lsm6dsl.o
                0x08001dfa                LSM6DSL_ACC_SetFullScale
 .text.LSM6DSL_GYRO_Enable
                0x08001e2a       0x30 Drivers/BSP/Components/lsm6dsl/lsm6dsl.o
                0x08001e2a                LSM6DSL_GYRO_Enable
 *fill*         0x08001e5a        0x2 
 .text.LSM6DSL_GYRO_SetOutputDataRate_When_Enabled
                0x08001e5c       0xd8 Drivers/BSP/Components/lsm6dsl/lsm6dsl.o
 .text.LSM6DSL_GYRO_SetOutputDataRate
                0x08001f34       0x16 Drivers/BSP/Components/lsm6dsl/lsm6dsl.o
                0x08001f34                LSM6DSL_GYRO_SetOutputDataRate
 .text.LSM6DSL_Init
                0x08001f4a       0x90 Drivers/BSP/Components/lsm6dsl/lsm6dsl.o
                0x08001f4a                LSM6DSL_Init
 .text.LSM6DSL_GYRO_SetFullScale
                0x08001fda       0x3c Drivers/BSP/Components/lsm6dsl/lsm6dsl.o
                0x08001fda                LSM6DSL_GYRO_SetFullScale
 .text.LSM6DSL_ReadID
                0x08002016       0x16 Drivers/BSP/Components/lsm6dsl/lsm6dsl.o
                0x08002016                LSM6DSL_ReadID
 .text.LSM6DSL_ACC_Disable
                0x0800202c       0x40 Drivers/BSP/Components/lsm6dsl/lsm6dsl.o
                0x0800202c                LSM6DSL_ACC_Disable
 .text.LSM6DSL_ACC_GetOutputDataRate
                0x0800206c       0xb4 Drivers/BSP/Components/lsm6dsl/lsm6dsl.o
                0x0800206c                LSM6DSL_ACC_GetOutputDataRate
 .text.LSM6DSL_ACC_GetSensitivity
                0x08002120       0x5c Drivers/BSP/Components/lsm6dsl/lsm6dsl.o
                0x08002120                LSM6DSL_ACC_GetSensitivity
 .text.LSM6DSL_ACC_GetFullScale
                0x0800217c       0x4c Drivers/BSP/Components/lsm6dsl/lsm6dsl.o
                0x0800217c                LSM6DSL_ACC_GetFullScale
 .text.LSM6DSL_ACC_GetAxesRaw
                0x080021c8       0x30 Drivers/BSP/Components/lsm6dsl/lsm6dsl.o
                0x080021c8                LSM6DSL_ACC_GetAxesRaw
 .text.LSM6DSL_ACC_GetAxes
                0x080021f8       0x80 Drivers/BSP/Components/lsm6dsl/lsm6dsl.o
                0x080021f8                LSM6DSL_ACC_GetAxes
 .text.LSM6DSL_GYRO_Disable
                0x08002278       0x40 Drivers/BSP/Components/lsm6dsl/lsm6dsl.o
                0x08002278                LSM6DSL_GYRO_Disable
 .text.LSM6DSL_DeInit
                0x080022b8       0x32 Drivers/BSP/Components/lsm6dsl/lsm6dsl.o
                0x080022b8                LSM6DSL_DeInit
 *fill*         0x080022ea        0x2 
 .text.LSM6DSL_GYRO_GetOutputDataRate
                0x080022ec       0xa8 Drivers/BSP/Components/lsm6dsl/lsm6dsl.o
                0x080022ec                LSM6DSL_GYRO_GetOutputDataRate
 .text.LSM6DSL_GYRO_GetSensitivity
                0x08002394       0x6c Drivers/BSP/Components/lsm6dsl/lsm6dsl.o
                0x08002394                LSM6DSL_GYRO_GetSensitivity
 .text.LSM6DSL_GYRO_GetFullScale
                0x08002400       0x5c Drivers/BSP/Components/lsm6dsl/lsm6dsl.o
                0x08002400                LSM6DSL_GYRO_GetFullScale
 .text.LSM6DSL_GYRO_GetAxesRaw
                0x0800245c       0x30 Drivers/BSP/Components/lsm6dsl/lsm6dsl.o
                0x0800245c                LSM6DSL_GYRO_GetAxesRaw
 .text.LSM6DSL_GYRO_GetAxes
                0x0800248c       0x7c Drivers/BSP/Components/lsm6dsl/lsm6dsl.o
                0x0800248c                LSM6DSL_GYRO_GetAxes
 .text.LSM6DSL_Write_Reg
                0x08002508       0x24 Drivers/BSP/Components/lsm6dsl/lsm6dsl.o
                0x08002508                LSM6DSL_Write_Reg
 .text.LSM6DSL_RegisterBusIO
                0x0800252c       0x7c Drivers/BSP/Components/lsm6dsl/lsm6dsl.o
                0x0800252c                LSM6DSL_RegisterBusIO
 .text.lsm6dsl_read_reg
                0x080025a8        0xa Drivers/BSP/Components/lsm6dsl/lsm6dsl_reg.o
                0x080025a8                lsm6dsl_read_reg
 .text.lsm6dsl_write_reg
                0x080025b2        0xa Drivers/BSP/Components/lsm6dsl/lsm6dsl_reg.o
                0x080025b2                lsm6dsl_write_reg
 .text.lsm6dsl_xl_full_scale_set
                0x080025bc       0x38 Drivers/BSP/Components/lsm6dsl/lsm6dsl_reg.o
                0x080025bc                lsm6dsl_xl_full_scale_set
 .text.lsm6dsl_xl_full_scale_get
                0x080025f4       0x44 Drivers/BSP/Components/lsm6dsl/lsm6dsl_reg.o
                0x080025f4                lsm6dsl_xl_full_scale_get
 .text.lsm6dsl_xl_data_rate_set
                0x08002638       0x38 Drivers/BSP/Components/lsm6dsl/lsm6dsl_reg.o
                0x08002638                lsm6dsl_xl_data_rate_set
 .text.lsm6dsl_xl_data_rate_get
                0x08002670       0x7a Drivers/BSP/Components/lsm6dsl/lsm6dsl_reg.o
                0x08002670                lsm6dsl_xl_data_rate_get
 .text.lsm6dsl_gy_full_scale_set
                0x080026ea       0x38 Drivers/BSP/Components/lsm6dsl/lsm6dsl_reg.o
                0x080026ea                lsm6dsl_gy_full_scale_set
 .text.lsm6dsl_gy_full_scale_get
                0x08002722       0x4e Drivers/BSP/Components/lsm6dsl/lsm6dsl_reg.o
                0x08002722                lsm6dsl_gy_full_scale_get
 .text.lsm6dsl_gy_data_rate_set
                0x08002770       0x38 Drivers/BSP/Components/lsm6dsl/lsm6dsl_reg.o
                0x08002770                lsm6dsl_gy_data_rate_set
 .text.lsm6dsl_gy_data_rate_get
                0x080027a8       0x74 Drivers/BSP/Components/lsm6dsl/lsm6dsl_reg.o
                0x080027a8                lsm6dsl_gy_data_rate_get
 .text.lsm6dsl_block_data_update_set
                0x0800281c       0x38 Drivers/BSP/Components/lsm6dsl/lsm6dsl_reg.o
                0x0800281c                lsm6dsl_block_data_update_set
 .text.lsm6dsl_angular_rate_raw_get
                0x08002854        0xe Drivers/BSP/Components/lsm6dsl/lsm6dsl_reg.o
                0x08002854                lsm6dsl_angular_rate_raw_get
 .text.lsm6dsl_acceleration_raw_get
                0x08002862        0xe Drivers/BSP/Components/lsm6dsl/lsm6dsl_reg.o
                0x08002862                lsm6dsl_acceleration_raw_get
 .text.lsm6dsl_device_id_get
                0x08002870        0xe Drivers/BSP/Components/lsm6dsl/lsm6dsl_reg.o
                0x08002870                lsm6dsl_device_id_get
 .text.lsm6dsl_auto_increment_set
                0x0800287e       0x38 Drivers/BSP/Components/lsm6dsl/lsm6dsl_reg.o
                0x0800287e                lsm6dsl_auto_increment_set
 .text.lsm6dsl_fifo_mode_set
                0x080028b6       0x38 Drivers/BSP/Components/lsm6dsl/lsm6dsl_reg.o
                0x080028b6                lsm6dsl_fifo_mode_set
 *fill*         0x080028ee        0x2 
 .text.LSM6DSL_0_Probe
                0x080028f0      0x104 Drivers/BSP/IKS01A2/iks01a2_motion_sensors.o
 .text.LSM303AGR_ACC_0_Probe
                0x080029f4       0xec Drivers/BSP/IKS01A2/iks01a2_motion_sensors.o
 .text.LSM303AGR_MAG_0_Probe
                0x08002ae0       0xec Drivers/BSP/IKS01A2/iks01a2_motion_sensors.o
 .text.IKS01A2_MOTION_SENSOR_Init
                0x08002bcc      0x184 Drivers/BSP/IKS01A2/iks01a2_motion_sensors.o
                0x08002bcc                IKS01A2_MOTION_SENSOR_Init
 .text.IKS01A2_MOTION_SENSOR_GetAxes
                0x08002d50       0x60 Drivers/BSP/IKS01A2/iks01a2_motion_sensors.o
                0x08002d50                IKS01A2_MOTION_SENSOR_GetAxes
 .text.HAL_InitTick
                0x08002db0       0x48 Drivers/STM32F4xx_HAL_Driver/Src/stm32f4xx_hal.o
                0x08002db0                HAL_InitTick
 .text.HAL_Init
                0x08002df8       0x34 Drivers/STM32F4xx_HAL_Driver/Src/stm32f4xx_hal.o
                0x08002df8                HAL_Init
 .text.HAL_IncTick
                0x08002e2c       0x18 Drivers/STM32F4xx_HAL_Driver/Src/stm32f4xx_hal.o
                0x08002e2c                HAL_IncTick
 .text.HAL_GetTick
                0x08002e44        0xc Drivers/STM32F4xx_HAL_Driver/Src/stm32f4xx_hal.o
                0x08002e44                HAL_GetTick
 .text.HAL_Delay
                0x08002e50       0x28 Drivers/STM32F4xx_HAL_Driver/Src/stm32f4xx_hal.o
                0x08002e50                HAL_Delay
 .text.HAL_NVIC_SetPriorityGrouping
                0x08002e78       0x24 Drivers/STM32F4xx_HAL_Driver/Src/stm32f4xx_hal_cortex.o
                0x08002e78                HAL_NVIC_SetPriorityGrouping
 .text.HAL_NVIC_SetPriority
                0x08002e9c       0x68 Drivers/STM32F4xx_HAL_Driver/Src/stm32f4xx_hal_cortex.o
                0x08002e9c                HAL_NVIC_SetPriority
 .text.HAL_NVIC_EnableIRQ
                0x08002f04       0x1c Drivers/STM32F4xx_HAL_Driver/Src/stm32f4xx_hal_cortex.o
                0x08002f04                HAL_NVIC_EnableIRQ
 .text.HAL_SYSTICK_Config
                0x08002f20       0x2c Drivers/STM32F4xx_HAL_Driver/Src/stm32f4xx_hal_cortex.o
                0x08002f20                HAL_SYSTICK_Config
 .text.HAL_GPIO_Init
                0x08002f4c      0x1bc Drivers/STM32F4xx_HAL_Driver/Src/stm32f4xx_hal_gpio.o
                0x08002f4c                HAL_GPIO_Init
 .text.HAL_GPIO_DeInit
                0x08003108      0x11c Drivers/STM32F4xx_HAL_Driver/Src/stm32f4xx_hal_gpio.o
                0x08003108                HAL_GPIO_DeInit
 .text.HAL_GPIO_ReadPin
                0x08003224        0xe Drivers/STM32F4xx_HAL_Driver/Src/stm32f4xx_hal_gpio.o
                0x08003224                HAL_GPIO_ReadPin
 .text.HAL_GPIO_WritePin
                0x08003232        0xc Drivers/STM32F4xx_HAL_Driver/Src/stm32f4xx_hal_gpio.o
                0x08003232                HAL_GPIO_WritePin
 .text.HAL_GPIO_EXTI_Callback
                0x0800323e        0x2 Drivers/STM32F4xx_HAL_Driver/Src/stm32f4xx_hal_gpio.o
                0x0800323e                HAL_GPIO_EXTI_Callback
 .text.HAL_GPIO_EXTI_IRQHandler
                0x08003240       0x1c Drivers/STM32F4xx_HAL_Driver/Src/stm32f4xx_hal_gpio.o
                0x08003240                HAL_GPIO_EXTI_IRQHandler
 .text.I2C_IsAcknowledgeFailed
                0x0800325c       0x32 Drivers/STM32F4xx_HAL_Driver/Src/stm32f4xx_hal_i2c.o
 .text.I2C_WaitOnFlagUntilTimeout
                0x0800328e       0x70 Drivers/STM32F4xx_HAL_Driver/Src/stm32f4xx_hal_i2c.o
 .text.I2C_WaitOnMasterAddressFlagUntilTimeout
                0x080032fe       0xa4 Drivers/STM32F4xx_HAL_Driver/Src/stm32f4xx_hal_i2c.o
 .text.I2C_WaitOnTXEFlagUntilTimeout
                0x080033a2       0x54 Drivers/STM32F4xx_HAL_Driver/Src/stm32f4xx_hal_i2c.o
 *fill*         0x080033f6        0x2 
 .text.I2C_RequestMemoryWrite
                0x080033f8       0xdc Drivers/STM32F4xx_HAL_Driver/Src/stm32f4xx_hal_i2c.o
 .text.I2C_RequestMemoryRead
                0x080034d4      0x160 Drivers/STM32F4xx_HAL_Driver/Src/stm32f4xx_hal_i2c.o
 .text.I2C_WaitOnBTFFlagUntilTimeout
                0x08003634       0x54 Drivers/STM32F4xx_HAL_Driver/Src/stm32f4xx_hal_i2c.o
 .text.I2C_WaitOnRXNEFlagUntilTimeout
                0x08003688       0x6a Drivers/STM32F4xx_HAL_Driver/Src/stm32f4xx_hal_i2c.o
 .text.HAL_I2C_MspInit
                0x080036f2        0x2 Drivers/STM32F4xx_HAL_Driver/Src/stm32f4xx_hal_i2c.o
                0x080036f2                HAL_I2C_MspInit
 .text.HAL_I2C_Init
                0x080036f4      0x1b4 Drivers/STM32F4xx_HAL_Driver/Src/stm32f4xx_hal_i2c.o
                0x080036f4                HAL_I2C_Init
 .text.HAL_I2C_MspDeInit
                0x080038a8        0x2 Drivers/STM32F4xx_HAL_Driver/Src/stm32f4xx_hal_i2c.o
                0x080038a8                HAL_I2C_MspDeInit
 .text.HAL_I2C_DeInit
                0x080038aa       0x32 Drivers/STM32F4xx_HAL_Driver/Src/stm32f4xx_hal_i2c.o
                0x080038aa                HAL_I2C_DeInit
 .text.HAL_I2C_Mem_Write
                0x080038dc      0x168 Drivers/STM32F4xx_HAL_Driver/Src/stm32f4xx_hal_i2c.o
                0x080038dc                HAL_I2C_Mem_Write
 .text.HAL_I2C_Mem_Read
                0x08003a44      0x2d0 Drivers/STM32F4xx_HAL_Driver/Src/stm32f4xx_hal_i2c.o
                0x08003a44                HAL_I2C_Mem_Read
 .text.HAL_I2C_GetState
                0x08003d14        0x6 Drivers/STM32F4xx_HAL_Driver/Src/stm32f4xx_hal_i2c.o
                0x08003d14                HAL_I2C_GetState
 .text.HAL_I2C_GetError
                0x08003d1a        0x4 Drivers/STM32F4xx_HAL_Driver/Src/stm32f4xx_hal_i2c.o
                0x08003d1a                HAL_I2C_GetError
 *fill*         0x08003d1e        0x2 
 .text.HAL_RCC_ClockConfig
                0x08003d20      0x160 Drivers/STM32F4xx_HAL_Driver/Src/stm32f4xx_hal_rcc.o
                0x08003d20                HAL_RCC_ClockConfig
 .text.HAL_RCC_GetHCLKFreq
                0x08003e80        0xc Drivers/STM32F4xx_HAL_Driver/Src/stm32f4xx_hal_rcc.o
                0x08003e80                HAL_RCC_GetHCLKFreq
 .text.HAL_RCC_GetPCLK1Freq
                0x08003e8c       0x20 Drivers/STM32F4xx_HAL_Driver/Src/stm32f4xx_hal_rcc.o
                0x08003e8c                HAL_RCC_GetPCLK1Freq
 .text.HAL_RCC_GetPCLK2Freq
                0x08003eac       0x20 Drivers/STM32F4xx_HAL_Driver/Src/stm32f4xx_hal_rcc.o
                0x08003eac                HAL_RCC_GetPCLK2Freq
 .text.HAL_RCC_GetSysClockFreq
                0x08003ecc      0x124 Drivers/STM32F4xx_HAL_Driver/Src/stm32f4xx_hal_rcc_ex.o
                0x08003ecc                HAL_RCC_GetSysClockFreq
 .text.HAL_RCC_OscConfig
                0x08003ff0      0x3c4 Drivers/STM32F4xx_HAL_Driver/Src/stm32f4xx_hal_rcc_ex.o
                0x08003ff0                HAL_RCC_OscConfig
 .text.HAL_TIM_Base_Start_IT
                0x080043b4       0x22 Drivers/STM32F4xx_HAL_Driver/Src/stm32f4xx_hal_tim.o
                0x080043b4                HAL_TIM_Base_Start_IT
 .text.HAL_TIM_OC_DelayElapsedCallback
                0x080043d6        0x2 Drivers/STM32F4xx_HAL_Driver/Src/stm32f4xx_hal_tim.o
                0x080043d6                HAL_TIM_OC_DelayElapsedCallback
 .text.HAL_TIM_IC_CaptureCallback
                0x080043d8        0x2 Drivers/STM32F4xx_HAL_Driver/Src/stm32f4xx_hal_tim.o
                0x080043d8                HAL_TIM_IC_CaptureCallback
 .text.HAL_TIM_PWM_PulseFinishedCallback
                0x080043da        0x2 Drivers/STM32F4xx_HAL_Driver/Src/stm32f4xx_hal_tim.o
                0x080043da                HAL_TIM_PWM_PulseFinishedCallback
 .text.HAL_TIM_TriggerCallback
                0x080043dc        0x2 Drivers/STM32F4xx_HAL_Driver/Src/stm32f4xx_hal_tim.o
                0x080043dc                HAL_TIM_TriggerCallback
 .text.HAL_TIM_IRQHandler
                0x080043de      0x17a Drivers/STM32F4xx_HAL_Driver/Src/stm32f4xx_hal_tim.o
                0x080043de                HAL_TIM_IRQHandler
 .text.TIM_Base_SetConfig
                0x08004558       0xc8 Drivers/STM32F4xx_HAL_Driver/Src/stm32f4xx_hal_tim.o
                0x08004558                TIM_Base_SetConfig
 .text.HAL_TIM_Base_Init
                0x08004620       0x32 Drivers/STM32F4xx_HAL_Driver/Src/stm32f4xx_hal_tim.o
                0x08004620                HAL_TIM_Base_Init
 *fill*         0x08004652        0x2 
 .text.HAL_TIMEx_MasterConfigSynchronization
                0x08004654       0x88 Drivers/STM32F4xx_HAL_Driver/Src/stm32f4xx_hal_tim_ex.o
                0x08004654                HAL_TIMEx_MasterConfigSynchronization
 .text.HAL_TIMEx_CommutCallback
                0x080046dc        0x2 Drivers/STM32F4xx_HAL_Driver/Src/stm32f4xx_hal_tim_ex.o
                0x080046dc                HAL_TIMEx_CommutCallback
 .text.HAL_TIMEx_BreakCallback
                0x080046de        0x2 Drivers/STM32F4xx_HAL_Driver/Src/stm32f4xx_hal_tim_ex.o
                0x080046de                HAL_TIMEx_BreakCallback
 .text.UART_SetConfig
                0x080046e0      0x218 Drivers/STM32F4xx_HAL_Driver/Src/stm32f4xx_hal_uart.o
 .text.UART_WaitOnFlagUntilTimeout
                0x080048f8       0x62 Drivers/STM32F4xx_HAL_Driver/Src/stm32f4xx_hal_uart.o
 .text.HAL_UART_Init
                0x0800495a       0x5e Drivers/STM32F4xx_HAL_Driver/Src/stm32f4xx_hal_uart.o
                0x0800495a                HAL_UART_Init
 .text.HAL_UART_Transmit
                0x080049b8       0xe2 Drivers/STM32F4xx_HAL_Driver/Src/stm32f4xx_hal_uart.o
                0x080049b8                HAL_UART_Transmit
 .text.makeFreeRtosPriority
                0x08004a9a        0xc Middlewares/Third_Party/FreeRTOS/Source/CMSIS_RTOS/cmsis_os.o
 .text.osKernelStart
                0x08004aa6        0xa Middlewares/Third_Party/FreeRTOS/Source/CMSIS_RTOS/cmsis_os.o
                0x08004aa6                osKernelStart
 .text.osThreadCreate
                0x08004ab0       0x6c Middlewares/Third_Party/FreeRTOS/Source/CMSIS_RTOS/cmsis_os.o
                0x08004ab0                osThreadCreate
 .text.osDelay  0x08004b1c       0x12 Middlewares/Third_Party/FreeRTOS/Source/CMSIS_RTOS/cmsis_os.o
                0x08004b1c                osDelay
 .text.osMutexCreate
                0x08004b2e       0x16 Middlewares/Third_Party/FreeRTOS/Source/CMSIS_RTOS/cmsis_os.o
                0x08004b2e                osMutexCreate
 .text.vListInitialise
                0x08004b44       0x16 Middlewares/Third_Party/FreeRTOS/Source/list.o
                0x08004b44                vListInitialise
 .text.vListInitialiseItem
                0x08004b5a        0x6 Middlewares/Third_Party/FreeRTOS/Source/list.o
                0x08004b5a                vListInitialiseItem
 .text.vListInsertEnd
                0x08004b60       0x18 Middlewares/Third_Party/FreeRTOS/Source/list.o
                0x08004b60                vListInsertEnd
 .text.vListInsert
                0x08004b78       0x34 Middlewares/Third_Party/FreeRTOS/Source/list.o
                0x08004b78                vListInsert
 .text.uxListRemove
                0x08004bac       0x28 Middlewares/Third_Party/FreeRTOS/Source/list.o
                0x08004bac                uxListRemove
 .text.prvIsQueueFull
                0x08004bd4       0x1e Middlewares/Third_Party/FreeRTOS/Source/queue.o
 .text.prvCopyDataToQueue
                0x08004bf2       0x76 Middlewares/Third_Party/FreeRTOS/Source/queue.o
 .text.prvUnlockQueue
                0x08004c68       0x6e Middlewares/Third_Party/FreeRTOS/Source/queue.o
 *fill*         0x08004cd6        0x2 
 .text.xQueueGenericReset
                0x08004cd8       0x84 Middlewares/Third_Party/FreeRTOS/Source/queue.o
                0x08004cd8                xQueueGenericReset
 .text.prvInitialiseNewQueue
                0x08004d5c       0x1c Middlewares/Third_Party/FreeRTOS/Source/queue.o
 .text.xQueueGenericCreateStatic
                0x08004d78       0x92 Middlewares/Third_Party/FreeRTOS/Source/queue.o
                0x08004d78                xQueueGenericCreateStatic
 .text.xQueueGenericCreate
                0x08004e0a       0x4e Middlewares/Third_Party/FreeRTOS/Source/queue.o
                0x08004e0a                xQueueGenericCreate
 .text.xQueueGenericSend
                0x08004e58      0x17c Middlewares/Third_Party/FreeRTOS/Source/queue.o
                0x08004e58                xQueueGenericSend
 .text.prvInitialiseMutex
                0x08004fd4       0x18 Middlewares/Third_Party/FreeRTOS/Source/queue.o
 .text.xQueueCreateMutex
                0x08004fec       0x16 Middlewares/Third_Party/FreeRTOS/Source/queue.o
                0x08004fec                xQueueCreateMutex
 .text.xQueueCreateMutexStatic
                0x08005002       0x1e Middlewares/Third_Party/FreeRTOS/Source/queue.o
                0x08005002                xQueueCreateMutexStatic
 .text.prvResetNextTaskUnblockTime
                0x08005020       0x24 Middlewares/Third_Party/FreeRTOS/Source/tasks.o
 .text.prvInitialiseNewTask
                0x08005044       0x8c Middlewares/Third_Party/FreeRTOS/Source/tasks.o
 .text.prvInitialiseTaskLists
                0x080050d0       0x58 Middlewares/Third_Party/FreeRTOS/Source/tasks.o
 .text.prvAddNewTaskToReadyList
                0x08005128       0xac Middlewares/Third_Party/FreeRTOS/Source/tasks.o
 .text.prvDeleteTCB
                0x080051d4       0x38 Middlewares/Third_Party/FreeRTOS/Source/tasks.o
 .text.prvCheckTasksWaitingTermination
                0x0800520c       0x44 Middlewares/Third_Party/FreeRTOS/Source/tasks.o
 .text.prvIdleTask
                0x08005250       0x28 Middlewares/Third_Party/FreeRTOS/Source/tasks.o
 .text.prvAddCurrentTaskToDelayedList
                0x08005278       0x88 Middlewares/Third_Party/FreeRTOS/Source/tasks.o
 .text.xTaskCreateStatic
                0x08005300       0x74 Middlewares/Third_Party/FreeRTOS/Source/tasks.o
                0x08005300                xTaskCreateStatic
 .text.xTaskCreate
                0x08005374       0x66 Middlewares/Third_Party/FreeRTOS/Source/tasks.o
                0x08005374                xTaskCreate
 *fill*         0x080053da        0x2 
 .text.vTaskStartScheduler
                0x080053dc       0x64 Middlewares/Third_Party/FreeRTOS/Source/tasks.o
                0x080053dc                vTaskStartScheduler
 .text.vTaskSuspendAll
                0x08005440       0x14 Middlewares/Third_Party/FreeRTOS/Source/tasks.o
                0x08005440                vTaskSuspendAll
 .text.xTaskIncrementTick
                0x08005454      0x10c Middlewares/Third_Party/FreeRTOS/Source/tasks.o
                0x08005454                xTaskIncrementTick
 .text.xTaskResumeAll
                0x08005560       0xf0 Middlewares/Third_Party/FreeRTOS/Source/tasks.o
                0x08005560                xTaskResumeAll
 .text.vTaskDelay
                0x08005650       0x4c Middlewares/Third_Party/FreeRTOS/Source/tasks.o
                0x08005650                vTaskDelay
 .text.vTaskSwitchContext
                0x0800569c       0x90 Middlewares/Third_Party/FreeRTOS/Source/tasks.o
                0x0800569c                vTaskSwitchContext
 .text.vTaskPlaceOnEventList
                0x0800572c       0x34 Middlewares/Third_Party/FreeRTOS/Source/tasks.o
                0x0800572c                vTaskPlaceOnEventList
 .text.xTaskRemoveFromEventList
                0x08005760       0x84 Middlewares/Third_Party/FreeRTOS/Source/tasks.o
                0x08005760                xTaskRemoveFromEventList
 .text.vTaskInternalSetTimeOutState
                0x080057e4       0x14 Middlewares/Third_Party/FreeRTOS/Source/tasks.o
                0x080057e4                vTaskInternalSetTimeOutState
 .text.xTaskCheckForTimeOut
                0x080057f8       0x80 Middlewares/Third_Party/FreeRTOS/Source/tasks.o
                0x080057f8                xTaskCheckForTimeOut
 .text.vTaskMissedYield
                0x08005878       0x10 Middlewares/Third_Party/FreeRTOS/Source/tasks.o
                0x08005878                vTaskMissedYield
 .text.xTaskGetSchedulerState
                0x08005888       0x20 Middlewares/Third_Party/FreeRTOS/Source/tasks.o
                0x08005888                xTaskGetSchedulerState
 .text.xTaskPriorityDisinherit
                0x080058a8       0xb0 Middlewares/Third_Party/FreeRTOS/Source/tasks.o
                0x080058a8                xTaskPriorityDisinherit
 .text.prvTaskExitError
                0x08005958       0x40 Middlewares/Third_Party/FreeRTOS/Source/portable/GCC/ARM_CM4F/port.o
 .text.prvPortStartFirstTask
                0x08005998       0x28 Middlewares/Third_Party/FreeRTOS/Source/portable/GCC/ARM_CM4F/port.o
 .text.vPortEnableVFP
                0x080059c0       0x14 Middlewares/Third_Party/FreeRTOS/Source/portable/GCC/ARM_CM4F/port.o
 .text.pxPortInitialiseStack
                0x080059d4       0x2c Middlewares/Third_Party/FreeRTOS/Source/portable/GCC/ARM_CM4F/port.o
                0x080059d4                pxPortInitialiseStack
 .text.SVC_Handler
                0x08005a00       0x24 Middlewares/Third_Party/FreeRTOS/Source/portable/GCC/ARM_CM4F/port.o
                0x08005a00                SVC_Handler
 .text.vPortEnterCritical
                0x08005a24       0x44 Middlewares/Third_Party/FreeRTOS/Source/portable/GCC/ARM_CM4F/port.o
                0x08005a24                vPortEnterCritical
 .text.vPortExitCritical
                0x08005a68       0x2c Middlewares/Third_Party/FreeRTOS/Source/portable/GCC/ARM_CM4F/port.o
                0x08005a68                vPortExitCritical
 *fill*         0x08005a94        0xc 
 .text.PendSV_Handler
                0x08005aa0       0x64 Middlewares/Third_Party/FreeRTOS/Source/portable/GCC/ARM_CM4F/port.o
                0x08005aa0                PendSV_Handler
 .text.xPortSysTickHandler
                0x08005b04       0x2c Middlewares/Third_Party/FreeRTOS/Source/portable/GCC/ARM_CM4F/port.o
                0x08005b04                xPortSysTickHandler
 .text.vPortSetupTimerInterrupt
                0x08005b30       0x38 Middlewares/Third_Party/FreeRTOS/Source/portable/GCC/ARM_CM4F/port.o
                0x08005b30                vPortSetupTimerInterrupt
 .text.xPortStartScheduler
                0x08005b68      0x108 Middlewares/Third_Party/FreeRTOS/Source/portable/GCC/ARM_CM4F/port.o
                0x08005b68                xPortStartScheduler
 .text.prvHeapInit
                0x08005c70       0x4c Middlewares/Third_Party/FreeRTOS/Source/portable/MemMang/heap_4.o
 .text.prvInsertBlockIntoFreeList
                0x08005cbc       0x54 Middlewares/Third_Party/FreeRTOS/Source/portable/MemMang/heap_4.o
 .text.pvPortMalloc
                0x08005d10       0xf4 Middlewares/Third_Party/FreeRTOS/Source/portable/MemMang/heap_4.o
                0x08005d10                pvPortMalloc
 .text.vPortFree
                0x08005e04       0x6c Middlewares/Third_Party/FreeRTOS/Source/portable/MemMang/heap_4.o
                0x08005e04                vPortFree
 .text.Reset_Handler
                0x08005e70       0x50 startup/startup_stm32f446xx.o
                0x08005e70                Reset_Handler
 .text.Default_Handler
                0x08005ec0        0x2 startup/startup_stm32f446xx.o
                0x08005ec0                RTC_Alarm_IRQHandler
                0x08005ec0                EXTI2_IRQHandler
                0x08005ec0                TIM8_CC_IRQHandler
                0x08005ec0                FMPI2C1_EV_IRQHandler
                0x08005ec0                SPI4_IRQHandler
                0x08005ec0                TIM1_CC_IRQHandler
                0x08005ec0                DMA2_Stream5_IRQHandler
                0x08005ec0                DMA1_Stream5_IRQHandler
                0x08005ec0                PVD_IRQHandler
                0x08005ec0                SDIO_IRQHandler
                0x08005ec0                TAMP_STAMP_IRQHandler
                0x08005ec0                CAN2_RX1_IRQHandler
                0x08005ec0                EXTI3_IRQHandler
                0x08005ec0                TIM8_TRG_COM_TIM14_IRQHandler
                0x08005ec0                TIM1_UP_TIM10_IRQHandler
                0x08005ec0                TIM8_UP_TIM13_IRQHandler
                0x08005ec0                I2C3_ER_IRQHandler
                0x08005ec0                EXTI0_IRQHandler
                0x08005ec0                I2C2_EV_IRQHandler
                0x08005ec0                DMA1_Stream2_IRQHandler
                0x08005ec0                CAN1_RX0_IRQHandler
                0x08005ec0                FPU_IRQHandler
                0x08005ec0                OTG_HS_WKUP_IRQHandler
                0x08005ec0                CAN2_SCE_IRQHandler
                0x08005ec0                DMA2_Stream2_IRQHandler
                0x08005ec0                SPI1_IRQHandler
                0x08005ec0                TIM6_DAC_IRQHandler
                0x08005ec0                TIM1_BRK_TIM9_IRQHandler
                0x08005ec0                DCMI_IRQHandler
                0x08005ec0                CAN2_RX0_IRQHandler
                0x08005ec0                DMA2_Stream3_IRQHandler
                0x08005ec0                SAI2_IRQHandler
                0x08005ec0                USART6_IRQHandler
                0x08005ec0                USART3_IRQHandler
                0x08005ec0                CAN1_RX1_IRQHandler
                0x08005ec0                UART5_IRQHandler
                0x08005ec0                DMA2_Stream0_IRQHandler
                0x08005ec0                TIM4_IRQHandler
                0x08005ec0                QUADSPI_IRQHandler
                0x08005ec0                I2C1_EV_IRQHandler
                0x08005ec0                DMA1_Stream6_IRQHandler
                0x08005ec0                DMA1_Stream1_IRQHandler
                0x08005ec0                UART4_IRQHandler
                0x08005ec0                TIM3_IRQHandler
                0x08005ec0                RCC_IRQHandler
                0x08005ec0                TIM8_BRK_TIM12_IRQHandler
                0x08005ec0                Default_Handler
                0x08005ec0                CEC_IRQHandler
                0x08005ec0                ADC_IRQHandler
                0x08005ec0                DMA1_Stream7_IRQHandler
                0x08005ec0                CAN2_TX_IRQHandler
                0x08005ec0                TIM5_IRQHandler
                0x08005ec0                DMA2_Stream7_IRQHandler
                0x08005ec0                I2C3_EV_IRQHandler
                0x08005ec0                RTC_WKUP_IRQHandler
                0x08005ec0                SPDIF_RX_IRQHandler
                0x08005ec0                SPI2_IRQHandler
                0x08005ec0                OTG_HS_EP1_IN_IRQHandler
                0x08005ec0                DMA1_Stream0_IRQHandler
                0x08005ec0                CAN1_TX_IRQHandler
                0x08005ec0                FMPI2C1_ER_IRQHandler
                0x08005ec0                OTG_HS_EP1_OUT_IRQHandler
                0x08005ec0                WWDG_IRQHandler
                0x08005ec0                TIM2_IRQHandler
                0x08005ec0                OTG_FS_WKUP_IRQHandler
                0x08005ec0                TIM1_TRG_COM_TIM11_IRQHandler
                0x08005ec0                OTG_HS_IRQHandler
                0x08005ec0                EXTI1_IRQHandler
                0x08005ec0                USART2_IRQHandler
                0x08005ec0                I2C2_ER_IRQHandler
                0x08005ec0                DMA2_Stream1_IRQHandler
                0x08005ec0                CAN1_SCE_IRQHandler
                0x08005ec0                FLASH_IRQHandler
                0x08005ec0                DMA2_Stream4_IRQHandler
                0x08005ec0                USART1_IRQHandler
                0x08005ec0                OTG_FS_IRQHandler
                0x08005ec0                SPI3_IRQHandler
                0x08005ec0                DMA1_Stream4_IRQHandler
                0x08005ec0                I2C1_ER_IRQHandler
                0x08005ec0                FMC_IRQHandler
                0x08005ec0                DMA2_Stream6_IRQHandler
                0x08005ec0                SAI1_IRQHandler
                0x08005ec0                DMA1_Stream3_IRQHandler
 *fill*         0x08005ec2        0x2 
 .text.__errno  0x08005ec4        0xc c:/ac6/systemworkbench/plugins/fr.ac6.mcu.externaltools.arm-none.win32_1.17.0.201812190825/tools/compiler/bin/../lib/gcc/arm-none-eabi/7.3.1/../../../../arm-none-eabi/lib/thumb/v7e-m/fpv4-sp/hard\libc_nano.a(lib_a-errno.o)
                0x08005ec4                __errno
 .text.__libc_init_array
                0x08005ed0       0x48 c:/ac6/systemworkbench/plugins/fr.ac6.mcu.externaltools.arm-none.win32_1.17.0.201812190825/tools/compiler/bin/../lib/gcc/arm-none-eabi/7.3.1/../../../../arm-none-eabi/lib/thumb/v7e-m/fpv4-sp/hard\libc_nano.a(lib_a-init.o)
                0x08005ed0                __libc_init_array
 .text.memcpy   0x08005f18       0x16 c:/ac6/systemworkbench/plugins/fr.ac6.mcu.externaltools.arm-none.win32_1.17.0.201812190825/tools/compiler/bin/../lib/gcc/arm-none-eabi/7.3.1/../../../../arm-none-eabi/lib/thumb/v7e-m/fpv4-sp/hard\libc_nano.a(lib_a-memcpy-stub.o)
                0x08005f18                memcpy
 .text.memset   0x08005f2e       0x10 c:/ac6/systemworkbench/plugins/fr.ac6.mcu.externaltools.arm-none.win32_1.17.0.201812190825/tools/compiler/bin/../lib/gcc/arm-none-eabi/7.3.1/../../../../arm-none-eabi/lib/thumb/v7e-m/fpv4-sp/hard\libc_nano.a(lib_a-memset.o)
                0x08005f2e                memset
 *fill*         0x08005f3e        0x2 
 .text.snprintf
                0x08005f40       0x68 c:/ac6/systemworkbench/plugins/fr.ac6.mcu.externaltools.arm-none.win32_1.17.0.201812190825/tools/compiler/bin/../lib/gcc/arm-none-eabi/7.3.1/../../../../arm-none-eabi/lib/thumb/v7e-m/fpv4-sp/hard\libc_nano.a(lib_a-snprintf.o)
                0x08005f40                sniprintf
                0x08005f40                snprintf
 .text.__ssputs_r
                0x08005fa8       0xb4 c:/ac6/systemworkbench/plugins/fr.ac6.mcu.externaltools.arm-none.win32_1.17.0.201812190825/tools/compiler/bin/../lib/gcc/arm-none-eabi/7.3.1/../../../../arm-none-eabi/lib/thumb/v7e-m/fpv4-sp/hard\libc_nano.a(lib_a-nano-svfprintf.o)
                0x08005fa8                __ssputs_r
 .text._svfprintf_r
                0x0800605c      0x1f0 c:/ac6/systemworkbench/plugins/fr.ac6.mcu.externaltools.arm-none.win32_1.17.0.201812190825/tools/compiler/bin/../lib/gcc/arm-none-eabi/7.3.1/../../../../arm-none-eabi/lib/thumb/v7e-m/fpv4-sp/hard\libc_nano.a(lib_a-nano-svfprintf.o)
                0x0800605c                _svfiprintf_r
                0x0800605c                _svfprintf_r
 .text._printf_common
                0x0800624c       0xea c:/ac6/systemworkbench/plugins/fr.ac6.mcu.externaltools.arm-none.win32_1.17.0.201812190825/tools/compiler/bin/../lib/gcc/arm-none-eabi/7.3.1/../../../../arm-none-eabi/lib/thumb/v7e-m/fpv4-sp/hard\libc_nano.a(lib_a-nano-vfprintf_i.o)
                0x0800624c                _printf_common
 *fill*         0x08006336        0x2 
 .text._printf_i
                0x08006338      0x224 c:/ac6/systemworkbench/plugins/fr.ac6.mcu.externaltools.arm-none.win32_1.17.0.201812190825/tools/compiler/bin/../lib/gcc/arm-none-eabi/7.3.1/../../../../arm-none-eabi/lib/thumb/v7e-m/fpv4-sp/hard\libc_nano.a(lib_a-nano-vfprintf_i.o)
                0x08006338                _printf_i
 .text.memmove  0x0800655c       0x32 c:/ac6/systemworkbench/plugins/fr.ac6.mcu.externaltools.arm-none.win32_1.17.0.201812190825/tools/compiler/bin/../lib/gcc/arm-none-eabi/7.3.1/../../../../arm-none-eabi/lib/thumb/v7e-m/fpv4-sp/hard\libc_nano.a(lib_a-memmove.o)
                0x0800655c                memmove
 *fill*         0x0800658e        0x2 
 .text._free_r  0x08006590       0x9c c:/ac6/systemworkbench/plugins/fr.ac6.mcu.externaltools.arm-none.win32_1.17.0.201812190825/tools/compiler/bin/../lib/gcc/arm-none-eabi/7.3.1/../../../../arm-none-eabi/lib/thumb/v7e-m/fpv4-sp/hard\libc_nano.a(lib_a-nano-freer.o)
                0x08006590                _free_r
 .text._malloc_r
                0x0800662c       0xb4 c:/ac6/systemworkbench/plugins/fr.ac6.mcu.externaltools.arm-none.win32_1.17.0.201812190825/tools/compiler/bin/../lib/gcc/arm-none-eabi/7.3.1/../../../../arm-none-eabi/lib/thumb/v7e-m/fpv4-sp/hard\libc_nano.a(lib_a-nano-mallocr.o)
                0x0800662c                _malloc_r
 .text._realloc_r
                0x080066e0       0x4c c:/ac6/systemworkbench/plugins/fr.ac6.mcu.externaltools.arm-none.win32_1.17.0.201812190825/tools/compiler/bin/../lib/gcc/arm-none-eabi/7.3.1/../../../../arm-none-eabi/lib/thumb/v7e-m/fpv4-sp/hard\libc_nano.a(lib_a-nano-reallocr.o)
                0x080066e0                _realloc_r
 .text._sbrk_r  0x0800672c       0x20 c:/ac6/systemworkbench/plugins/fr.ac6.mcu.externaltools.arm-none.win32_1.17.0.201812190825/tools/compiler/bin/../lib/gcc/arm-none-eabi/7.3.1/../../../../arm-none-eabi/lib/thumb/v7e-m/fpv4-sp/hard\libc_nano.a(lib_a-sbrkr.o)
                0x0800672c                _sbrk_r
 .text.__malloc_lock
                0x0800674c        0x2 c:/ac6/systemworkbench/plugins/fr.ac6.mcu.externaltools.arm-none.win32_1.17.0.201812190825/tools/compiler/bin/../lib/gcc/arm-none-eabi/7.3.1/../../../../arm-none-eabi/lib/thumb/v7e-m/fpv4-sp/hard\libc_nano.a(lib_a-mlock.o)
                0x0800674c                __malloc_lock
 .text.__malloc_unlock
                0x0800674e        0x2 c:/ac6/systemworkbench/plugins/fr.ac6.mcu.externaltools.arm-none.win32_1.17.0.201812190825/tools/compiler/bin/../lib/gcc/arm-none-eabi/7.3.1/../../../../arm-none-eabi/lib/thumb/v7e-m/fpv4-sp/hard\libc_nano.a(lib_a-mlock.o)
                0x0800674e                __malloc_unlock
 .text._malloc_usable_size_r
                0x08006750       0x10 c:/ac6/systemworkbench/plugins/fr.ac6.mcu.externaltools.arm-none.win32_1.17.0.201812190825/tools/compiler/bin/../lib/gcc/arm-none-eabi/7.3.1/../../../../arm-none-eabi/lib/thumb/v7e-m/fpv4-sp/hard\libc_nano.a(lib_a-nano-msizer.o)
                0x08006750                _malloc_usable_size_r
 *(.glue_7)
 .glue_7        0x08006760        0x0 linker stubs
 *(.glue_7t)
 .glue_7t       0x08006760        0x0 linker stubs
 *(.eh_frame)
 .eh_frame      0x08006760        0x0 c:/ac6/systemworkbench/plugins/fr.ac6.mcu.externaltools.arm-none.win32_1.17.0.201812190825/tools/compiler/bin/../lib/gcc/arm-none-eabi/7.3.1/thumb/v7e-m/fpv4-sp/hard/crtbegin.o
 *(.init)
 .init          0x08006760        0x4 c:/ac6/systemworkbench/plugins/fr.ac6.mcu.externaltools.arm-none.win32_1.17.0.201812190825/tools/compiler/bin/../lib/gcc/arm-none-eabi/7.3.1/thumb/v7e-m/fpv4-sp/hard/crti.o
                0x08006760                _init
 .init          0x08006764        0x8 c:/ac6/systemworkbench/plugins/fr.ac6.mcu.externaltools.arm-none.win32_1.17.0.201812190825/tools/compiler/bin/../lib/gcc/arm-none-eabi/7.3.1/thumb/v7e-m/fpv4-sp/hard/crtn.o
 *(.fini)
 .fini          0x0800676c        0x4 c:/ac6/systemworkbench/plugins/fr.ac6.mcu.externaltools.arm-none.win32_1.17.0.201812190825/tools/compiler/bin/../lib/gcc/arm-none-eabi/7.3.1/thumb/v7e-m/fpv4-sp/hard/crti.o
                0x0800676c                _fini
 .fini          0x08006770        0x8 c:/ac6/systemworkbench/plugins/fr.ac6.mcu.externaltools.arm-none.win32_1.17.0.201812190825/tools/compiler/bin/../lib/gcc/arm-none-eabi/7.3.1/thumb/v7e-m/fpv4-sp/hard/crtn.o
                0x08006778                . = ALIGN (0x4)
                0x08006778                _etext = .

.vfp11_veneer   0x08006778        0x0
 .vfp11_veneer  0x08006778        0x0 linker stubs

.v4_bx          0x08006778        0x0
 .v4_bx         0x08006778        0x0 linker stubs

.iplt           0x08006778        0x0
 .iplt          0x08006778        0x0 c:/ac6/systemworkbench/plugins/fr.ac6.mcu.externaltools.arm-none.win32_1.17.0.201812190825/tools/compiler/bin/../lib/gcc/arm-none-eabi/7.3.1/thumb/v7e-m/fpv4-sp/hard/crtbegin.o

.rodata         0x08006778      0x208
                0x08006778                . = ALIGN (0x4)
 *(.rodata)
 .rodata        0x08006778       0x3c Core/Src/main.o
                0x080067b0                MAX_BUF_SIZE
 .rodata        0x080067b4       0x18 Core/Src/system_stm32f4xx.o
                0x080067b4                AHBPrescTable
                0x080067c4                APBPrescTable
 .rodata        0x080067cc       0x14 Drivers/BSP/IKS01A2/iks01a2_motion_sensors.o
 *(.rodata*)
 .rodata.str1.4
                0x080067e0      0x162 Core/Src/main.o
 *fill*         0x08006942        0x2 
 .rodata.str1.4
                0x08006944        0x8 Middlewares/Third_Party/FreeRTOS/Source/tasks.o
                                  0x5 (size before relaxing)
 .rodata._svfprintf_r.str1.1
                0x0800694c       0x11 c:/ac6/systemworkbench/plugins/fr.ac6.mcu.externaltools.arm-none.win32_1.17.0.201812190825/tools/compiler/bin/../lib/gcc/arm-none-eabi/7.3.1/../../../../arm-none-eabi/lib/thumb/v7e-m/fpv4-sp/hard\libc_nano.a(lib_a-nano-svfprintf.o)
 .rodata._printf_i.str1.1
                0x0800695d       0x22 c:/ac6/systemworkbench/plugins/fr.ac6.mcu.externaltools.arm-none.win32_1.17.0.201812190825/tools/compiler/bin/../lib/gcc/arm-none-eabi/7.3.1/../../../../arm-none-eabi/lib/thumb/v7e-m/fpv4-sp/hard\libc_nano.a(lib_a-nano-vfprintf_i.o)
                0x08006980                . = ALIGN (0x4)
 *fill*         0x0800697f        0x1 

.ARM.extab
 *(.ARM.extab* .gnu.linkonce.armextab.*)

.ARM            0x08006980        0x8
                0x08006980                __exidx_start = .
 *(.ARM.exidx*)
 .ARM.exidx     0x08006980        0x8 c:/ac6/systemworkbench/plugins/fr.ac6.mcu.externaltools.arm-none.win32_1.17.0.201812190825/tools/compiler/bin/../lib/gcc/arm-none-eabi/7.3.1/thumb/v7e-m/fpv4-sp/hard\libgcc.a(_udivmoddi4.o)
                0x08006988                __exidx_end = .

.rel.dyn        0x08006988        0x0
 .rel.iplt      0x08006988        0x0 c:/ac6/systemworkbench/plugins/fr.ac6.mcu.externaltools.arm-none.win32_1.17.0.201812190825/tools/compiler/bin/../lib/gcc/arm-none-eabi/7.3.1/thumb/v7e-m/fpv4-sp/hard/crtbegin.o

.preinit_array  0x08006988        0x0
                0x08006988                PROVIDE (__preinit_array_start = .)
 *(.preinit_array*)
                0x08006988                PROVIDE (__preinit_array_end = .)

.init_array     0x08006988        0x4
                0x08006988                PROVIDE (__init_array_start = .)
 *(SORT_BY_NAME(.init_array.*))
 *(.init_array*)
 .init_array    0x08006988        0x4 c:/ac6/systemworkbench/plugins/fr.ac6.mcu.externaltools.arm-none.win32_1.17.0.201812190825/tools/compiler/bin/../lib/gcc/arm-none-eabi/7.3.1/thumb/v7e-m/fpv4-sp/hard/crtbegin.o
                0x0800698c                PROVIDE (__init_array_end = .)

.fini_array     0x0800698c        0x4
                [!provide]                PROVIDE (__fini_array_start = .)
 *(SORT_BY_NAME(.fini_array.*))
 *(.fini_array*)
 .fini_array    0x0800698c        0x4 c:/ac6/systemworkbench/plugins/fr.ac6.mcu.externaltools.arm-none.win32_1.17.0.201812190825/tools/compiler/bin/../lib/gcc/arm-none-eabi/7.3.1/thumb/v7e-m/fpv4-sp/hard/crtbegin.o
                [!provide]                PROVIDE (__fini_array_end = .)
                0x08006990                _sidata = LOADADDR (.data)

.data           0x20000000      0x134 load address 0x08006990
                0x20000000                . = ALIGN (0x4)
                0x20000000                _sdata = .
 *(.data)
 .data          0x20000000        0x4 Core/Src/system_stm32f4xx.o
                0x20000000                SystemCoreClock
 .data          0x20000004       0x68 Drivers/BSP/Components/lsm303agr/lsm303agr.o
                0x20000004                LSM303AGR_MAG_Driver
                0x20000028                LSM303AGR_MAG_COMMON_Driver
                0x20000038                LSM303AGR_ACC_Driver
                0x2000005c                LSM303AGR_ACC_COMMON_Driver
 .data          0x2000006c       0x58 Drivers/BSP/Components/lsm6dsl/lsm6dsl.o
                0x2000006c                LSM6DSL_GYRO_Driver
                0x20000090                LSM6DSL_ACC_Driver
                0x200000b4                LSM6DSL_COMMON_Driver
 .data          0x200000c4        0x8 Drivers/STM32F4xx_HAL_Driver/Src/stm32f4xx_hal.o
                0x200000c4                uwTickFreq
                0x200000c8                uwTickPrio
 .data          0x200000cc        0x4 Middlewares/Third_Party/FreeRTOS/Source/portable/GCC/ARM_CM4F/port.o
 *(.data*)
 .data._impure_ptr
                0x200000d0        0x4 c:/ac6/systemworkbench/plugins/fr.ac6.mcu.externaltools.arm-none.win32_1.17.0.201812190825/tools/compiler/bin/../lib/gcc/arm-none-eabi/7.3.1/../../../../arm-none-eabi/lib/thumb/v7e-m/fpv4-sp/hard\libc_nano.a(lib_a-impure.o)
                0x200000d0                _impure_ptr
 .data.impure_data
                0x200000d4       0x60 c:/ac6/systemworkbench/plugins/fr.ac6.mcu.externaltools.arm-none.win32_1.17.0.201812190825/tools/compiler/bin/../lib/gcc/arm-none-eabi/7.3.1/../../../../arm-none-eabi/lib/thumb/v7e-m/fpv4-sp/hard\libc_nano.a(lib_a-impure.o)
                0x20000134                . = ALIGN (0x4)
                0x20000134                _edata = .

.igot.plt       0x20000134        0x0 load address 0x08006ac4
 .igot.plt      0x20000134        0x0 c:/ac6/systemworkbench/plugins/fr.ac6.mcu.externaltools.arm-none.win32_1.17.0.201812190825/tools/compiler/bin/../lib/gcc/arm-none-eabi/7.3.1/thumb/v7e-m/fpv4-sp/hard/crtbegin.o
                0x20000134                . = ALIGN (0x4)

.bss            0x20000134     0x41c8 load address 0x08006ac4
                0x20000134                _sbss = .
                0x20000134                __bss_start__ = _sbss
 *(.bss)
 .bss           0x20000134       0x1c c:/ac6/systemworkbench/plugins/fr.ac6.mcu.externaltools.arm-none.win32_1.17.0.201812190825/tools/compiler/bin/../lib/gcc/arm-none-eabi/7.3.1/thumb/v7e-m/fpv4-sp/hard/crtbegin.o
 .bss           0x20000150        0x4 Core/Src/custom_bus.o
 .bss           0x20000154      0x254 Core/Src/freertos.o
 .bss           0x200003a8        0x8 Core/Src/syscalls.o
                0x200003ac                __env
 .bss           0x200003b0       0xc4 Drivers/BSP/IKS01A2/iks01a2_motion_sensors.o
 .bss           0x20000474      0x128 Middlewares/Third_Party/FreeRTOS/Source/tasks.o
                0x20000574                pxCurrentTCB
 .bss           0x2000059c        0x8 Middlewares/Third_Party/FreeRTOS/Source/portable/GCC/ARM_CM4F/port.o
 .bss           0x200005a4     0x3c18 Middlewares/Third_Party/FreeRTOS/Source/portable/MemMang/heap_4.o
 *(.bss*)
 .bss.__malloc_free_list
                0x200041bc        0x4 c:/ac6/systemworkbench/plugins/fr.ac6.mcu.externaltools.arm-none.win32_1.17.0.201812190825/tools/compiler/bin/../lib/gcc/arm-none-eabi/7.3.1/../../../../arm-none-eabi/lib/thumb/v7e-m/fpv4-sp/hard\libc_nano.a(lib_a-nano-mallocr.o)
                0x200041bc                __malloc_free_list
 .bss.__malloc_sbrk_start
                0x200041c0        0x4 c:/ac6/systemworkbench/plugins/fr.ac6.mcu.externaltools.arm-none.win32_1.17.0.201812190825/tools/compiler/bin/../lib/gcc/arm-none-eabi/7.3.1/../../../../arm-none-eabi/lib/thumb/v7e-m/fpv4-sp/hard\libc_nano.a(lib_a-nano-mallocr.o)
                0x200041c0                __malloc_sbrk_start
 *(COMMON)
 COMMON         0x200041c4       0x54 Core/Src/custom_bus.o
                0x200041c4                hi2c1
 COMMON         0x20004218       0xcc Core/Src/main.o
                0x20004218                Task1Handle
                0x2000421c                huart1
                0x2000425c                uartMutexHandle
                0x20004260                Task2Handle
                0x20004264                huart2
                0x200042a4                htim7
 COMMON         0x200042e4        0x1 Core/Src/stm32f4xx_it.o
                0x200042e4                overflow_flag_tim7
 *fill*         0x200042e5        0x3 
 COMMON         0x200042e8        0xc Drivers/BSP/IKS01A2/iks01a2_motion_sensors.o
                0x200042e8                MotionCompObj
 COMMON         0x200042f4        0x4 Drivers/STM32F4xx_HAL_Driver/Src/stm32f4xx_hal.o
                0x200042f4                uwTick
 COMMON         0x200042f8        0x4 c:/ac6/systemworkbench/plugins/fr.ac6.mcu.externaltools.arm-none.win32_1.17.0.201812190825/tools/compiler/bin/../lib/gcc/arm-none-eabi/7.3.1/../../../../arm-none-eabi/lib/thumb/v7e-m/fpv4-sp/hard\libc_nano.a(lib_a-reent.o)
                0x200042f8                errno
                0x200042fc                . = ALIGN (0x4)
                0x200042fc                _ebss = .
                0x200042fc                __bss_end__ = _ebss

._user_heap_stack
                0x200042fc      0xc04 load address 0x08006ac4
                0x20004300                . = ALIGN (0x8)
 *fill*         0x200042fc        0x4 
                0x20004300                PROVIDE (end = .)
                [!provide]                PROVIDE (_end = .)
                0x20004700                . = (. + _Min_Heap_Size)
 *fill*         0x20004300      0x400 
                0x20004f00                . = (. + _Min_Stack_Size)
 *fill*         0x20004700      0x800 
                0x20004f00                . = ALIGN (0x8)

/DISCARD/
 libc.a(*)
 libm.a(*)
 libgcc.a(*)

.ARM.attributes
                0x00000000       0x30
 *(.ARM.attributes)
 .ARM.attributes
                0x00000000       0x22 c:/ac6/systemworkbench/plugins/fr.ac6.mcu.externaltools.arm-none.win32_1.17.0.201812190825/tools/compiler/bin/../lib/gcc/arm-none-eabi/7.3.1/thumb/v7e-m/fpv4-sp/hard/crti.o
 .ARM.attributes
                0x00000022       0x34 c:/ac6/systemworkbench/plugins/fr.ac6.mcu.externaltools.arm-none.win32_1.17.0.201812190825/tools/compiler/bin/../lib/gcc/arm-none-eabi/7.3.1/thumb/v7e-m/fpv4-sp/hard/crtbegin.o
 .ARM.attributes
                0x00000056       0x39 Core/Src/custom_bus.o
 .ARM.attributes
                0x0000008f       0x39 Core/Src/freertos.o
 .ARM.attributes
                0x000000c8       0x39 Core/Src/main.o
 .ARM.attributes
                0x00000101       0x39 Core/Src/stm32f4xx_hal_msp.o
 .ARM.attributes
                0x0000013a       0x39 Core/Src/stm32f4xx_it.o
 .ARM.attributes
                0x00000173       0x39 Core/Src/syscalls.o
 .ARM.attributes
                0x000001ac       0x39 Core/Src/system_stm32f4xx.o
 .ARM.attributes
                0x000001e5       0x39 Drivers/BSP/Components/lsm303agr/lsm303agr.o
 .ARM.attributes
                0x0000021e       0x39 Drivers/BSP/Components/lsm303agr/lsm303agr_reg.o
 .ARM.attributes
                0x00000257       0x39 Drivers/BSP/Components/lsm6dsl/lsm6dsl.o
 .ARM.attributes
                0x00000290       0x39 Drivers/BSP/Components/lsm6dsl/lsm6dsl_reg.o
 .ARM.attributes
                0x000002c9       0x39 Drivers/BSP/IKS01A2/iks01a2_motion_sensors.o
 .ARM.attributes
                0x00000302       0x39 Drivers/STM32F4xx_HAL_Driver/Src/stm32f4xx_hal.o
 .ARM.attributes
                0x0000033b       0x39 Drivers/STM32F4xx_HAL_Driver/Src/stm32f4xx_hal_cortex.o
 .ARM.attributes
                0x00000374       0x39 Drivers/STM32F4xx_HAL_Driver/Src/stm32f4xx_hal_gpio.o
 .ARM.attributes
                0x000003ad       0x39 Drivers/STM32F4xx_HAL_Driver/Src/stm32f4xx_hal_i2c.o
 .ARM.attributes
                0x000003e6       0x39 Drivers/STM32F4xx_HAL_Driver/Src/stm32f4xx_hal_rcc.o
 .ARM.attributes
                0x0000041f       0x39 Drivers/STM32F4xx_HAL_Driver/Src/stm32f4xx_hal_rcc_ex.o
 .ARM.attributes
                0x00000458       0x39 Drivers/STM32F4xx_HAL_Driver/Src/stm32f4xx_hal_tim.o
 .ARM.attributes
                0x00000491       0x39 Drivers/STM32F4xx_HAL_Driver/Src/stm32f4xx_hal_tim_ex.o
 .ARM.attributes
                0x000004ca       0x39 Drivers/STM32F4xx_HAL_Driver/Src/stm32f4xx_hal_uart.o
 .ARM.attributes
                0x00000503       0x39 Middlewares/Third_Party/FreeRTOS/Source/CMSIS_RTOS/cmsis_os.o
 .ARM.attributes
                0x0000053c       0x39 Middlewares/Third_Party/FreeRTOS/Source/list.o
 .ARM.attributes
                0x00000575       0x39 Middlewares/Third_Party/FreeRTOS/Source/queue.o
 .ARM.attributes
                0x000005ae       0x39 Middlewares/Third_Party/FreeRTOS/Source/tasks.o
 .ARM.attributes
                0x000005e7       0x39 Middlewares/Third_Party/FreeRTOS/Source/portable/GCC/ARM_CM4F/port.o
 .ARM.attributes
                0x00000620       0x39 Middlewares/Third_Party/FreeRTOS/Source/portable/MemMang/heap_4.o
 .ARM.attributes
                0x00000659       0x21 startup/startup_stm32f446xx.o
 .ARM.attributes
                0x0000067a       0x22 c:/ac6/systemworkbench/plugins/fr.ac6.mcu.externaltools.arm-none.win32_1.17.0.201812190825/tools/compiler/bin/../lib/gcc/arm-none-eabi/7.3.1/thumb/v7e-m/fpv4-sp/hard\libgcc.a(_aeabi_uldivmod.o)
 .ARM.attributes
                0x0000069c       0x34 c:/ac6/systemworkbench/plugins/fr.ac6.mcu.externaltools.arm-none.win32_1.17.0.201812190825/tools/compiler/bin/../lib/gcc/arm-none-eabi/7.3.1/thumb/v7e-m/fpv4-sp/hard\libgcc.a(_udivmoddi4.o)
 .ARM.attributes
                0x000006d0       0x22 c:/ac6/systemworkbench/plugins/fr.ac6.mcu.externaltools.arm-none.win32_1.17.0.201812190825/tools/compiler/bin/../lib/gcc/arm-none-eabi/7.3.1/thumb/v7e-m/fpv4-sp/hard\libgcc.a(_dvmd_tls.o)
 .ARM.attributes
                0x000006f2       0x34 c:/ac6/systemworkbench/plugins/fr.ac6.mcu.externaltools.arm-none.win32_1.17.0.201812190825/tools/compiler/bin/../lib/gcc/arm-none-eabi/7.3.1/../../../../arm-none-eabi/lib/thumb/v7e-m/fpv4-sp/hard\libc_nano.a(lib_a-errno.o)
 .ARM.attributes
                0x00000726       0x34 c:/ac6/systemworkbench/plugins/fr.ac6.mcu.externaltools.arm-none.win32_1.17.0.201812190825/tools/compiler/bin/../lib/gcc/arm-none-eabi/7.3.1/../../../../arm-none-eabi/lib/thumb/v7e-m/fpv4-sp/hard\libc_nano.a(lib_a-impure.o)
 .ARM.attributes
                0x0000075a       0x34 c:/ac6/systemworkbench/plugins/fr.ac6.mcu.externaltools.arm-none.win32_1.17.0.201812190825/tools/compiler/bin/../lib/gcc/arm-none-eabi/7.3.1/../../../../arm-none-eabi/lib/thumb/v7e-m/fpv4-sp/hard\libc_nano.a(lib_a-init.o)
 .ARM.attributes
                0x0000078e       0x34 c:/ac6/systemworkbench/plugins/fr.ac6.mcu.externaltools.arm-none.win32_1.17.0.201812190825/tools/compiler/bin/../lib/gcc/arm-none-eabi/7.3.1/../../../../arm-none-eabi/lib/thumb/v7e-m/fpv4-sp/hard\libc_nano.a(lib_a-memcpy-stub.o)
 .ARM.attributes
                0x000007c2       0x34 c:/ac6/systemworkbench/plugins/fr.ac6.mcu.externaltools.arm-none.win32_1.17.0.201812190825/tools/compiler/bin/../lib/gcc/arm-none-eabi/7.3.1/../../../../arm-none-eabi/lib/thumb/v7e-m/fpv4-sp/hard\libc_nano.a(lib_a-memset.o)
 .ARM.attributes
                0x000007f6       0x34 c:/ac6/systemworkbench/plugins/fr.ac6.mcu.externaltools.arm-none.win32_1.17.0.201812190825/tools/compiler/bin/../lib/gcc/arm-none-eabi/7.3.1/../../../../arm-none-eabi/lib/thumb/v7e-m/fpv4-sp/hard\libc_nano.a(lib_a-snprintf.o)
 .ARM.attributes
                0x0000082a       0x1b c:/ac6/systemworkbench/plugins/fr.ac6.mcu.externaltools.arm-none.win32_1.17.0.201812190825/tools/compiler/bin/../lib/gcc/arm-none-eabi/7.3.1/../../../../arm-none-eabi/lib/thumb/v7e-m/fpv4-sp/hard\libc_nano.a(lib_a-strlen.o)
 .ARM.attributes
                0x00000845       0x34 c:/ac6/systemworkbench/plugins/fr.ac6.mcu.externaltools.arm-none.win32_1.17.0.201812190825/tools/compiler/bin/../lib/gcc/arm-none-eabi/7.3.1/../../../../arm-none-eabi/lib/thumb/v7e-m/fpv4-sp/hard\libc_nano.a(lib_a-nano-svfprintf.o)
 .ARM.attributes
                0x00000879       0x34 c:/ac6/systemworkbench/plugins/fr.ac6.mcu.externaltools.arm-none.win32_1.17.0.201812190825/tools/compiler/bin/../lib/gcc/arm-none-eabi/7.3.1/../../../../arm-none-eabi/lib/thumb/v7e-m/fpv4-sp/hard\libc_nano.a(lib_a-nano-vfprintf_i.o)
 .ARM.attributes
                0x000008ad       0x20 c:/ac6/systemworkbench/plugins/fr.ac6.mcu.externaltools.arm-none.win32_1.17.0.201812190825/tools/compiler/bin/../lib/gcc/arm-none-eabi/7.3.1/../../../../arm-none-eabi/lib/thumb/v7e-m/fpv4-sp/hard\libc_nano.a(lib_a-memchr.o)
 .ARM.attributes
                0x000008cd       0x34 c:/ac6/systemworkbench/plugins/fr.ac6.mcu.externaltools.arm-none.win32_1.17.0.201812190825/tools/compiler/bin/../lib/gcc/arm-none-eabi/7.3.1/../../../../arm-none-eabi/lib/thumb/v7e-m/fpv4-sp/hard\libc_nano.a(lib_a-memmove.o)
 .ARM.attributes
                0x00000901       0x34 c:/ac6/systemworkbench/plugins/fr.ac6.mcu.externaltools.arm-none.win32_1.17.0.201812190825/tools/compiler/bin/../lib/gcc/arm-none-eabi/7.3.1/../../../../arm-none-eabi/lib/thumb/v7e-m/fpv4-sp/hard\libc_nano.a(lib_a-nano-freer.o)
 .ARM.attributes
                0x00000935       0x34 c:/ac6/systemworkbench/plugins/fr.ac6.mcu.externaltools.arm-none.win32_1.17.0.201812190825/tools/compiler/bin/../lib/gcc/arm-none-eabi/7.3.1/../../../../arm-none-eabi/lib/thumb/v7e-m/fpv4-sp/hard\libc_nano.a(lib_a-nano-mallocr.o)
 .ARM.attributes
                0x00000969       0x34 c:/ac6/systemworkbench/plugins/fr.ac6.mcu.externaltools.arm-none.win32_1.17.0.201812190825/tools/compiler/bin/../lib/gcc/arm-none-eabi/7.3.1/../../../../arm-none-eabi/lib/thumb/v7e-m/fpv4-sp/hard\libc_nano.a(lib_a-nano-reallocr.o)
 .ARM.attributes
                0x0000099d       0x34 c:/ac6/systemworkbench/plugins/fr.ac6.mcu.externaltools.arm-none.win32_1.17.0.201812190825/tools/compiler/bin/../lib/gcc/arm-none-eabi/7.3.1/../../../../arm-none-eabi/lib/thumb/v7e-m/fpv4-sp/hard\libc_nano.a(lib_a-sbrkr.o)
 .ARM.attributes
                0x000009d1       0x34 c:/ac6/systemworkbench/plugins/fr.ac6.mcu.externaltools.arm-none.win32_1.17.0.201812190825/tools/compiler/bin/../lib/gcc/arm-none-eabi/7.3.1/../../../../arm-none-eabi/lib/thumb/v7e-m/fpv4-sp/hard\libc_nano.a(lib_a-mlock.o)
 .ARM.attributes
                0x00000a05       0x34 c:/ac6/systemworkbench/plugins/fr.ac6.mcu.externaltools.arm-none.win32_1.17.0.201812190825/tools/compiler/bin/../lib/gcc/arm-none-eabi/7.3.1/../../../../arm-none-eabi/lib/thumb/v7e-m/fpv4-sp/hard\libc_nano.a(lib_a-nano-msizer.o)
 .ARM.attributes
                0x00000a39       0x34 c:/ac6/systemworkbench/plugins/fr.ac6.mcu.externaltools.arm-none.win32_1.17.0.201812190825/tools/compiler/bin/../lib/gcc/arm-none-eabi/7.3.1/../../../../arm-none-eabi/lib/thumb/v7e-m/fpv4-sp/hard\libc_nano.a(lib_a-reent.o)
 .ARM.attributes
                0x00000a6d       0x22 c:/ac6/systemworkbench/plugins/fr.ac6.mcu.externaltools.arm-none.win32_1.17.0.201812190825/tools/compiler/bin/../lib/gcc/arm-none-eabi/7.3.1/thumb/v7e-m/fpv4-sp/hard/crtn.o
OUTPUT(imu_mems_cube.elf elf32-littlearm)

.debug_info     0x00000000    0x3c67f
 .debug_info    0x00000000     0x1061 Core/Src/custom_bus.o
 .debug_info    0x00001061      0x341 Core/Src/freertos.o
 .debug_info    0x000013a2     0x3d36 Core/Src/main.o
 .debug_info    0x000050d8      0xfbb Core/Src/stm32f4xx_hal_msp.o
 .debug_info    0x00006093      0x7db Core/Src/stm32f4xx_it.o
 .debug_info    0x0000686e      0xfd3 Core/Src/syscalls.o
 .debug_info    0x00007841      0x58d Core/Src/system_stm32f4xx.o
 .debug_info    0x00007dce     0x23ef Drivers/BSP/Components/lsm303agr/lsm303agr.o
 .debug_info    0x0000a1bd     0x64ca Drivers/BSP/Components/lsm303agr/lsm303agr_reg.o
 .debug_info    0x00010687     0x6a53 Drivers/BSP/Components/lsm6dsl/lsm6dsl.o
 .debug_info    0x000170da     0xcabf Drivers/BSP/Components/lsm6dsl/lsm6dsl_reg.o
 .debug_info    0x00023b99     0x2642 Drivers/BSP/IKS01A2/iks01a2_motion_sensors.o
 .debug_info    0x000261db      0xa43 Drivers/STM32F4xx_HAL_Driver/Src/stm32f4xx_hal.o
 .debug_info    0x00026c1e      0xfaa Drivers/STM32F4xx_HAL_Driver/Src/stm32f4xx_hal_cortex.o
 .debug_info    0x00027bc8      0x810 Drivers/STM32F4xx_HAL_Driver/Src/stm32f4xx_hal_gpio.o
 .debug_info    0x000283d8     0x33e7 Drivers/STM32F4xx_HAL_Driver/Src/stm32f4xx_hal_i2c.o
 .debug_info    0x0002b7bf      0xad4 Drivers/STM32F4xx_HAL_Driver/Src/stm32f4xx_hal_rcc.o
 .debug_info    0x0002c293      0xc34 Drivers/STM32F4xx_HAL_Driver/Src/stm32f4xx_hal_rcc_ex.o
 .debug_info    0x0002cec7     0x31db Drivers/STM32F4xx_HAL_Driver/Src/stm32f4xx_hal_tim.o
 .debug_info    0x000300a2     0x14e9 Drivers/STM32F4xx_HAL_Driver/Src/stm32f4xx_hal_tim_ex.o
 .debug_info    0x0003158b     0x171d Drivers/STM32F4xx_HAL_Driver/Src/stm32f4xx_hal_uart.o
 .debug_info    0x00032ca8     0x2745 Middlewares/Third_Party/FreeRTOS/Source/CMSIS_RTOS/cmsis_os.o
 .debug_info    0x000353ed      0xad8 Middlewares/Third_Party/FreeRTOS/Source/list.o
 .debug_info    0x00035ec5     0x286a Middlewares/Third_Party/FreeRTOS/Source/queue.o
 .debug_info    0x0003872f     0x2d4e Middlewares/Third_Party/FreeRTOS/Source/tasks.o
 .debug_info    0x0003b47d      0x56f Middlewares/Third_Party/FreeRTOS/Source/portable/GCC/ARM_CM4F/port.o
 .debug_info    0x0003b9ec      0xc71 Middlewares/Third_Party/FreeRTOS/Source/portable/MemMang/heap_4.o
 .debug_info    0x0003c65d       0x22 startup/startup_stm32f446xx.o

.debug_abbrev   0x00000000     0x475a
 .debug_abbrev  0x00000000      0x268 Core/Src/custom_bus.o
 .debug_abbrev  0x00000268      0x109 Core/Src/freertos.o
 .debug_abbrev  0x00000371      0x3d7 Core/Src/main.o
 .debug_abbrev  0x00000748      0x1d4 Core/Src/stm32f4xx_hal_msp.o
 .debug_abbrev  0x0000091c      0x1b1 Core/Src/stm32f4xx_it.o
 .debug_abbrev  0x00000acd      0x2d4 Core/Src/syscalls.o
 .debug_abbrev  0x00000da1      0x12b Core/Src/system_stm32f4xx.o
 .debug_abbrev  0x00000ecc      0x36e Drivers/BSP/Components/lsm303agr/lsm303agr.o
 .debug_abbrev  0x0000123a      0x323 Drivers/BSP/Components/lsm303agr/lsm303agr_reg.o
 .debug_abbrev  0x0000155d      0x3b8 Drivers/BSP/Components/lsm6dsl/lsm6dsl.o
 .debug_abbrev  0x00001915      0x341 Drivers/BSP/Components/lsm6dsl/lsm6dsl_reg.o
 .debug_abbrev  0x00001c56      0x37d Drivers/BSP/IKS01A2/iks01a2_motion_sensors.o
 .debug_abbrev  0x00001fd3      0x1ed Drivers/STM32F4xx_HAL_Driver/Src/stm32f4xx_hal.o
 .debug_abbrev  0x000021c0      0x328 Drivers/STM32F4xx_HAL_Driver/Src/stm32f4xx_hal_cortex.o
 .debug_abbrev  0x000024e8      0x1e7 Drivers/STM32F4xx_HAL_Driver/Src/stm32f4xx_hal_gpio.o
 .debug_abbrev  0x000026cf      0x275 Drivers/STM32F4xx_HAL_Driver/Src/stm32f4xx_hal_i2c.o
 .debug_abbrev  0x00002944      0x273 Drivers/STM32F4xx_HAL_Driver/Src/stm32f4xx_hal_rcc.o
 .debug_abbrev  0x00002bb7      0x212 Drivers/STM32F4xx_HAL_Driver/Src/stm32f4xx_hal_rcc_ex.o
 .debug_abbrev  0x00002dc9      0x226 Drivers/STM32F4xx_HAL_Driver/Src/stm32f4xx_hal_tim.o
 .debug_abbrev  0x00002fef      0x237 Drivers/STM32F4xx_HAL_Driver/Src/stm32f4xx_hal_tim_ex.o
 .debug_abbrev  0x00003226      0x288 Drivers/STM32F4xx_HAL_Driver/Src/stm32f4xx_hal_uart.o
 .debug_abbrev  0x000034ae      0x3c3 Middlewares/Third_Party/FreeRTOS/Source/CMSIS_RTOS/cmsis_os.o
 .debug_abbrev  0x00003871      0x223 Middlewares/Third_Party/FreeRTOS/Source/list.o
 .debug_abbrev  0x00003a94      0x3ae Middlewares/Third_Party/FreeRTOS/Source/queue.o
 .debug_abbrev  0x00003e42      0x3b1 Middlewares/Third_Party/FreeRTOS/Source/tasks.o
 .debug_abbrev  0x000041f3      0x23d Middlewares/Third_Party/FreeRTOS/Source/portable/GCC/ARM_CM4F/port.o
 .debug_abbrev  0x00004430      0x318 Middlewares/Third_Party/FreeRTOS/Source/portable/MemMang/heap_4.o
 .debug_abbrev  0x00004748       0x12 startup/startup_stm32f446xx.o

.debug_loc      0x00000000    0x1c44b
 .debug_loc     0x00000000      0x577 Core/Src/custom_bus.o
 .debug_loc     0x00000577      0x53d Core/Src/main.o
 .debug_loc     0x00000ab4      0x101 Core/Src/stm32f4xx_hal_msp.o
 .debug_loc     0x00000bb5      0x3af Core/Src/syscalls.o
 .debug_loc     0x00000f64      0x13e Core/Src/system_stm32f4xx.o
 .debug_loc     0x000010a2     0x110a Drivers/BSP/Components/lsm303agr/lsm303agr.o
 .debug_loc     0x000021ac     0x2dc6 Drivers/BSP/Components/lsm303agr/lsm303agr_reg.o
 .debug_loc     0x00004f72     0x2055 Drivers/BSP/Components/lsm6dsl/lsm6dsl.o
 .debug_loc     0x00006fc7     0x5cd3 Drivers/BSP/Components/lsm6dsl/lsm6dsl_reg.o
 .debug_loc     0x0000cc9a      0x97a Drivers/BSP/IKS01A2/iks01a2_motion_sensors.o
 .debug_loc     0x0000d614      0x11b Drivers/STM32F4xx_HAL_Driver/Src/stm32f4xx_hal.o
 .debug_loc     0x0000d72f      0x5ce Drivers/STM32F4xx_HAL_Driver/Src/stm32f4xx_hal_cortex.o
 .debug_loc     0x0000dcfd      0x476 Drivers/STM32F4xx_HAL_Driver/Src/stm32f4xx_hal_gpio.o
 .debug_loc     0x0000e173     0x37ae Drivers/STM32F4xx_HAL_Driver/Src/stm32f4xx_hal_i2c.o
 .debug_loc     0x00011921      0x40f Drivers/STM32F4xx_HAL_Driver/Src/stm32f4xx_hal_rcc.o
 .debug_loc     0x00011d30      0xb5e Drivers/STM32F4xx_HAL_Driver/Src/stm32f4xx_hal_rcc_ex.o
 .debug_loc     0x0001288e     0x3888 Drivers/STM32F4xx_HAL_Driver/Src/stm32f4xx_hal_tim.o
 .debug_loc     0x00016116     0x11a0 Drivers/STM32F4xx_HAL_Driver/Src/stm32f4xx_hal_tim_ex.o
 .debug_loc     0x000172b6     0x1599 Drivers/STM32F4xx_HAL_Driver/Src/stm32f4xx_hal_uart.o
 .debug_loc     0x0001884f      0xf6b Middlewares/Third_Party/FreeRTOS/Source/CMSIS_RTOS/cmsis_os.o
 .debug_loc     0x000197ba       0x70 Middlewares/Third_Party/FreeRTOS/Source/list.o
 .debug_loc     0x0001982a     0x11b4 Middlewares/Third_Party/FreeRTOS/Source/queue.o
 .debug_loc     0x0001a9de     0x1700 Middlewares/Third_Party/FreeRTOS/Source/tasks.o
 .debug_loc     0x0001c0de       0xdc Middlewares/Third_Party/FreeRTOS/Source/portable/GCC/ARM_CM4F/port.o
 .debug_loc     0x0001c1ba      0x291 Middlewares/Third_Party/FreeRTOS/Source/portable/MemMang/heap_4.o

.debug_aranges  0x00000000     0x2680
 .debug_aranges
                0x00000000       0x80 Core/Src/custom_bus.o
 .debug_aranges
                0x00000080       0x20 Core/Src/freertos.o
 .debug_aranges
                0x000000a0       0x90 Core/Src/main.o
 .debug_aranges
                0x00000130       0x40 Core/Src/stm32f4xx_hal_msp.o
 .debug_aranges
                0x00000170       0x70 Core/Src/stm32f4xx_it.o
 .debug_aranges
                0x000001e0       0xb0 Core/Src/syscalls.o
 .debug_aranges
                0x00000290       0x28 Core/Src/system_stm32f4xx.o
 .debug_aranges
                0x000002b8      0x180 Drivers/BSP/Components/lsm303agr/lsm303agr.o
 .debug_aranges
                0x00000438      0x4e0 Drivers/BSP/Components/lsm303agr/lsm303agr_reg.o
 .debug_aranges
                0x00000918      0x2f0 Drivers/BSP/Components/lsm6dsl/lsm6dsl.o
 .debug_aranges
                0x00000c08      0x7c8 Drivers/BSP/Components/lsm6dsl/lsm6dsl_reg.o
 .debug_aranges
                0x000013d0       0x98 Drivers/BSP/IKS01A2/iks01a2_motion_sensors.o
 .debug_aranges
                0x00001468       0xf0 Drivers/STM32F4xx_HAL_Driver/Src/stm32f4xx_hal.o
 .debug_aranges
                0x00001558       0xa8 Drivers/STM32F4xx_HAL_Driver/Src/stm32f4xx_hal_cortex.o
 .debug_aranges
                0x00001600       0x58 Drivers/STM32F4xx_HAL_Driver/Src/stm32f4xx_hal_gpio.o
 .debug_aranges
                0x00001658      0x2a0 Drivers/STM32F4xx_HAL_Driver/Src/stm32f4xx_hal_i2c.o
 .debug_aranges
                0x000018f8       0x88 Drivers/STM32F4xx_HAL_Driver/Src/stm32f4xx_hal_rcc.o
 .debug_aranges
                0x00001980       0x78 Drivers/STM32F4xx_HAL_Driver/Src/stm32f4xx_hal_rcc_ex.o
 .debug_aranges
                0x000019f8      0x3a8 Drivers/STM32F4xx_HAL_Driver/Src/stm32f4xx_hal_tim.o
 .debug_aranges
                0x00001da0      0x150 Drivers/STM32F4xx_HAL_Driver/Src/stm32f4xx_hal_tim_ex.o
 .debug_aranges
                0x00001ef0      0x1d0 Drivers/STM32F4xx_HAL_Driver/Src/stm32f4xx_hal_uart.o
 .debug_aranges
                0x000020c0      0x1d8 Middlewares/Third_Party/FreeRTOS/Source/CMSIS_RTOS/cmsis_os.o
 .debug_aranges
                0x00002298       0x40 Middlewares/Third_Party/FreeRTOS/Source/list.o
 .debug_aranges
                0x000022d8      0x108 Middlewares/Third_Party/FreeRTOS/Source/queue.o
 .debug_aranges
                0x000023e0      0x1a8 Middlewares/Third_Party/FreeRTOS/Source/tasks.o
 .debug_aranges
                0x00002588       0x80 Middlewares/Third_Party/FreeRTOS/Source/portable/GCC/ARM_CM4F/port.o
 .debug_aranges
                0x00002608       0x50 Middlewares/Third_Party/FreeRTOS/Source/portable/MemMang/heap_4.o
 .debug_aranges
                0x00002658       0x28 startup/startup_stm32f446xx.o

.debug_ranges   0x00000000     0x26c8
 .debug_ranges  0x00000000       0x70 Core/Src/custom_bus.o
 .debug_ranges  0x00000070       0x10 Core/Src/freertos.o
 .debug_ranges  0x00000080       0x80 Core/Src/main.o
 .debug_ranges  0x00000100       0x30 Core/Src/stm32f4xx_hal_msp.o
 .debug_ranges  0x00000130       0x60 Core/Src/stm32f4xx_it.o
 .debug_ranges  0x00000190       0xa0 Core/Src/syscalls.o
 .debug_ranges  0x00000230       0x18 Core/Src/system_stm32f4xx.o
 .debug_ranges  0x00000248      0x170 Drivers/BSP/Components/lsm303agr/lsm303agr.o
 .debug_ranges  0x000003b8      0x4d0 Drivers/BSP/Components/lsm303agr/lsm303agr_reg.o
 .debug_ranges  0x00000888      0x2e0 Drivers/BSP/Components/lsm6dsl/lsm6dsl.o
 .debug_ranges  0x00000b68      0x7b8 Drivers/BSP/Components/lsm6dsl/lsm6dsl_reg.o
 .debug_ranges  0x00001320       0x88 Drivers/BSP/IKS01A2/iks01a2_motion_sensors.o
 .debug_ranges  0x000013a8       0xe0 Drivers/STM32F4xx_HAL_Driver/Src/stm32f4xx_hal.o
 .debug_ranges  0x00001488       0xf8 Drivers/STM32F4xx_HAL_Driver/Src/stm32f4xx_hal_cortex.o
 .debug_ranges  0x00001580       0x48 Drivers/STM32F4xx_HAL_Driver/Src/stm32f4xx_hal_gpio.o
 .debug_ranges  0x000015c8      0x2b0 Drivers/STM32F4xx_HAL_Driver/Src/stm32f4xx_hal_i2c.o
 .debug_ranges  0x00001878       0x90 Drivers/STM32F4xx_HAL_Driver/Src/stm32f4xx_hal_rcc.o
 .debug_ranges  0x00001908       0x80 Drivers/STM32F4xx_HAL_Driver/Src/stm32f4xx_hal_rcc_ex.o
 .debug_ranges  0x00001988      0x398 Drivers/STM32F4xx_HAL_Driver/Src/stm32f4xx_hal_tim.o
 .debug_ranges  0x00001d20      0x140 Drivers/STM32F4xx_HAL_Driver/Src/stm32f4xx_hal_tim_ex.o
 .debug_ranges  0x00001e60      0x1c0 Drivers/STM32F4xx_HAL_Driver/Src/stm32f4xx_hal_uart.o
 .debug_ranges  0x00002020      0x1c8 Middlewares/Third_Party/FreeRTOS/Source/CMSIS_RTOS/cmsis_os.o
 .debug_ranges  0x000021e8       0x30 Middlewares/Third_Party/FreeRTOS/Source/list.o
 .debug_ranges  0x00002218      0x1d8 Middlewares/Third_Party/FreeRTOS/Source/queue.o
 .debug_ranges  0x000023f0      0x208 Middlewares/Third_Party/FreeRTOS/Source/tasks.o
 .debug_ranges  0x000025f8       0x70 Middlewares/Third_Party/FreeRTOS/Source/portable/GCC/ARM_CM4F/port.o