Archive member included to satisfy reference by file (symbol)

c:/ac6/systemworkbench/plugins/fr.ac6.mcu.externaltools.arm-none.win32_1.17.0.201812190825/tools/compiler/bin/../lib/gcc/arm-none-eabi/7.3.1/thumb/v7e-m/fpv4-sp/hard\libgcc.a(_arm_addsubdf3.o)
                              Core/Src/main.o (__aeabi_f2d)
c:/ac6/systemworkbench/plugins/fr.ac6.mcu.externaltools.arm-none.win32_1.17.0.201812190825/tools/compiler/bin/../lib/gcc/arm-none-eabi/7.3.1/thumb/v7e-m/fpv4-sp/hard\libgcc.a(_aeabi_uldivmod.o)
                              Drivers/STM32F4xx_HAL_Driver/Src/stm32f4xx_hal_rcc.o (__aeabi_uldivmod)
c:/ac6/systemworkbench/plugins/fr.ac6.mcu.externaltools.arm-none.win32_1.17.0.201812190825/tools/compiler/bin/../lib/gcc/arm-none-eabi/7.3.1/thumb/v7e-m/fpv4-sp/hard\libgcc.a(_udivmoddi4.o)
                              c:/ac6/systemworkbench/plugins/fr.ac6.mcu.externaltools.arm-none.win32_1.17.0.201812190825/tools/compiler/bin/../lib/gcc/arm-none-eabi/7.3.1/thumb/v7e-m/fpv4-sp/hard\libgcc.a(_aeabi_uldivmod.o) (__udivmoddi4)
c:/ac6/systemworkbench/plugins/fr.ac6.mcu.externaltools.arm-none.win32_1.17.0.201812190825/tools/compiler/bin/../lib/gcc/arm-none-eabi/7.3.1/thumb/v7e-m/fpv4-sp/hard\libgcc.a(_dvmd_tls.o)
                              c:/ac6/systemworkbench/plugins/fr.ac6.mcu.externaltools.arm-none.win32_1.17.0.201812190825/tools/compiler/bin/../lib/gcc/arm-none-eabi/7.3.1/thumb/v7e-m/fpv4-sp/hard\libgcc.a(_aeabi_uldivmod.o) (__aeabi_ldiv0)
c:/ac6/systemworkbench/plugins/fr.ac6.mcu.externaltools.arm-none.win32_1.17.0.201812190825/tools/compiler/bin/../lib/gcc/arm-none-eabi/7.3.1/../../../../arm-none-eabi/lib/thumb/v7e-m/fpv4-sp/hard\libc_nano.a(lib_a-errno.o)
                              Core/Src/syscalls.o (__errno)
c:/ac6/systemworkbench/plugins/fr.ac6.mcu.externaltools.arm-none.win32_1.17.0.201812190825/tools/compiler/bin/../lib/gcc/arm-none-eabi/7.3.1/../../../../arm-none-eabi/lib/thumb/v7e-m/fpv4-sp/hard\libc_nano.a(lib_a-exit.o)
                              c:/ac6/systemworkbench/plugins/fr.ac6.mcu.externaltools.arm-none.win32_1.17.0.201812190825/tools/compiler/bin/../lib/gcc/arm-none-eabi/7.3.1/../../../../arm-none-eabi/lib/thumb/v7e-m/fpv4-sp/hard/crt0.o (exit)
c:/ac6/systemworkbench/plugins/fr.ac6.mcu.externaltools.arm-none.win32_1.17.0.201812190825/tools/compiler/bin/../lib/gcc/arm-none-eabi/7.3.1/../../../../arm-none-eabi/lib/thumb/v7e-m/fpv4-sp/hard\libc_nano.a(lib_a-impure.o)
                              c:/ac6/systemworkbench/plugins/fr.ac6.mcu.externaltools.arm-none.win32_1.17.0.201812190825/tools/compiler/bin/../lib/gcc/arm-none-eabi/7.3.1/../../../../arm-none-eabi/lib/thumb/v7e-m/fpv4-sp/hard\libc_nano.a(lib_a-exit.o) (_global_impure_ptr)
c:/ac6/systemworkbench/plugins/fr.ac6.mcu.externaltools.arm-none.win32_1.17.0.201812190825/tools/compiler/bin/../lib/gcc/arm-none-eabi/7.3.1/../../../../arm-none-eabi/lib/thumb/v7e-m/fpv4-sp/hard\libc_nano.a(lib_a-init.o)
                              c:/ac6/systemworkbench/plugins/fr.ac6.mcu.externaltools.arm-none.win32_1.17.0.201812190825/tools/compiler/bin/../lib/gcc/arm-none-eabi/7.3.1/../../../../arm-none-eabi/lib/thumb/v7e-m/fpv4-sp/hard/crt0.o (__libc_init_array)
c:/ac6/systemworkbench/plugins/fr.ac6.mcu.externaltools.arm-none.win32_1.17.0.201812190825/tools/compiler/bin/../lib/gcc/arm-none-eabi/7.3.1/../../../../arm-none-eabi/lib/thumb/v7e-m/fpv4-sp/hard\libc_nano.a(lib_a-memcpy-stub.o)
                              Middlewares/Third_Party/FreeRTOS/Source/queue.o (memcpy)
c:/ac6/systemworkbench/plugins/fr.ac6.mcu.externaltools.arm-none.win32_1.17.0.201812190825/tools/compiler/bin/../lib/gcc/arm-none-eabi/7.3.1/../../../../arm-none-eabi/lib/thumb/v7e-m/fpv4-sp/hard\libc_nano.a(lib_a-memset.o)
                              c:/ac6/systemworkbench/plugins/fr.ac6.mcu.externaltools.arm-none.win32_1.17.0.201812190825/tools/compiler/bin/../lib/gcc/arm-none-eabi/7.3.1/../../../../arm-none-eabi/lib/thumb/v7e-m/fpv4-sp/hard/crt0.o (memset)
c:/ac6/systemworkbench/plugins/fr.ac6.mcu.externaltools.arm-none.win32_1.17.0.201812190825/tools/compiler/bin/../lib/gcc/arm-none-eabi/7.3.1/../../../../arm-none-eabi/lib/thumb/v7e-m/fpv4-sp/hard\libc_nano.a(lib_a-nano-vfprintf_float.o)
                              (_printf_float)
c:/ac6/systemworkbench/plugins/fr.ac6.mcu.externaltools.arm-none.win32_1.17.0.201812190825/tools/compiler/bin/../lib/gcc/arm-none-eabi/7.3.1/../../../../arm-none-eabi/lib/thumb/v7e-m/fpv4-sp/hard\libc_nano.a(lib_a-nano-vfprintf_i.o)
                              c:/ac6/systemworkbench/plugins/fr.ac6.mcu.externaltools.arm-none.win32_1.17.0.201812190825/tools/compiler/bin/../lib/gcc/arm-none-eabi/7.3.1/../../../../arm-none-eabi/lib/thumb/v7e-m/fpv4-sp/hard\libc_nano.a(lib_a-nano-vfprintf_float.o) (_printf_common)
[...]
Memory Configuration

Name             Origin             Length             Attributes
RAM              0x20000000         0x00020000         xrw
FLASH            0x08000000         0x00080000         xr
*default*        0x00000000         0xffffffff

Linker script and memory map

LOAD c:/ac6/systemworkbench/plugins/fr.ac6.mcu.externaltools.arm-none.win32_1.17.0.201812190825/tools/compiler/bin/../lib/gcc/arm-none-eabi/7.3.1/thumb/v7e-m/fpv4-sp/hard/crti.o
LOAD c:/ac6/systemworkbench/plugins/fr.ac6.mcu.externaltools.arm-none.win32_1.17.0.201812190825/tools/compiler/bin/../lib/gcc/arm-none-eabi/7.3.1/thumb/v7e-m/fpv4-sp/hard/crtbegin.o
LOAD c:/ac6/systemworkbench/plugins/fr.ac6.mcu.externaltools.arm-none.win32_1.17.0.201812190825/tools/compiler/bin/../lib/gcc/arm-none-eabi/7.3.1/../../../../arm-none-eabi/lib/thumb/v7e-m/fpv4-sp/hard/crt0.o
LOAD Core/Src/custom_bus.o
LOAD Core/Src/freertos.o
LOAD Core/Src/main.o
LOAD Core/Src/stm32f4xx_hal_msp.o
LOAD Core/Src/stm32f4xx_it.o
LOAD Core/Src/syscalls.o
LOAD Core/Src/system_stm32f4xx.o
LOAD Drivers/BSP/Components/hts221/hts221.o
LOAD Drivers/BSP/Components/hts221/hts221_reg.o
LOAD Drivers/BSP/Components/lps22hb/lps22hb.o
LOAD Drivers/BSP/Components/lps22hb/lps22hb_reg.o
LOAD Drivers/BSP/Components/lsm303agr/lsm303agr.o
LOAD Drivers/BSP/Components/lsm303agr/lsm303agr_reg.o
LOAD Drivers/BSP/Components/lsm6dsl/lsm6dsl.o
LOAD Drivers/BSP/Components/lsm6dsl/lsm6dsl_reg.o
LOAD Drivers/BSP/IKS01A2/iks01a2_env_sensors.o
LOAD Drivers/BSP/IKS01A2/iks01a2_env_sensors_ex.o
LOAD Drivers/BSP/IKS01A2/iks01a2_motion_sensors.o
LOAD Drivers/BSP/IKS01A2/iks01a2_motion_sensors_ex.o
LOAD Drivers/BSP/custom/custom.o
LOAD Drivers/STM32F4xx_HAL_Driver/Src/stm32f4xx_hal.o
LOAD Drivers/STM32F4xx_HAL_Driver/Src/stm32f4xx_hal_cortex.o
LOAD Drivers/STM32F4xx_HAL_Driver/Src/stm32f4xx_hal_dma.o
LOAD Drivers/STM32F4xx_HAL_Driver/Src/stm32f4xx_hal_dma_ex.o
LOAD Drivers/STM32F4xx_HAL_Driver/Src/stm32f4xx_hal_exti.o
LOAD Drivers/STM32F4xx_HAL_Driver/Src/stm32f4xx_hal_flash.o
LOAD Drivers/STM32F4xx_HAL_Driver/Src/stm32f4xx_hal_flash_ex.o
LOAD Drivers/STM32F4xx_HAL_Driver/Src/stm32f4xx_hal_flash_ramfunc.o
LOAD Drivers/STM32F4xx_HAL_Driver/Src/stm32f4xx_hal_gpio.o
LOAD Drivers/STM32F4xx_HAL_Driver/Src/stm32f4xx_hal_i2c.o
LOAD Drivers/STM32F4xx_HAL_Driver/Src/stm32f4xx_hal_i2c_ex.o
LOAD Drivers/STM32F4xx_HAL_Driver/Src/stm32f4xx_hal_pwr.o
LOAD Drivers/STM32F4xx_HAL_Driver/Src/stm32f4xx_hal_pwr_ex.o
LOAD Drivers/STM32F4xx_HAL_Driver/Src/stm32f4xx_hal_rcc.o
LOAD Drivers/STM32F4xx_HAL_Driver/Src/stm32f4xx_hal_rcc_ex.o
LOAD Drivers/STM32F4xx_HAL_Driver/Src/stm32f4xx_hal_tim.o
LOAD Drivers/STM32F4xx_HAL_Driver/Src/stm32f4xx_hal_tim_ex.o
LOAD Drivers/STM32F4xx_HAL_Driver/Src/stm32f4xx_hal_uart.o
LOAD Middlewares/Third_Party/FreeRTOS/Source/CMSIS_RTOS/cmsis_os.o
LOAD Middlewares/Third_Party/FreeRTOS/Source/croutine.o
LOAD Middlewares/Third_Party/FreeRTOS/Source/event_groups.o
LOAD Middlewares/Third_Party/FreeRTOS/Source/list.o
LOAD Middlewares/Third_Party/FreeRTOS/Source/queue.o
LOAD Middlewares/Third_Party/FreeRTOS/Source/stream_buffer.o
LOAD Middlewares/Third_Party/FreeRTOS/Source/tasks.o
LOAD Middlewares/Third_Party/FreeRTOS/Source/timers.o
LOAD Middlewares/Third_Party/FreeRTOS/Source/portable/GCC/ARM_CM4F/port.o
LOAD Middlewares/Third_Party/FreeRTOS/Source/portable/MemMang/heap_4.o
LOAD startup/startup_stm32f446xx.o
LOAD c:/ac6/systemworkbench/plugins/fr.ac6.mcu.externaltools.arm-none.win32_1.17.0.201812190825/tools/compiler/bin/../lib/gcc/arm-none-eabi/7.3.1/../../../../arm-none-eabi/lib/thumb/v7e-m/fpv4-sp/hard\libm.a
START GROUP
LOAD c:/ac6/systemworkbench/plugins/fr.ac6.mcu.externaltools.arm-none.win32_1.17.0.201812190825/tools/compiler/bin/../lib/gcc/arm-none-eabi/7.3.1/thumb/v7e-m/fpv4-sp/hard\libgcc.a
LOAD c:/ac6/systemworkbench/plugins/fr.ac6.mcu.externaltools.arm-none.win32_1.17.0.201812190825/tools/compiler/bin/../lib/gcc/arm-none-eabi/7.3.1/../../../../arm-none-eabi/lib/thumb/v7e-m/fpv4-sp/hard\libc_nano.a
END GROUP
START GROUP
LOAD c:/ac6/systemworkbench/plugins/fr.ac6.mcu.externaltools.arm-none.win32_1.17.0.201812190825/tools/compiler/bin/../lib/gcc/arm-none-eabi/7.3.1/thumb/v7e-m/fpv4-sp/hard\libgcc.a
LOAD c:/ac6/systemworkbench/plugins/fr.ac6.mcu.externaltools.arm-none.win32_1.17.0.201812190825/tools/compiler/bin/../lib/gcc/arm-none-eabi/7.3.1/../../../../arm-none-eabi/lib/thumb/v7e-m/fpv4-sp/hard\libc_nano.a
LOAD c:/ac6/systemworkbench/plugins/fr.ac6.mcu.externaltools.arm-none.win32_1.17.0.201812190825/tools/compiler/bin/../lib/gcc/arm-none-eabi/7.3.1/../../../../arm-none-eabi/lib/thumb/v7e-m/fpv4-sp/hard\libnosys.a
END GROUP
START GROUP
LOAD c:/ac6/systemworkbench/plugins/fr.ac6.mcu.externaltools.arm-none.win32_1.17.0.201812190825/tools/compiler/bin/../lib/gcc/arm-none-eabi/7.3.1/thumb/v7e-m/fpv4-sp/hard\libgcc.a
LOAD c:/ac6/systemworkbench/plugins/fr.ac6.mcu.externaltools.arm-none.win32_1.17.0.201812190825/tools/compiler/bin/../lib/gcc/arm-none-eabi/7.3.1/../../../../arm-none-eabi/lib/thumb/v7e-m/fpv4-sp/hard\libc_nano.a
LOAD c:/ac6/systemworkbench/plugins/fr.ac6.mcu.externaltools.arm-none.win32_1.17.0.201812190825/tools/compiler/bin/../lib/gcc/arm-none-eabi/7.3.1/../../../../arm-none-eabi/lib/thumb/v7e-m/fpv4-sp/hard\libnosys.a
END GROUP
LOAD c:/ac6/systemworkbench/plugins/fr.ac6.mcu.externaltools.arm-none.win32_1.17.0.201812190825/tools/compiler/bin/../lib/gcc/arm-none-eabi/7.3.1/thumb/v7e-m/fpv4-sp/hard/crtend.o
LOAD c:/ac6/systemworkbench/plugins/fr.ac6.mcu.externaltools.arm-none.win32_1.17.0.201812190825/tools/compiler/bin/../lib/gcc/arm-none-eabi/7.3.1/thumb/v7e-m/fpv4-sp/hard/crtn.o
                0x20020000                _estack = 0x20020000
                0x00000400                _Min_Heap_Size = 0x400
                0x00000800                _Min_Stack_Size = 0x800

.isr_vector     0x08000000      0x1c4
                0x08000000                . = ALIGN (0x4)
 *(.isr_vector)
 .isr_vector    0x08000000      0x1c4 startup/startup_stm32f446xx.o
                0x08000000                g_pfnVectors
                0x080001c4                . = ALIGN (0x4)

.text           0x080001d0     0x87a4
                0x080001d0                . = ALIGN (0x4)
 *(.text)
 .text          0x080001d0       0x40 c:/ac6/systemworkbench/plugins/fr.ac6.mcu.externaltools.arm-none.win32_1.17.0.201812190825/tools/compiler/bin/../lib/gcc/arm-none-eabi/7.3.1/thumb/v7e-m/fpv4-sp/hard/crtbegin.o
 .text          0x08000210      0x378 c:/ac6/systemworkbench/plugins/fr.ac6.mcu.externaltools.arm-none.win32_1.17.0.201812190825/tools/compiler/bin/../lib/gcc/arm-none-eabi/7.3.1/thumb/v7e-m/fpv4-sp/hard\libgcc.a(_arm_addsubdf3.o)
                0x08000210                __aeabi_drsub
                0x08000218                __aeabi_dsub
                0x08000218                __subdf3
                0x0800021c                __aeabi_dadd
                0x0800021c                __adddf3
                0x08000494                __floatunsidf
                0x08000494                __aeabi_ui2d
                0x080004b4                __floatsidf
                0x080004b4                __aeabi_i2d
                0x080004d8                __aeabi_f2d
                0x080004d8                __extendsfdf2
                0x0800051c                __floatundidf
                0x0800051c                __aeabi_ul2d
                0x0800052c                __floatdidf
                0x0800052c                __aeabi_l2d
 .text          0x08000588       0x30 c:/ac6/systemworkbench/plugins/fr.ac6.mcu.externaltools.arm-none.win32_1.17.0.201812190825/tools/compiler/bin/../lib/gcc/arm-none-eabi/7.3.1/thumb/v7e-m/fpv4-sp/hard\libgcc.a(_aeabi_uldivmod.o)
                0x08000588                __aeabi_uldivmod
 .text          0x080005b8      0x2cc c:/ac6/systemworkbench/plugins/fr.ac6.mcu.externaltools.arm-none.win32_1.17.0.201812190825/tools/compiler/bin/../lib/gcc/arm-none-eabi/7.3.1/thumb/v7e-m/fpv4-sp/hard\libgcc.a(_udivmoddi4.o)
                0x080005b8                __udivmoddi4
 .text          0x08000884        0x4 c:/ac6/systemworkbench/plugins/fr.ac6.mcu.externaltools.arm-none.win32_1.17.0.201812190825/tools/compiler/bin/../lib/gcc/arm-none-eabi/7.3.1/thumb/v7e-m/fpv4-sp/hard\libgcc.a(_dvmd_tls.o)
                0x08000884                __aeabi_idiv0
                0x08000884                __aeabi_ldiv0
 .text          0x08000888       0x10 c:/ac6/systemworkbench/plugins/fr.ac6.mcu.externaltools.arm-none.win32_1.17.0.201812190825/tools/compiler/bin/../lib/gcc/arm-none-eabi/7.3.1/../../../../arm-none-eabi/lib/thumb/v7e-m/fpv4-sp/hard\libc_nano.a(lib_a-strlen.o)
                0x08000888                strlen
 *fill*         0x08000898        0x8 
 .text          0x080008a0       0xa0 c:/ac6/systemworkbench/plugins/fr.ac6.mcu.externaltools.arm-none.win32_1.17.0.201812190825/tools/compiler/bin/../lib/gcc/arm-none-eabi/7.3.1/../../../../arm-none-eabi/lib/thumb/v7e-m/fpv4-sp/hard\libc_nano.a(lib_a-memchr.o)
                0x080008a0                memchr
 .text          0x08000940      0x424 c:/ac6/systemworkbench/plugins/fr.ac6.mcu.externaltools.arm-none.win32_1.17.0.201812190825/tools/compiler/bin/../lib/gcc/arm-none-eabi/7.3.1/thumb/v7e-m/fpv4-sp/hard\libgcc.a(_arm_muldivdf3.o)
                0x08000940                __aeabi_dmul
                0x08000940                __muldf3
                0x08000b94                __divdf3
                0x08000b94                __aeabi_ddiv
 .text          0x08000d64      0x110 c:/ac6/systemworkbench/plugins/fr.ac6.mcu.externaltools.arm-none.win32_1.17.0.201812190825/tools/compiler/bin/../lib/gcc/arm-none-eabi/7.3.1/thumb/v7e-m/fpv4-sp/hard\libgcc.a(_arm_cmpdf2.o)
                0x08000d64                __gtdf2
                0x08000d64                __gedf2
                0x08000d6c                __ltdf2
                0x08000d6c                __ledf2
                0x08000d74                __nedf2
                0x08000d74                __eqdf2
                0x08000d74                __cmpdf2
                0x08000df0                __aeabi_cdrcmple
                0x08000e00                __aeabi_cdcmpeq
                0x08000e00                __aeabi_cdcmple
                0x08000e10                __aeabi_dcmpeq
                0x08000e24                __aeabi_dcmplt
                0x08000e38                __aeabi_dcmple
                0x08000e4c                __aeabi_dcmpge
                0x08000e60                __aeabi_dcmpgt
 .text          0x08000e74       0x2c c:/ac6/systemworkbench/plugins/fr.ac6.mcu.externaltools.arm-none.win32_1.17.0.201812190825/tools/compiler/bin/../lib/gcc/arm-none-eabi/7.3.1/thumb/v7e-m/fpv4-sp/hard\libgcc.a(_arm_unorddf2.o)
                0x08000e74                __unorddf2
                0x08000e74                __aeabi_dcmpun
 .text          0x08000ea0       0x50 c:/ac6/systemworkbench/plugins/fr.ac6.mcu.externaltools.arm-none.win32_1.17.0.201812190825/tools/compiler/bin/../lib/gcc/arm-none-eabi/7.3.1/thumb/v7e-m/fpv4-sp/hard\libgcc.a(_arm_fixdfsi.o)
                0x08000ea0                __aeabi_d2iz
                0x08000ea0                __fixdfsi
 *(.text*)
 .text.I2C1_MspInit
                0x08000ef0       0x88 Core/Src/custom_bus.o
 .text.I2C1_MspDeInit
                0x08000f78       0x2c Core/Src/custom_bus.o
 .text.BSP_I2C1_DeInit
                0x08000fa4       0x38 Core/Src/custom_bus.o
                0x08000fa4                BSP_I2C1_DeInit
 .text.BSP_I2C1_WriteReg
                0x08000fdc       0x3c Core/Src/custom_bus.o
                0x08000fdc                BSP_I2C1_WriteReg
 .text.BSP_I2C1_ReadReg
                0x08001018       0x3c Core/Src/custom_bus.o
                0x08001018                BSP_I2C1_ReadReg
 .text.BSP_GetTick
                0x08001054        0x8 Core/Src/custom_bus.o
                0x08001054                BSP_GetTick
 .text.MX_I2C1_Init
                0x0800105c       0x34 Core/Src/custom_bus.o
                0x0800105c                MX_I2C1_Init
 .text.BSP_I2C1_Init
                0x08001090       0x48 Core/Src/custom_bus.o
                0x08001090                BSP_I2C1_Init
 .text.vApplicationGetIdleTaskMemory
                0x080010d8       0x14 Core/Src/freertos.o
                0x080010d8                vApplicationGetIdleTaskMemory
 .text.MX_GPIO_Init
                0x080010ec       0xdc Core/Src/main.o
 .text.MX_USART1_UART_Init
                0x080011c8       0x2c Core/Src/main.o
 .text.MX_USART2_UART_Init
                0x080011f4       0x2c Core/Src/main.o
 .text.MX_TIM7_Init
                0x08001220       0x40 Core/Src/main.o
 .text.Thread1  0x08001260       0x28 Core/Src/main.o
                0x08001260                Thread1
 .text.Thread2  0x08001288        0xc Core/Src/main.o
                0x08001288                Thread2
 .text.Init_Motion_Sensors
                0x08001294       0x1c Core/Src/main.o
                0x08001294                Init_Motion_Sensors
 .text.Read_Accelero_Sensor
                0x080012b0       0xbc Core/Src/main.o
                0x080012b0                Read_Accelero_Sensor
 .text.HAL_TIM_PeriodElapsedCallback
                0x0800136c       0x24 Core/Src/main.o
                0x0800136c                HAL_TIM_PeriodElapsedCallback
 .text.SystemClock_Config
                0x08001390       0x80 Core/Src/main.o
                0x08001390                SystemClock_Config
 .text.main     0x08001410       0xbc Core/Src/main.o
                0x08001410                main
 .text.HAL_MspInit
                0x080014cc       0x38 Core/Src/stm32f4xx_hal_msp.o
                0x080014cc                HAL_MspInit
 .text.HAL_TIM_Base_MspInit
                0x08001504       0x40 Core/Src/stm32f4xx_hal_msp.o
                0x08001504                HAL_TIM_Base_MspInit
 .text.HAL_UART_MspInit
                0x08001544       0xc4 Core/Src/stm32f4xx_hal_msp.o
                0x08001544                HAL_UART_MspInit
 .text.NMI_Handler
                0x08001608        0x2 Core/Src/stm32f4xx_it.o
                0x08001608                NMI_Handler
 .text.HardFault_Handler
                0x0800160a        0x2 Core/Src/stm32f4xx_it.o
                0x0800160a                HardFault_Handler
 .text.MemManage_Handler
                0x0800160c        0x2 Core/Src/stm32f4xx_it.o
                0x0800160c                MemManage_Handler
 .text.BusFault_Handler
                0x0800160e        0x2 Core/Src/stm32f4xx_it.o
                0x0800160e                BusFault_Handler
 .text.UsageFault_Handler
                0x08001610        0x2 Core/Src/stm32f4xx_it.o
                0x08001610                UsageFault_Handler
 .text.DebugMon_Handler
                0x08001612        0x2 Core/Src/stm32f4xx_it.o
                0x08001612                DebugMon_Handler
 .text.SysTick_Handler
                0x08001614       0x14 Core/Src/stm32f4xx_it.o
                0x08001614                SysTick_Handler
 .text.EXTI4_IRQHandler
                0x08001628        0xa Core/Src/stm32f4xx_it.o
                0x08001628                EXTI4_IRQHandler
 .text.EXTI9_5_IRQHandler
                0x08001632        0xa Core/Src/stm32f4xx_it.o
                0x08001632                EXTI9_5_IRQHandler
 .text.EXTI15_10_IRQHandler
                0x0800163c        0xc Core/Src/stm32f4xx_it.o
                0x0800163c                EXTI15_10_IRQHandler
 .text.TIM7_IRQHandler
                0x08001648       0x24 Core/Src/stm32f4xx_it.o
                0x08001648                TIM7_IRQHandler
 .text._sbrk    0x0800166c       0x3c Core/Src/syscalls.o
                0x0800166c                _sbrk
 .text.SystemInit
                0x080016a8       0x1c Core/Src/system_stm32f4xx.o
                0x080016a8                SystemInit
 .text.LSM303AGR_ACC_GetCapabilities
                0x080016c4       0x24 Drivers/BSP/Components/lsm303agr/lsm303agr.o
                0x080016c4                LSM303AGR_ACC_GetCapabilities
 .text.LSM303AGR_MAG_GetCapabilities
                0x080016e8       0x24 Drivers/BSP/Components/lsm303agr/lsm303agr.o
                0x080016e8                LSM303AGR_MAG_GetCapabilities
 .text.LSM303AGR_MAG_GetSensitivity
                0x0800170c        0xa Drivers/BSP/Components/lsm303agr/lsm303agr.o
                0x0800170c                LSM303AGR_MAG_GetSensitivity
 .text.LSM303AGR_MAG_GetFullScale
                0x08001716        0x8 Drivers/BSP/Components/lsm303agr/lsm303agr.o
                0x08001716                LSM303AGR_MAG_GetFullScale
 .text.LSM303AGR_MAG_SetFullScale
                0x0800171e        0x4 Drivers/BSP/Components/lsm303agr/lsm303agr.o
                0x0800171e                LSM303AGR_MAG_SetFullScale
 *fill*         0x08001722        0x2 
 .text.LSM303AGR_ACC_SetOutputDataRate_When_Disabled
                0x08001724       0x84 Drivers/BSP/Components/lsm303agr/lsm303agr.o
 .text.ReadAccRegWrap
                0x080017a8       0x1e Drivers/BSP/Components/lsm303agr/lsm303agr.o
 .text.WriteAccRegWrap
                0x080017c6       0x1e Drivers/BSP/Components/lsm303agr/lsm303agr.o
 .text.ReadMagRegWrap
                0x080017e4       0x1e Drivers/BSP/Components/lsm303agr/lsm303agr.o
 .text.WriteMagRegWrap
                0x08001802       0x1e Drivers/BSP/Components/lsm303agr/lsm303agr.o
 .text.LSM303AGR_ACC_Enable
                0x08001820       0x30 Drivers/BSP/Components/lsm303agr/lsm303agr.o
                0x08001820                LSM303AGR_ACC_Enable
 .text.LSM303AGR_ACC_SetOutputDataRate_When_Enabled
                0x08001850       0x90 Drivers/BSP/Components/lsm303agr/lsm303agr.o
 .text.LSM303AGR_ACC_SetOutputDataRate
                0x080018e0       0x16 Drivers/BSP/Components/lsm303agr/lsm303agr.o
                0x080018e0                LSM303AGR_ACC_SetOutputDataRate
 .text.LSM303AGR_ACC_Init
                0x080018f6       0x5a Drivers/BSP/Components/lsm303agr/lsm303agr.o
                0x080018f6                LSM303AGR_ACC_Init
 .text.LSM303AGR_ACC_SetFullScale
                0x08001950       0x30 Drivers/BSP/Components/lsm303agr/lsm303agr.o
                0x08001950                LSM303AGR_ACC_SetFullScale
 .text.LSM303AGR_ACC_ReadID
                0x08001980       0x16 Drivers/BSP/Components/lsm303agr/lsm303agr.o
                0x08001980                LSM303AGR_ACC_ReadID
 .text.LSM303AGR_ACC_Disable
                0x08001996       0x40 Drivers/BSP/Components/lsm303agr/lsm303agr.o
                0x08001996                LSM303AGR_ACC_Disable
 .text.LSM303AGR_ACC_DeInit
                0x080019d6       0x20 Drivers/BSP/Components/lsm303agr/lsm303agr.o
                0x080019d6                LSM303AGR_ACC_DeInit
 *fill*         0x080019f6        0x2 
 .text.LSM303AGR_ACC_GetOutputDataRate
                0x080019f8      0x114 Drivers/BSP/Components/lsm303agr/lsm303agr.o
                0x080019f8                LSM303AGR_ACC_GetOutputDataRate
 .text.LSM303AGR_ACC_GetSensitivityHR
                0x08001b0c       0x5c Drivers/BSP/Components/lsm303agr/lsm303agr.o
 .text.LSM303AGR_ACC_GetSensitivityNM
                0x08001b68       0x5c Drivers/BSP/Components/lsm303agr/lsm303agr.o
 .text.LSM303AGR_ACC_GetSensitivityLP
                0x08001bc4       0x5c Drivers/BSP/Components/lsm303agr/lsm303agr.o
 .text.LSM303AGR_ACC_GetSensitivity
                0x08001c20       0x6e Drivers/BSP/Components/lsm303agr/lsm303agr.o
                0x08001c20                LSM303AGR_ACC_GetSensitivity
 .text.LSM303AGR_ACC_GetFullScale
                0x08001c8e       0x4c Drivers/BSP/Components/lsm303agr/lsm303agr.o
                0x08001c8e                LSM303AGR_ACC_GetFullScale
 .text.LSM303AGR_ACC_GetAxesRaw
                0x08001cda       0x72 Drivers/BSP/Components/lsm303agr/lsm303agr.o
                0x08001cda                LSM303AGR_ACC_GetAxesRaw
 .text.LSM303AGR_ACC_GetAxes
                0x08001d4c       0x7e Drivers/BSP/Components/lsm303agr/lsm303agr.o
                0x08001d4c                LSM303AGR_ACC_GetAxes
 .text.LSM303AGR_MAG_Enable
                0x08001dca       0x2e Drivers/BSP/Components/lsm303agr/lsm303agr.o
                0x08001dca                LSM303AGR_MAG_Enable
 .text.LSM303AGR_MAG_Disable
                0x08001df8       0x2c Drivers/BSP/Components/lsm303agr/lsm303agr.o
                0x08001df8                LSM303AGR_MAG_Disable
 .text.LSM303AGR_MAG_DeInit
                0x08001e24       0x1c Drivers/BSP/Components/lsm303agr/lsm303agr.o
                0x08001e24                LSM303AGR_MAG_DeInit
 .text.LSM303AGR_MAG_SetOutputDataRate
                0x08001e40       0x54 Drivers/BSP/Components/lsm303agr/lsm303agr.o
                0x08001e40                LSM303AGR_MAG_SetOutputDataRate
 .text.LSM303AGR_MAG_Init
                0x08001e94       0x54 Drivers/BSP/Components/lsm303agr/lsm303agr.o
                0x08001e94                LSM303AGR_MAG_Init
 .text.LSM303AGR_MAG_ReadID
                0x08001ee8       0x16 Drivers/BSP/Components/lsm303agr/lsm303agr.o
                0x08001ee8                LSM303AGR_MAG_ReadID
 *fill*         0x08001efe        0x2 
 .text.LSM303AGR_MAG_GetOutputDataRate
                0x08001f00       0x5c Drivers/BSP/Components/lsm303agr/lsm303agr.o
                0x08001f00                LSM303AGR_MAG_GetOutputDataRate
 .text.LSM303AGR_MAG_GetAxesRaw
                0x08001f5c       0x30 Drivers/BSP/Components/lsm303agr/lsm303agr.o
                0x08001f5c                LSM303AGR_MAG_GetAxesRaw
 .text.LSM303AGR_MAG_GetAxes
                0x08001f8c       0x74 Drivers/BSP/Components/lsm303agr/lsm303agr.o
                0x08001f8c                LSM303AGR_MAG_GetAxes
 .text.LSM303AGR_ACC_Write_Reg
                0x08002000       0x24 Drivers/BSP/Components/lsm303agr/lsm303agr.o
                0x08002000                LSM303AGR_ACC_Write_Reg
 .text.LSM303AGR_ACC_RegisterBusIO
                0x08002024       0x7c Drivers/BSP/Components/lsm303agr/lsm303agr.o
                0x08002024                LSM303AGR_ACC_RegisterBusIO
 .text.LSM303AGR_MAG_RegisterBusIO
                0x080020a0       0x78 Drivers/BSP/Components/lsm303agr/lsm303agr.o
                0x080020a0                LSM303AGR_MAG_RegisterBusIO
 .text.lsm303agr_read_reg
                0x08002118        0xa Drivers/BSP/Components/lsm303agr/lsm303agr_reg.o
                0x08002118                lsm303agr_read_reg
 .text.lsm303agr_write_reg
                0x08002122        0xa Drivers/BSP/Components/lsm303agr/lsm303agr_reg.o
                0x08002122                lsm303agr_write_reg
 .text.lsm303agr_xl_operating_mode_get
                0x0800212c       0x50 Drivers/BSP/Components/lsm303agr/lsm303agr_reg.o
                0x0800212c                lsm303agr_xl_operating_mode_get
 .text.lsm303agr_xl_data_rate_set
                0x0800217c       0x38 Drivers/BSP/Components/lsm303agr/lsm303agr_reg.o
                0x0800217c                lsm303agr_xl_data_rate_set
 .text.lsm303agr_xl_data_rate_get
                0x080021b4       0x6c Drivers/BSP/Components/lsm303agr/lsm303agr_reg.o
                0x080021b4                lsm303agr_xl_data_rate_get
 .text.lsm303agr_xl_full_scale_set
                0x08002220       0x38 Drivers/BSP/Components/lsm303agr/lsm303agr_reg.o
                0x08002220                lsm303agr_xl_full_scale_set
 .text.lsm303agr_xl_full_scale_get
                0x08002258       0x44 Drivers/BSP/Components/lsm303agr/lsm303agr_reg.o
                0x08002258                lsm303agr_xl_full_scale_get
 .text.lsm303agr_xl_block_data_update_set
                0x0800229c       0x38 Drivers/BSP/Components/lsm303agr/lsm303agr_reg.o
                0x0800229c                lsm303agr_xl_block_data_update_set
 .text.lsm303agr_acceleration_raw_get
                0x080022d4        0xe Drivers/BSP/Components/lsm303agr/lsm303agr_reg.o
                0x080022d4                lsm303agr_acceleration_raw_get
 .text.lsm303agr_mag_operating_mode_set
                0x080022e2       0x38 Drivers/BSP/Components/lsm303agr/lsm303agr_reg.o
                0x080022e2                lsm303agr_mag_operating_mode_set
 .text.lsm303agr_mag_data_rate_set
                0x0800231a       0x38 Drivers/BSP/Components/lsm303agr/lsm303agr_reg.o
                0x0800231a                lsm303agr_mag_data_rate_set
 .text.lsm303agr_mag_data_rate_get
                0x08002352       0x44 Drivers/BSP/Components/lsm303agr/lsm303agr_reg.o
                0x08002352                lsm303agr_mag_data_rate_get
 .text.lsm303agr_mag_block_data_update_set
                0x08002396       0x38 Drivers/BSP/Components/lsm303agr/lsm303agr_reg.o
                0x08002396                lsm303agr_mag_block_data_update_set
 .text.lsm303agr_magnetic_raw_get
                0x080023ce        0xe Drivers/BSP/Components/lsm303agr/lsm303agr_reg.o
                0x080023ce                lsm303agr_magnetic_raw_get
 .text.lsm303agr_xl_device_id_get
                0x080023dc        0xe Drivers/BSP/Components/lsm303agr/lsm303agr_reg.o
                0x080023dc                lsm303agr_xl_device_id_get
 .text.lsm303agr_mag_device_id_get
                0x080023ea        0xe Drivers/BSP/Components/lsm303agr/lsm303agr_reg.o
                0x080023ea                lsm303agr_mag_device_id_get
 .text.lsm303agr_mag_self_test_set
                0x080023f8       0x38 Drivers/BSP/Components/lsm303agr/lsm303agr_reg.o
                0x080023f8                lsm303agr_mag_self_test_set
 .text.lsm303agr_xl_fifo_mode_set
                0x08002430       0x38 Drivers/BSP/Components/lsm303agr/lsm303agr_reg.o
                0x08002430                lsm303agr_xl_fifo_mode_set
 .text.lsm303agr_mag_i2c_interface_set
                0x08002468       0x38 Drivers/BSP/Components/lsm303agr/lsm303agr_reg.o
                0x08002468                lsm303agr_mag_i2c_interface_set
 .text.LSM6DSL_GetCapabilities
                0x080024a0       0x28 Drivers/BSP/Components/lsm6dsl/lsm6dsl.o
                0x080024a0                LSM6DSL_GetCapabilities
 .text.LSM6DSL_ACC_SetOutputDataRate_When_Disabled
                0x080024c8       0xc8 Drivers/BSP/Components/lsm6dsl/lsm6dsl.o
 .text.LSM6DSL_GYRO_SetOutputDataRate_When_Disabled
                0x08002590       0xc8 Drivers/BSP/Components/lsm6dsl/lsm6dsl.o
 .text.ReadRegWrap
                0x08002658        0xa Drivers/BSP/Components/lsm6dsl/lsm6dsl.o
 .text.WriteRegWrap
                0x08002662        0xa Drivers/BSP/Components/lsm6dsl/lsm6dsl.o
 .text.LSM6DSL_ACC_Enable
                0x0800266c       0x30 Drivers/BSP/Components/lsm6dsl/lsm6dsl.o
                0x0800266c                LSM6DSL_ACC_Enable
 .text.LSM6DSL_ACC_SetOutputDataRate_When_Enabled
                0x0800269c       0xd8 Drivers/BSP/Components/lsm6dsl/lsm6dsl.o
 .text.LSM6DSL_ACC_SetOutputDataRate
                0x08002774       0x16 Drivers/BSP/Components/lsm6dsl/lsm6dsl.o
                0x08002774                LSM6DSL_ACC_SetOutputDataRate
 .text.LSM6DSL_ACC_SetFullScale
                0x0800278a       0x30 Drivers/BSP/Components/lsm6dsl/lsm6dsl.o
                0x0800278a                LSM6DSL_ACC_SetFullScale
 .text.LSM6DSL_GYRO_Enable
                0x080027ba       0x30 Drivers/BSP/Components/lsm6dsl/lsm6dsl.o
                0x080027ba                LSM6DSL_GYRO_Enable
 *fill*         0x080027ea        0x2 
 .text.LSM6DSL_GYRO_SetOutputDataRate_When_Enabled
                0x080027ec       0xd8 Drivers/BSP/Components/lsm6dsl/lsm6dsl.o
 .text.LSM6DSL_GYRO_SetOutputDataRate
                0x080028c4       0x16 Drivers/BSP/Components/lsm6dsl/lsm6dsl.o
                0x080028c4                LSM6DSL_GYRO_SetOutputDataRate
 .text.LSM6DSL_Init
                0x080028da       0x90 Drivers/BSP/Components/lsm6dsl/lsm6dsl.o
                0x080028da                LSM6DSL_Init
 .text.LSM6DSL_GYRO_SetFullScale
                0x0800296a       0x3c Drivers/BSP/Components/lsm6dsl/lsm6dsl.o
                0x0800296a                LSM6DSL_GYRO_SetFullScale
 .text.LSM6DSL_ReadID
                0x080029a6       0x16 Drivers/BSP/Components/lsm6dsl/lsm6dsl.o
                0x080029a6                LSM6DSL_ReadID
 .text.LSM6DSL_ACC_Disable
                0x080029bc       0x40 Drivers/BSP/Components/lsm6dsl/lsm6dsl.o
                0x080029bc                LSM6DSL_ACC_Disable
 .text.LSM6DSL_ACC_GetOutputDataRate
                0x080029fc       0xb4 Drivers/BSP/Components/lsm6dsl/lsm6dsl.o
                0x080029fc                LSM6DSL_ACC_GetOutputDataRate
 .text.LSM6DSL_ACC_GetSensitivity
                0x08002ab0       0x5c Drivers/BSP/Components/lsm6dsl/lsm6dsl.o
                0x08002ab0                LSM6DSL_ACC_GetSensitivity
 .text.LSM6DSL_ACC_GetFullScale
                0x08002b0c       0x4c Drivers/BSP/Components/lsm6dsl/lsm6dsl.o
                0x08002b0c                LSM6DSL_ACC_GetFullScale
 .text.LSM6DSL_ACC_GetAxesRaw
                0x08002b58       0x30 Drivers/BSP/Components/lsm6dsl/lsm6dsl.o
                0x08002b58                LSM6DSL_ACC_GetAxesRaw
 .text.LSM6DSL_ACC_GetAxes
                0x08002b88       0x80 Drivers/BSP/Components/lsm6dsl/lsm6dsl.o
                0x08002b88                LSM6DSL_ACC_GetAxes
 .text.LSM6DSL_GYRO_Disable
                0x08002c08       0x40 Drivers/BSP/Components/lsm6dsl/lsm6dsl.o
                0x08002c08                LSM6DSL_GYRO_Disable
 .text.LSM6DSL_DeInit
                0x08002c48       0x32 Drivers/BSP/Components/lsm6dsl/lsm6dsl.o
                0x08002c48                LSM6DSL_DeInit
 *fill*         0x08002c7a        0x2 
 .text.LSM6DSL_GYRO_GetOutputDataRate
                0x08002c7c       0xa8 Drivers/BSP/Components/lsm6dsl/lsm6dsl.o
                0x08002c7c                LSM6DSL_GYRO_GetOutputDataRate
 .text.LSM6DSL_GYRO_GetSensitivity
                0x08002d24       0x6c Drivers/BSP/Components/lsm6dsl/lsm6dsl.o
                0x08002d24                LSM6DSL_GYRO_GetSensitivity
 .text.LSM6DSL_GYRO_GetFullScale
                0x08002d90       0x5c Drivers/BSP/Components/lsm6dsl/lsm6dsl.o
                0x08002d90                LSM6DSL_GYRO_GetFullScale
 .text.LSM6DSL_GYRO_GetAxesRaw
                0x08002dec       0x30 Drivers/BSP/Components/lsm6dsl/lsm6dsl.o
                0x08002dec                LSM6DSL_GYRO_GetAxesRaw
 .text.LSM6DSL_GYRO_GetAxes
                0x08002e1c       0x7c Drivers/BSP/Components/lsm6dsl/lsm6dsl.o
                0x08002e1c                LSM6DSL_GYRO_GetAxes
 .text.LSM6DSL_Write_Reg
                0x08002e98       0x24 Drivers/BSP/Components/lsm6dsl/lsm6dsl.o
                0x08002e98                LSM6DSL_Write_Reg
 .text.LSM6DSL_RegisterBusIO
                0x08002ebc       0x7c Drivers/BSP/Components/lsm6dsl/lsm6dsl.o
                0x08002ebc                LSM6DSL_RegisterBusIO
 .text.lsm6dsl_read_reg
                0x08002f38        0xa Drivers/BSP/Components/lsm6dsl/lsm6dsl_reg.o
                0x08002f38                lsm6dsl_read_reg
 .text.lsm6dsl_write_reg
                0x08002f42        0xa Drivers/BSP/Components/lsm6dsl/lsm6dsl_reg.o
                0x08002f42                lsm6dsl_write_reg
 .text.lsm6dsl_xl_full_scale_set
                0x08002f4c       0x38 Drivers/BSP/Components/lsm6dsl/lsm6dsl_reg.o
                0x08002f4c                lsm6dsl_xl_full_scale_set
 .text.lsm6dsl_xl_full_scale_get
                0x08002f84       0x44 Drivers/BSP/Components/lsm6dsl/lsm6dsl_reg.o
                0x08002f84                lsm6dsl_xl_full_scale_get
 .text.lsm6dsl_xl_data_rate_set
                0x08002fc8       0x38 Drivers/BSP/Components/lsm6dsl/lsm6dsl_reg.o
                0x08002fc8                lsm6dsl_xl_data_rate_set
 .text.lsm6dsl_xl_data_rate_get
                0x08003000       0x7a Drivers/BSP/Components/lsm6dsl/lsm6dsl_reg.o
                0x08003000                lsm6dsl_xl_data_rate_get
 .text.lsm6dsl_gy_full_scale_set
                0x0800307a       0x38 Drivers/BSP/Components/lsm6dsl/lsm6dsl_reg.o
                0x0800307a                lsm6dsl_gy_full_scale_set
 .text.lsm6dsl_gy_full_scale_get
                0x080030b2       0x4e Drivers/BSP/Components/lsm6dsl/lsm6dsl_reg.o
                0x080030b2                lsm6dsl_gy_full_scale_get
 .text.lsm6dsl_gy_data_rate_set
                0x08003100       0x38 Drivers/BSP/Components/lsm6dsl/lsm6dsl_reg.o
                0x08003100                lsm6dsl_gy_data_rate_set
 .text.lsm6dsl_gy_data_rate_get
                0x08003138       0x74 Drivers/BSP/Components/lsm6dsl/lsm6dsl_reg.o
                0x08003138                lsm6dsl_gy_data_rate_get
 .text.lsm6dsl_block_data_update_set
                0x080031ac       0x38 Drivers/BSP/Components/lsm6dsl/lsm6dsl_reg.o
                0x080031ac                lsm6dsl_block_data_update_set
 .text.lsm6dsl_angular_rate_raw_get
                0x080031e4        0xe Drivers/BSP/Components/lsm6dsl/lsm6dsl_reg.o
                0x080031e4                lsm6dsl_angular_rate_raw_get
 .text.lsm6dsl_acceleration_raw_get
                0x080031f2        0xe Drivers/BSP/Components/lsm6dsl/lsm6dsl_reg.o
                0x080031f2                lsm6dsl_acceleration_raw_get
 .text.lsm6dsl_device_id_get
                0x08003200        0xe Drivers/BSP/Components/lsm6dsl/lsm6dsl_reg.o
                0x08003200                lsm6dsl_device_id_get
 .text.lsm6dsl_auto_increment_set
                0x0800320e       0x38 Drivers/BSP/Components/lsm6dsl/lsm6dsl_reg.o
                0x0800320e                lsm6dsl_auto_increment_set
 .text.lsm6dsl_fifo_mode_set
                0x08003246       0x38 Drivers/BSP/Components/lsm6dsl/lsm6dsl_reg.o
                0x08003246                lsm6dsl_fifo_mode_set
 *fill*         0x0800327e        0x2 
 .text.LSM6DSL_0_Probe
                0x08003280      0x104 Drivers/BSP/IKS01A2/iks01a2_motion_sensors.o
 .text.LSM303AGR_ACC_0_Probe
                0x08003384       0xec Drivers/BSP/IKS01A2/iks01a2_motion_sensors.o
 .text.LSM303AGR_MAG_0_Probe
                0x08003470       0xec Drivers/BSP/IKS01A2/iks01a2_motion_sensors.o
 .text.IKS01A2_MOTION_SENSOR_Init
                0x0800355c      0x184 Drivers/BSP/IKS01A2/iks01a2_motion_sensors.o
                0x0800355c                IKS01A2_MOTION_SENSOR_Init
 .text.IKS01A2_MOTION_SENSOR_GetAxes
                0x080036e0       0x60 Drivers/BSP/IKS01A2/iks01a2_motion_sensors.o
                0x080036e0                IKS01A2_MOTION_SENSOR_GetAxes
 .text.HAL_InitTick
                0x08003740       0x48 Drivers/STM32F4xx_HAL_Driver/Src/stm32f4xx_hal.o
                0x08003740                HAL_InitTick
 .text.HAL_Init
                0x08003788       0x34 Drivers/STM32F4xx_HAL_Driver/Src/stm32f4xx_hal.o
                0x08003788                HAL_Init
 .text.HAL_IncTick
                0x080037bc       0x18 Drivers/STM32F4xx_HAL_Driver/Src/stm32f4xx_hal.o
                0x080037bc                HAL_IncTick
 .text.HAL_GetTick
                0x080037d4        0xc Drivers/STM32F4xx_HAL_Driver/Src/stm32f4xx_hal.o
                0x080037d4                HAL_GetTick
 .text.HAL_Delay
                0x080037e0       0x28 Drivers/STM32F4xx_HAL_Driver/Src/stm32f4xx_hal.o
                0x080037e0                HAL_Delay
 .text.HAL_NVIC_SetPriorityGrouping
                0x08003808       0x24 Drivers/STM32F4xx_HAL_Driver/Src/stm32f4xx_hal_cortex.o
                0x08003808                HAL_NVIC_SetPriorityGrouping
 .text.HAL_NVIC_SetPriority
                0x0800382c       0x68 Drivers/STM32F4xx_HAL_Driver/Src/stm32f4xx_hal_cortex.o
                0x0800382c                HAL_NVIC_SetPriority
 .text.HAL_NVIC_EnableIRQ
                0x08003894       0x1c Drivers/STM32F4xx_HAL_Driver/Src/stm32f4xx_hal_cortex.o
                0x08003894                HAL_NVIC_EnableIRQ
 .text.HAL_SYSTICK_Config
                0x080038b0       0x2c Drivers/STM32F4xx_HAL_Driver/Src/stm32f4xx_hal_cortex.o
                0x080038b0                HAL_SYSTICK_Config
 .text.HAL_GPIO_Init
                0x080038dc      0x1bc Drivers/STM32F4xx_HAL_Driver/Src/stm32f4xx_hal_gpio.o
                0x080038dc                HAL_GPIO_Init
 .text.HAL_GPIO_DeInit
                0x08003a98      0x11c Drivers/STM32F4xx_HAL_Driver/Src/stm32f4xx_hal_gpio.o
                0x08003a98                HAL_GPIO_DeInit
 .text.HAL_GPIO_ReadPin
                0x08003bb4        0xe Drivers/STM32F4xx_HAL_Driver/Src/stm32f4xx_hal_gpio.o
                0x08003bb4                HAL_GPIO_ReadPin
 .text.HAL_GPIO_WritePin
                0x08003bc2        0xc Drivers/STM32F4xx_HAL_Driver/Src/stm32f4xx_hal_gpio.o
                0x08003bc2                HAL_GPIO_WritePin
 .text.HAL_GPIO_EXTI_Callback
                0x08003bce        0x2 Drivers/STM32F4xx_HAL_Driver/Src/stm32f4xx_hal_gpio.o
                0x08003bce                HAL_GPIO_EXTI_Callback
 .text.HAL_GPIO_EXTI_IRQHandler
                0x08003bd0       0x1c Drivers/STM32F4xx_HAL_Driver/Src/stm32f4xx_hal_gpio.o
                0x08003bd0                HAL_GPIO_EXTI_IRQHandler
 .text.I2C_IsAcknowledgeFailed
                0x08003bec       0x32 Drivers/STM32F4xx_HAL_Driver/Src/stm32f4xx_hal_i2c.o
 .text.I2C_WaitOnFlagUntilTimeout
                0x08003c1e       0x70 Drivers/STM32F4xx_HAL_Driver/Src/stm32f4xx_hal_i2c.o
 .text.I2C_WaitOnMasterAddressFlagUntilTimeout
                0x08003c8e       0xa4 Drivers/STM32F4xx_HAL_Driver/Src/stm32f4xx_hal_i2c.o
 .text.I2C_WaitOnTXEFlagUntilTimeout
                0x08003d32       0x54 Drivers/STM32F4xx_HAL_Driver/Src/stm32f4xx_hal_i2c.o
 *fill*         0x08003d86        0x2 
 .text.I2C_RequestMemoryWrite
                0x08003d88       0xdc Drivers/STM32F4xx_HAL_Driver/Src/stm32f4xx_hal_i2c.o
 .text.I2C_RequestMemoryRead
                0x08003e64      0x160 Drivers/STM32F4xx_HAL_Driver/Src/stm32f4xx_hal_i2c.o
 .text.I2C_WaitOnBTFFlagUntilTimeout
                0x08003fc4       0x54 Drivers/STM32F4xx_HAL_Driver/Src/stm32f4xx_hal_i2c.o
 .text.I2C_WaitOnRXNEFlagUntilTimeout
                0x08004018       0x6a Drivers/STM32F4xx_HAL_Driver/Src/stm32f4xx_hal_i2c.o
 .text.HAL_I2C_MspInit
                0x08004082        0x2 Drivers/STM32F4xx_HAL_Driver/Src/stm32f4xx_hal_i2c.o
                0x08004082                HAL_I2C_MspInit
 .text.HAL_I2C_Init
                0x08004084      0x1b4 Drivers/STM32F4xx_HAL_Driver/Src/stm32f4xx_hal_i2c.o
                0x08004084                HAL_I2C_Init
 .text.HAL_I2C_MspDeInit
                0x08004238        0x2 Drivers/STM32F4xx_HAL_Driver/Src/stm32f4xx_hal_i2c.o
                0x08004238                HAL_I2C_MspDeInit
 .text.HAL_I2C_DeInit
                0x0800423a       0x32 Drivers/STM32F4xx_HAL_Driver/Src/stm32f4xx_hal_i2c.o
                0x0800423a                HAL_I2C_DeInit
 .text.HAL_I2C_Mem_Write
                0x0800426c      0x168 Drivers/STM32F4xx_HAL_Driver/Src/stm32f4xx_hal_i2c.o
                0x0800426c                HAL_I2C_Mem_Write
 .text.HAL_I2C_Mem_Read
                0x080043d4      0x2d0 Drivers/STM32F4xx_HAL_Driver/Src/stm32f4xx_hal_i2c.o
                0x080043d4                HAL_I2C_Mem_Read
 .text.HAL_I2C_GetState
                0x080046a4        0x6 Drivers/STM32F4xx_HAL_Driver/Src/stm32f4xx_hal_i2c.o
                0x080046a4                HAL_I2C_GetState
 .text.HAL_I2C_GetError
                0x080046aa        0x4 Drivers/STM32F4xx_HAL_Driver/Src/stm32f4xx_hal_i2c.o
                0x080046aa                HAL_I2C_GetError
 *fill*         0x080046ae        0x2 
 .text.HAL_RCC_ClockConfig
                0x080046b0      0x160 Drivers/STM32F4xx_HAL_Driver/Src/stm32f4xx_hal_rcc.o
                0x080046b0                HAL_RCC_ClockConfig
 .text.HAL_RCC_GetHCLKFreq
                0x08004810        0xc Drivers/STM32F4xx_HAL_Driver/Src/stm32f4xx_hal_rcc.o
                0x08004810                HAL_RCC_GetHCLKFreq
 .text.HAL_RCC_GetPCLK1Freq
                0x0800481c       0x20 Drivers/STM32F4xx_HAL_Driver/Src/stm32f4xx_hal_rcc.o
                0x0800481c                HAL_RCC_GetPCLK1Freq
 .text.HAL_RCC_GetPCLK2Freq
                0x0800483c       0x20 Drivers/STM32F4xx_HAL_Driver/Src/stm32f4xx_hal_rcc.o
                0x0800483c                HAL_RCC_GetPCLK2Freq
 .text.HAL_RCC_GetSysClockFreq
                0x0800485c      0x124 Drivers/STM32F4xx_HAL_Driver/Src/stm32f4xx_hal_rcc_ex.o
                0x0800485c                HAL_RCC_GetSysClockFreq
 .text.HAL_RCC_OscConfig
                0x08004980      0x3c4 Drivers/STM32F4xx_HAL_Driver/Src/stm32f4xx_hal_rcc_ex.o
                0x08004980                HAL_RCC_OscConfig
 .text.HAL_TIM_Base_Start_IT
                0x08004d44       0x22 Drivers/STM32F4xx_HAL_Driver/Src/stm32f4xx_hal_tim.o
                0x08004d44                HAL_TIM_Base_Start_IT
 .text.HAL_TIM_OC_DelayElapsedCallback
                0x08004d66        0x2 Drivers/STM32F4xx_HAL_Driver/Src/stm32f4xx_hal_tim.o
                0x08004d66                HAL_TIM_OC_DelayElapsedCallback
 .text.HAL_TIM_IC_CaptureCallback
                0x08004d68        0x2 Drivers/STM32F4xx_HAL_Driver/Src/stm32f4xx_hal_tim.o
                0x08004d68                HAL_TIM_IC_CaptureCallback
 .text.HAL_TIM_PWM_PulseFinishedCallback
                0x08004d6a        0x2 Drivers/STM32F4xx_HAL_Driver/Src/stm32f4xx_hal_tim.o
                0x08004d6a                HAL_TIM_PWM_PulseFinishedCallback
 .text.HAL_TIM_TriggerCallback
                0x08004d6c        0x2 Drivers/STM32F4xx_HAL_Driver/Src/stm32f4xx_hal_tim.o
                0x08004d6c                HAL_TIM_TriggerCallback
 .text.HAL_TIM_IRQHandler
                0x08004d6e      0x17a Drivers/STM32F4xx_HAL_Driver/Src/stm32f4xx_hal_tim.o
                0x08004d6e                HAL_TIM_IRQHandler
 .text.TIM_Base_SetConfig
                0x08004ee8       0xc8 Drivers/STM32F4xx_HAL_Driver/Src/stm32f4xx_hal_tim.o
                0x08004ee8                TIM_Base_SetConfig
 .text.HAL_TIM_Base_Init
                0x08004fb0       0x32 Drivers/STM32F4xx_HAL_Driver/Src/stm32f4xx_hal_tim.o
                0x08004fb0                HAL_TIM_Base_Init
 *fill*         0x08004fe2        0x2 
 .text.HAL_TIMEx_MasterConfigSynchronization
                0x08004fe4       0x88 Drivers/STM32F4xx_HAL_Driver/Src/stm32f4xx_hal_tim_ex.o
                0x08004fe4                HAL_TIMEx_MasterConfigSynchronization
 .text.HAL_TIMEx_CommutCallback
                0x0800506c        0x2 Drivers/STM32F4xx_HAL_Driver/Src/stm32f4xx_hal_tim_ex.o
                0x0800506c                HAL_TIMEx_CommutCallback
 .text.HAL_TIMEx_BreakCallback
                0x0800506e        0x2 Drivers/STM32F4xx_HAL_Driver/Src/stm32f4xx_hal_tim_ex.o
                0x0800506e                HAL_TIMEx_BreakCallback
 .text.UART_SetConfig
                0x08005070      0x218 Drivers/STM32F4xx_HAL_Driver/Src/stm32f4xx_hal_uart.o
 .text.UART_WaitOnFlagUntilTimeout
                0x08005288       0x62 Drivers/STM32F4xx_HAL_Driver/Src/stm32f4xx_hal_uart.o
 .text.HAL_UART_Init
                0x080052ea       0x5e Drivers/STM32F4xx_HAL_Driver/Src/stm32f4xx_hal_uart.o
                0x080052ea                HAL_UART_Init
 .text.HAL_UART_Transmit
                0x08005348       0xe2 Drivers/STM32F4xx_HAL_Driver/Src/stm32f4xx_hal_uart.o
                0x08005348                HAL_UART_Transmit
 .text.makeFreeRtosPriority
                0x0800542a        0xc Middlewares/Third_Party/FreeRTOS/Source/CMSIS_RTOS/cmsis_os.o
 .text.osKernelStart
                0x08005436        0xa Middlewares/Third_Party/FreeRTOS/Source/CMSIS_RTOS/cmsis_os.o
                0x08005436                osKernelStart
 .text.osThreadCreate
                0x08005440       0x6c Middlewares/Third_Party/FreeRTOS/Source/CMSIS_RTOS/cmsis_os.o
                0x08005440                osThreadCreate
 .text.osDelay  0x080054ac       0x12 Middlewares/Third_Party/FreeRTOS/Source/CMSIS_RTOS/cmsis_os.o
                0x080054ac                osDelay
 .text.osMutexCreate
                0x080054be       0x16 Middlewares/Third_Party/FreeRTOS/Source/CMSIS_RTOS/cmsis_os.o
                0x080054be                osMutexCreate
 .text.vListInitialise
                0x080054d4       0x16 Middlewares/Third_Party/FreeRTOS/Source/list.o
                0x080054d4                vListInitialise
 .text.vListInitialiseItem
                0x080054ea        0x6 Middlewares/Third_Party/FreeRTOS/Source/list.o
                0x080054ea                vListInitialiseItem
 .text.vListInsertEnd
                0x080054f0       0x18 Middlewares/Third_Party/FreeRTOS/Source/list.o
                0x080054f0                vListInsertEnd
 .text.vListInsert
                0x08005508       0x34 Middlewares/Third_Party/FreeRTOS/Source/list.o
                0x08005508                vListInsert
 .text.uxListRemove
                0x0800553c       0x28 Middlewares/Third_Party/FreeRTOS/Source/list.o
                0x0800553c                uxListRemove
 .text.prvIsQueueFull
                0x08005564       0x1e Middlewares/Third_Party/FreeRTOS/Source/queue.o
 .text.prvCopyDataToQueue
                0x08005582       0x76 Middlewares/Third_Party/FreeRTOS/Source/queue.o
 .text.prvUnlockQueue
                0x080055f8       0x6e Middlewares/Third_Party/FreeRTOS/Source/queue.o
 *fill*         0x08005666        0x2 
 .text.xQueueGenericReset
                0x08005668       0x84 Middlewares/Third_Party/FreeRTOS/Source/queue.o
                0x08005668                xQueueGenericReset
 .text.prvInitialiseNewQueue
                0x080056ec       0x1c Middlewares/Third_Party/FreeRTOS/Source/queue.o
 .text.xQueueGenericCreateStatic
                0x08005708       0x92 Middlewares/Third_Party/FreeRTOS/Source/queue.o
                0x08005708                xQueueGenericCreateStatic
 .text.xQueueGenericCreate
                0x0800579a       0x4e Middlewares/Third_Party/FreeRTOS/Source/queue.o
                0x0800579a                xQueueGenericCreate
 .text.xQueueGenericSend
                0x080057e8      0x17c Middlewares/Third_Party/FreeRTOS/Source/queue.o
                0x080057e8                xQueueGenericSend
 .text.prvInitialiseMutex
                0x08005964       0x18 Middlewares/Third_Party/FreeRTOS/Source/queue.o
 .text.xQueueCreateMutex
                0x0800597c       0x16 Middlewares/Third_Party/FreeRTOS/Source/queue.o
                0x0800597c                xQueueCreateMutex
 .text.xQueueCreateMutexStatic
                0x08005992       0x1e Middlewares/Third_Party/FreeRTOS/Source/queue.o
                0x08005992                xQueueCreateMutexStatic
 .text.prvResetNextTaskUnblockTime
                0x080059b0       0x24 Middlewares/Third_Party/FreeRTOS/Source/tasks.o
 .text.prvInitialiseNewTask
                0x080059d4       0x8c Middlewares/Third_Party/FreeRTOS/Source/tasks.o
 .text.prvInitialiseTaskLists
                0x08005a60       0x58 Middlewares/Third_Party/FreeRTOS/Source/tasks.o
 .text.prvAddNewTaskToReadyList
                0x08005ab8       0xac Middlewares/Third_Party/FreeRTOS/Source/tasks.o
 .text.prvDeleteTCB
                0x08005b64       0x38 Middlewares/Third_Party/FreeRTOS/Source/tasks.o
 .text.prvCheckTasksWaitingTermination
                0x08005b9c       0x44 Middlewares/Third_Party/FreeRTOS/Source/tasks.o
 .text.prvIdleTask
                0x08005be0       0x28 Middlewares/Third_Party/FreeRTOS/Source/tasks.o
 .text.prvAddCurrentTaskToDelayedList
                0x08005c08       0x88 Middlewares/Third_Party/FreeRTOS/Source/tasks.o
 .text.xTaskCreateStatic
                0x08005c90       0x74 Middlewares/Third_Party/FreeRTOS/Source/tasks.o
                0x08005c90                xTaskCreateStatic
 .text.xTaskCreate
                0x08005d04       0x66 Middlewares/Third_Party/FreeRTOS/Source/tasks.o
                0x08005d04                xTaskCreate
 *fill*         0x08005d6a        0x2 
 .text.vTaskStartScheduler
                0x08005d6c       0x64 Middlewares/Third_Party/FreeRTOS/Source/tasks.o
                0x08005d6c                vTaskStartScheduler
 .text.vTaskSuspendAll
                0x08005dd0       0x14 Middlewares/Third_Party/FreeRTOS/Source/tasks.o
                0x08005dd0                vTaskSuspendAll
 .text.xTaskIncrementTick
                0x08005de4      0x10c Middlewares/Third_Party/FreeRTOS/Source/tasks.o
                0x08005de4                xTaskIncrementTick
 .text.xTaskResumeAll
                0x08005ef0       0xf0 Middlewares/Third_Party/FreeRTOS/Source/tasks.o
                0x08005ef0                xTaskResumeAll
 .text.vTaskDelay
                0x08005fe0       0x4c Middlewares/Third_Party/FreeRTOS/Source/tasks.o
                0x08005fe0                vTaskDelay
 .text.vTaskSwitchContext
                0x0800602c       0x90 Middlewares/Third_Party/FreeRTOS/Source/tasks.o
                0x0800602c                vTaskSwitchContext
 .text.vTaskPlaceOnEventList
                0x080060bc       0x34 Middlewares/Third_Party/FreeRTOS/Source/tasks.o
                0x080060bc                vTaskPlaceOnEventList
 .text.xTaskRemoveFromEventList
                0x080060f0       0x84 Middlewares/Third_Party/FreeRTOS/Source/tasks.o
                0x080060f0                xTaskRemoveFromEventList
 .text.vTaskInternalSetTimeOutState
                0x08006174       0x14 Middlewares/Third_Party/FreeRTOS/Source/tasks.o
                0x08006174                vTaskInternalSetTimeOutState
 .text.xTaskCheckForTimeOut
                0x08006188       0x80 Middlewares/Third_Party/FreeRTOS/Source/tasks.o
                0x08006188                xTaskCheckForTimeOut
 .text.vTaskMissedYield
                0x08006208       0x10 Middlewares/Third_Party/FreeRTOS/Source/tasks.o
                0x08006208                vTaskMissedYield
 .text.xTaskGetSchedulerState
                0x08006218       0x20 Middlewares/Third_Party/FreeRTOS/Source/tasks.o
                0x08006218                xTaskGetSchedulerState
 .text.xTaskPriorityDisinherit
                0x08006238       0xb0 Middlewares/Third_Party/FreeRTOS/Source/tasks.o
                0x08006238                xTaskPriorityDisinherit
 .text.prvTaskExitError
                0x080062e8       0x40 Middlewares/Third_Party/FreeRTOS/Source/portable/GCC/ARM_CM4F/port.o
 .text.prvPortStartFirstTask
                0x08006328       0x28 Middlewares/Third_Party/FreeRTOS/Source/portable/GCC/ARM_CM4F/port.o
 .text.vPortEnableVFP
                0x08006350       0x14 Middlewares/Third_Party/FreeRTOS/Source/portable/GCC/ARM_CM4F/port.o
 .text.pxPortInitialiseStack
                0x08006364       0x2c Middlewares/Third_Party/FreeRTOS/Source/portable/GCC/ARM_CM4F/port.o
                0x08006364                pxPortInitialiseStack
 .text.SVC_Handler
                0x08006390       0x24 Middlewares/Third_Party/FreeRTOS/Source/portable/GCC/ARM_CM4F/port.o
                0x08006390                SVC_Handler
 .text.vPortEnterCritical
                0x080063b4       0x44 Middlewares/Third_Party/FreeRTOS/Source/portable/GCC/ARM_CM4F/port.o
                0x080063b4                vPortEnterCritical
 .text.vPortExitCritical
                0x080063f8       0x2c Middlewares/Third_Party/FreeRTOS/Source/portable/GCC/ARM_CM4F/port.o
                0x080063f8                vPortExitCritical
 *fill*         0x08006424        0xc 
 .text.PendSV_Handler
                0x08006430       0x64 Middlewares/Third_Party/FreeRTOS/Source/portable/GCC/ARM_CM4F/port.o
                0x08006430                PendSV_Handler
 .text.xPortSysTickHandler
                0x08006494       0x2c Middlewares/Third_Party/FreeRTOS/Source/portable/GCC/ARM_CM4F/port.o
                0x08006494                xPortSysTickHandler
 .text.vPortSetupTimerInterrupt
                0x080064c0       0x38 Middlewares/Third_Party/FreeRTOS/Source/portable/GCC/ARM_CM4F/port.o
                0x080064c0                vPortSetupTimerInterrupt
 .text.xPortStartScheduler
                0x080064f8      0x108 Middlewares/Third_Party/FreeRTOS/Source/portable/GCC/ARM_CM4F/port.o
                0x080064f8                xPortStartScheduler
 .text.prvHeapInit
                0x08006600       0x4c Middlewares/Third_Party/FreeRTOS/Source/portable/MemMang/heap_4.o
 .text.prvInsertBlockIntoFreeList
                0x0800664c       0x54 Middlewares/Third_Party/FreeRTOS/Source/portable/MemMang/heap_4.o
 .text.pvPortMalloc
                0x080066a0       0xf4 Middlewares/Third_Party/FreeRTOS/Source/portable/MemMang/heap_4.o
                0x080066a0                pvPortMalloc
 .text.vPortFree
                0x08006794       0x6c Middlewares/Third_Party/FreeRTOS/Source/portable/MemMang/heap_4.o
                0x08006794                vPortFree
 .text.Reset_Handler
                0x08006800       0x50 startup/startup_stm32f446xx.o
                0x08006800                Reset_Handler
 .text.Default_Handler
                0x08006850        0x2 startup/startup_stm32f446xx.o
                0x08006850                RTC_Alarm_IRQHandler
                0x08006850                EXTI2_IRQHandler
                0x08006850                TIM8_CC_IRQHandler
                0x08006850                FMPI2C1_EV_IRQHandler
                0x08006850                SPI4_IRQHandler
                0x08006850                TIM1_CC_IRQHandler
                0x08006850                DMA2_Stream5_IRQHandler
                0x08006850                DMA1_Stream5_IRQHandler
                0x08006850                PVD_IRQHandler
                0x08006850                SDIO_IRQHandler
                0x08006850                TAMP_STAMP_IRQHandler
                0x08006850                CAN2_RX1_IRQHandler
                0x08006850                EXTI3_IRQHandler
                0x08006850                TIM8_TRG_COM_TIM14_IRQHandler
                0x08006850                TIM1_UP_TIM10_IRQHandler
                0x08006850                TIM8_UP_TIM13_IRQHandler
                0x08006850                I2C3_ER_IRQHandler
                0x08006850                EXTI0_IRQHandler
                0x08006850                I2C2_EV_IRQHandler
                0x08006850                DMA1_Stream2_IRQHandler
                0x08006850                CAN1_RX0_IRQHandler
                0x08006850                FPU_IRQHandler
                0x08006850                OTG_HS_WKUP_IRQHandler
                0x08006850                CAN2_SCE_IRQHandler
                0x08006850                DMA2_Stream2_IRQHandler
                0x08006850                SPI1_IRQHandler
                0x08006850                TIM6_DAC_IRQHandler
                0x08006850                TIM1_BRK_TIM9_IRQHandler
                0x08006850                DCMI_IRQHandler
                0x08006850                CAN2_RX0_IRQHandler
                0x08006850                DMA2_Stream3_IRQHandler
                0x08006850                SAI2_IRQHandler
                0x08006850                USART6_IRQHandler
                0x08006850                USART3_IRQHandler
                0x08006850                CAN1_RX1_IRQHandler
                0x08006850                UART5_IRQHandler
                0x08006850                DMA2_Stream0_IRQHandler
                0x08006850                TIM4_IRQHandler
                0x08006850                QUADSPI_IRQHandler
                0x08006850                I2C1_EV_IRQHandler
                0x08006850                DMA1_Stream6_IRQHandler
                0x08006850                DMA1_Stream1_IRQHandler
                0x08006850                UART4_IRQHandler
                0x08006850                TIM3_IRQHandler
                0x08006850                RCC_IRQHandler
                0x08006850                TIM8_BRK_TIM12_IRQHandler
                0x08006850                Default_Handler
                0x08006850                CEC_IRQHandler
                0x08006850                ADC_IRQHandler
                0x08006850                DMA1_Stream7_IRQHandler
                0x08006850                CAN2_TX_IRQHandler
                0x08006850                TIM5_IRQHandler
                0x08006850                DMA2_Stream7_IRQHandler
                0x08006850                I2C3_EV_IRQHandler
                0x08006850                RTC_WKUP_IRQHandler
                0x08006850                SPDIF_RX_IRQHandler
                0x08006850                SPI2_IRQHandler
                0x08006850                OTG_HS_EP1_IN_IRQHandler
                0x08006850                DMA1_Stream0_IRQHandler
                0x08006850                CAN1_TX_IRQHandler
                0x08006850                FMPI2C1_ER_IRQHandler
                0x08006850                OTG_HS_EP1_OUT_IRQHandler
                0x08006850                WWDG_IRQHandler
                0x08006850                TIM2_IRQHandler
                0x08006850                OTG_FS_WKUP_IRQHandler
                0x08006850                TIM1_TRG_COM_TIM11_IRQHandler
                0x08006850                OTG_HS_IRQHandler
                0x08006850                EXTI1_IRQHandler
                0x08006850                USART2_IRQHandler
                0x08006850                I2C2_ER_IRQHandler
                0x08006850                DMA2_Stream1_IRQHandler
                0x08006850                CAN1_SCE_IRQHandler
                0x08006850                FLASH_IRQHandler
                0x08006850                DMA2_Stream4_IRQHandler
                0x08006850                USART1_IRQHandler
                0x08006850                OTG_FS_IRQHandler
                0x08006850                SPI3_IRQHandler
                0x08006850                DMA1_Stream4_IRQHandler
                0x08006850                I2C1_ER_IRQHandler
                0x08006850                FMC_IRQHandler
                0x08006850                DMA2_Stream6_IRQHandler
                0x08006850                SAI1_IRQHandler
                0x08006850                DMA1_Stream3_IRQHandler
 *fill*         0x08006852        0x2 
 .text.__errno  0x08006854        0xc c:/ac6/systemworkbench/plugins/fr.ac6.mcu.externaltools.arm-none.win32_1.17.0.201812190825/tools/compiler/bin/../lib/gcc/arm-none-eabi/7.3.1/../../../../arm-none-eabi/lib/thumb/v7e-m/fpv4-sp/hard\libc_nano.a(lib_a-errno.o)
                0x08006854                __errno
 .text.__libc_init_array
                0x08006860       0x48 c:/ac6/systemworkbench/plugins/fr.ac6.mcu.externaltools.arm-none.win32_1.17.0.201812190825/tools/compiler/bin/../lib/gcc/arm-none-eabi/7.3.1/../../../../arm-none-eabi/lib/thumb/v7e-m/fpv4-sp/hard\libc_nano.a(lib_a-init.o)
                0x08006860                __libc_init_array
 .text.memcpy   0x080068a8       0x16 c:/ac6/systemworkbench/plugins/fr.ac6.mcu.externaltools.arm-none.win32_1.17.0.201812190825/tools/compiler/bin/../lib/gcc/arm-none-eabi/7.3.1/../../../../arm-none-eabi/lib/thumb/v7e-m/fpv4-sp/hard\libc_nano.a(lib_a-memcpy-stub.o)
                0x080068a8                memcpy
 .text.memset   0x080068be       0x10 c:/ac6/systemworkbench/plugins/fr.ac6.mcu.externaltools.arm-none.win32_1.17.0.201812190825/tools/compiler/bin/../lib/gcc/arm-none-eabi/7.3.1/../../../../arm-none-eabi/lib/thumb/v7e-m/fpv4-sp/hard\libc_nano.a(lib_a-memset.o)
                0x080068be                memset
 .text.__cvt    0x080068ce       0xc2 c:/ac6/systemworkbench/plugins/fr.ac6.mcu.externaltools.arm-none.win32_1.17.0.201812190825/tools/compiler/bin/../lib/gcc/arm-none-eabi/7.3.1/../../../../arm-none-eabi/lib/thumb/v7e-m/fpv4-sp/hard\libc_nano.a(lib_a-nano-vfprintf_float.o)
                0x080068ce                __cvt
 .text.__exponent
                0x08006990       0x66 c:/ac6/systemworkbench/plugins/fr.ac6.mcu.externaltools.arm-none.win32_1.17.0.201812190825/tools/compiler/bin/../lib/gcc/arm-none-eabi/7.3.1/../../../../arm-none-eabi/lib/thumb/v7e-m/fpv4-sp/hard\libc_nano.a(lib_a-nano-vfprintf_float.o)
                0x08006990                __exponent
 *fill*         0x080069f6        0x2 
 .text._printf_float
                0x080069f8      0x480 c:/ac6/systemworkbench/plugins/fr.ac6.mcu.externaltools.arm-none.win32_1.17.0.201812190825/tools/compiler/bin/../lib/gcc/arm-none-eabi/7.3.1/../../../../arm-none-eabi/lib/thumb/v7e-m/fpv4-sp/hard\libc_nano.a(lib_a-nano-vfprintf_float.o)
                0x080069f8                _printf_float
 .text._printf_common
                0x08006e78       0xea c:/ac6/systemworkbench/plugins/fr.ac6.mcu.externaltools.arm-none.win32_1.17.0.201812190825/tools/compiler/bin/../lib/gcc/arm-none-eabi/7.3.1/../../../../arm-none-eabi/lib/thumb/v7e-m/fpv4-sp/hard\libc_nano.a(lib_a-nano-vfprintf_i.o)
                0x08006e78                _printf_common
 *fill*         0x08006f62        0x2 
 .text._printf_i
                0x08006f64      0x224 c:/ac6/systemworkbench/plugins/fr.ac6.mcu.externaltools.arm-none.win32_1.17.0.201812190825/tools/compiler/bin/../lib/gcc/arm-none-eabi/7.3.1/../../../../arm-none-eabi/lib/thumb/v7e-m/fpv4-sp/hard\libc_nano.a(lib_a-nano-vfprintf_i.o)
                0x08006f64                _printf_i
 .text.snprintf
                0x08007188       0x68 c:/ac6/systemworkbench/plugins/fr.ac6.mcu.externaltools.arm-none.win32_1.17.0.201812190825/tools/compiler/bin/../lib/gcc/arm-none-eabi/7.3.1/../../../../arm-none-eabi/lib/thumb/v7e-m/fpv4-sp/hard\libc_nano.a(lib_a-snprintf.o)
                0x08007188                sniprintf
                0x08007188                snprintf
 .text.quorem   0x080071f0      0x118 c:/ac6/systemworkbench/plugins/fr.ac6.mcu.externaltools.arm-none.win32_1.17.0.201812190825/tools/compiler/bin/../lib/gcc/arm-none-eabi/7.3.1/../../../../arm-none-eabi/lib/thumb/v7e-m/fpv4-sp/hard\libc_nano.a(lib_a-dtoa.o)
 .text._dtoa_r  0x08007308      0xb70 c:/ac6/systemworkbench/plugins/fr.ac6.mcu.externaltools.arm-none.win32_1.17.0.201812190825/tools/compiler/bin/../lib/gcc/arm-none-eabi/7.3.1/../../../../arm-none-eabi/lib/thumb/v7e-m/fpv4-sp/hard\libc_nano.a(lib_a-dtoa.o)
                0x08007308                _dtoa_r
 .text._localeconv_r
                0x08007e78       0x1c c:/ac6/systemworkbench/plugins/fr.ac6.mcu.externaltools.arm-none.win32_1.17.0.201812190825/tools/compiler/bin/../lib/gcc/arm-none-eabi/7.3.1/../../../../arm-none-eabi/lib/thumb/v7e-m/fpv4-sp/hard\libc_nano.a(lib_a-localeconv.o)
                0x08007e78                _localeconv_r
 .text.malloc   0x08007e94       0x10 c:/ac6/systemworkbench/plugins/fr.ac6.mcu.externaltools.arm-none.win32_1.17.0.201812190825/tools/compiler/bin/../lib/gcc/arm-none-eabi/7.3.1/../../../../arm-none-eabi/lib/thumb/v7e-m/fpv4-sp/hard\libc_nano.a(lib_a-malloc.o)
                0x08007e94                malloc
 .text._Balloc  0x08007ea4       0x68 c:/ac6/systemworkbench/plugins/fr.ac6.mcu.externaltools.arm-none.win32_1.17.0.201812190825/tools/compiler/bin/../lib/gcc/arm-none-eabi/7.3.1/../../../../arm-none-eabi/lib/thumb/v7e-m/fpv4-sp/hard\libc_nano.a(lib_a-mprec.o)
                0x08007ea4                _Balloc
 .text._Bfree   0x08007f0c       0x2e c:/ac6/systemworkbench/plugins/fr.ac6.mcu.externaltools.arm-none.win32_1.17.0.201812190825/tools/compiler/bin/../lib/gcc/arm-none-eabi/7.3.1/../../../../arm-none-eabi/lib/thumb/v7e-m/fpv4-sp/hard\libc_nano.a(lib_a-mprec.o)
                0x08007f0c                _Bfree
 .text.__multadd
                0x08007f3a       0x76 c:/ac6/systemworkbench/plugins/fr.ac6.mcu.externaltools.arm-none.win32_1.17.0.201812190825/tools/compiler/bin/../lib/gcc/arm-none-eabi/7.3.1/../../../../arm-none-eabi/lib/thumb/v7e-m/fpv4-sp/hard\libc_nano.a(lib_a-mprec.o)
                0x08007f3a                __multadd
 .text.__hi0bits
                0x08007fb0       0x3e c:/ac6/systemworkbench/plugins/fr.ac6.mcu.externaltools.arm-none.win32_1.17.0.201812190825/tools/compiler/bin/../lib/gcc/arm-none-eabi/7.3.1/../../../../arm-none-eabi/lib/thumb/v7e-m/fpv4-sp/hard\libc_nano.a(lib_a-mprec.o)
                0x08007fb0                __hi0bits
 .text.__lo0bits
                0x08007fee       0x5e c:/ac6/systemworkbench/plugins/fr.ac6.mcu.externaltools.arm-none.win32_1.17.0.201812190825/tools/compiler/bin/../lib/gcc/arm-none-eabi/7.3.1/../../../../arm-none-eabi/lib/thumb/v7e-m/fpv4-sp/hard\libc_nano.a(lib_a-mprec.o)
                0x08007fee                __lo0bits
 .text.__i2b    0x0800804c       0x12 c:/ac6/systemworkbench/plugins/fr.ac6.mcu.externaltools.arm-none.win32_1.17.0.201812190825/tools/compiler/bin/../lib/gcc/arm-none-eabi/7.3.1/../../../../arm-none-eabi/lib/thumb/v7e-m/fpv4-sp/hard\libc_nano.a(lib_a-mprec.o)
                0x0800804c                __i2b
 .text.__multiply
                0x0800805e      0x12c c:/ac6/systemworkbench/plugins/fr.ac6.mcu.externaltools.arm-none.win32_1.17.0.201812190825/tools/compiler/bin/../lib/gcc/arm-none-eabi/7.3.1/../../../../arm-none-eabi/lib/thumb/v7e-m/fpv4-sp/hard\libc_nano.a(lib_a-mprec.o)
                0x0800805e                __multiply
 *fill*         0x0800818a        0x2 
 .text.__pow5mult
                0x0800818c       0x9c c:/ac6/systemworkbench/plugins/fr.ac6.mcu.externaltools.arm-none.win32_1.17.0.201812190825/tools/compiler/bin/../lib/gcc/arm-none-eabi/7.3.1/../../../../arm-none-eabi/lib/thumb/v7e-m/fpv4-sp/hard\libc_nano.a(lib_a-mprec.o)
                0x0800818c                __pow5mult
 .text.__lshift
                0x08008228       0xa8 c:/ac6/systemworkbench/plugins/fr.ac6.mcu.externaltools.arm-none.win32_1.17.0.201812190825/tools/compiler/bin/../lib/gcc/arm-none-eabi/7.3.1/../../../../arm-none-eabi/lib/thumb/v7e-m/fpv4-sp/hard\libc_nano.a(lib_a-mprec.o)
                0x08008228                __lshift
 .text.__mcmp   0x080082d0       0x34 c:/ac6/systemworkbench/plugins/fr.ac6.mcu.externaltools.arm-none.win32_1.17.0.201812190825/tools/compiler/bin/../lib/gcc/arm-none-eabi/7.3.1/../../../../arm-none-eabi/lib/thumb/v7e-m/fpv4-sp/hard\libc_nano.a(lib_a-mprec.o)
                0x080082d0                __mcmp
 .text.__mdiff  0x08008304       0xba c:/ac6/systemworkbench/plugins/fr.ac6.mcu.externaltools.arm-none.win32_1.17.0.201812190825/tools/compiler/bin/../lib/gcc/arm-none-eabi/7.3.1/../../../../arm-none-eabi/lib/thumb/v7e-m/fpv4-sp/hard\libc_nano.a(lib_a-mprec.o)
                0x08008304                __mdiff
 .text.__d2b    0x080083be       0x9e c:/ac6/systemworkbench/plugins/fr.ac6.mcu.externaltools.arm-none.win32_1.17.0.201812190825/tools/compiler/bin/../lib/gcc/arm-none-eabi/7.3.1/../../../../arm-none-eabi/lib/thumb/v7e-m/fpv4-sp/hard\libc_nano.a(lib_a-mprec.o)
                0x080083be                __d2b
 .text._calloc_r
                0x0800845c       0x1c c:/ac6/systemworkbench/plugins/fr.ac6.mcu.externaltools.arm-none.win32_1.17.0.201812190825/tools/compiler/bin/../lib/gcc/arm-none-eabi/7.3.1/../../../../arm-none-eabi/lib/thumb/v7e-m/fpv4-sp/hard\libc_nano.a(lib_a-nano-callocr.o)
                0x0800845c                _calloc_r
 .text._free_r  0x08008478       0x9c c:/ac6/systemworkbench/plugins/fr.ac6.mcu.externaltools.arm-none.win32_1.17.0.201812190825/tools/compiler/bin/../lib/gcc/arm-none-eabi/7.3.1/../../../../arm-none-eabi/lib/thumb/v7e-m/fpv4-sp/hard\libc_nano.a(lib_a-nano-freer.o)
                0x08008478                _free_r
 .text._malloc_r
                0x08008514       0xb4 c:/ac6/systemworkbench/plugins/fr.ac6.mcu.externaltools.arm-none.win32_1.17.0.201812190825/tools/compiler/bin/../lib/gcc/arm-none-eabi/7.3.1/../../../../arm-none-eabi/lib/thumb/v7e-m/fpv4-sp/hard\libc_nano.a(lib_a-nano-mallocr.o)
                0x08008514                _malloc_r
 .text.__ssputs_r
                0x080085c8       0xb4 c:/ac6/systemworkbench/plugins/fr.ac6.mcu.externaltools.arm-none.win32_1.17.0.201812190825/tools/compiler/bin/../lib/gcc/arm-none-eabi/7.3.1/../../../../arm-none-eabi/lib/thumb/v7e-m/fpv4-sp/hard\libc_nano.a(lib_a-nano-svfprintf.o)
                0x080085c8                __ssputs_r
 .text._svfprintf_r
                0x0800867c      0x1f0 c:/ac6/systemworkbench/plugins/fr.ac6.mcu.externaltools.arm-none.win32_1.17.0.201812190825/tools/compiler/bin/../lib/gcc/arm-none-eabi/7.3.1/../../../../arm-none-eabi/lib/thumb/v7e-m/fpv4-sp/hard\libc_nano.a(lib_a-nano-svfprintf.o)
                0x0800867c                _svfiprintf_r
                0x0800867c                _svfprintf_r
 .text._sbrk_r  0x0800886c       0x20 c:/ac6/systemworkbench/plugins/fr.ac6.mcu.externaltools.arm-none.win32_1.17.0.201812190825/tools/compiler/bin/../lib/gcc/arm-none-eabi/7.3.1/../../../../arm-none-eabi/lib/thumb/v7e-m/fpv4-sp/hard\libc_nano.a(lib_a-sbrkr.o)
                0x0800886c                _sbrk_r
 .text.__ascii_mbtowc
                0x0800888c       0x24 c:/ac6/systemworkbench/plugins/fr.ac6.mcu.externaltools.arm-none.win32_1.17.0.201812190825/tools/compiler/bin/../lib/gcc/arm-none-eabi/7.3.1/../../../../arm-none-eabi/lib/thumb/v7e-m/fpv4-sp/hard\libc_nano.a(lib_a-mbtowc_r.o)
                0x0800888c                __ascii_mbtowc
 .text.memmove  0x080088b0       0x32 c:/ac6/systemworkbench/plugins/fr.ac6.mcu.externaltools.arm-none.win32_1.17.0.201812190825/tools/compiler/bin/../lib/gcc/arm-none-eabi/7.3.1/../../../../arm-none-eabi/lib/thumb/v7e-m/fpv4-sp/hard\libc_nano.a(lib_a-memmove.o)
                0x080088b0                memmove
 .text.__malloc_lock
                0x080088e2        0x2 c:/ac6/systemworkbench/plugins/fr.ac6.mcu.externaltools.arm-none.win32_1.17.0.201812190825/tools/compiler/bin/../lib/gcc/arm-none-eabi/7.3.1/../../../../arm-none-eabi/lib/thumb/v7e-m/fpv4-sp/hard\libc_nano.a(lib_a-mlock.o)
                0x080088e2                __malloc_lock
 .text.__malloc_unlock
                0x080088e4        0x2 c:/ac6/systemworkbench/plugins/fr.ac6.mcu.externaltools.arm-none.win32_1.17.0.201812190825/tools/compiler/bin/../lib/gcc/arm-none-eabi/7.3.1/../../../../arm-none-eabi/lib/thumb/v7e-m/fpv4-sp/hard\libc_nano.a(lib_a-mlock.o)
                0x080088e4                __malloc_unlock
 .text._realloc_r
                0x080088e6       0x4c c:/ac6/systemworkbench/plugins/fr.ac6.mcu.externaltools.arm-none.win32_1.17.0.201812190825/tools/compiler/bin/../lib/gcc/arm-none-eabi/7.3.1/../../../../arm-none-eabi/lib/thumb/v7e-m/fpv4-sp/hard\libc_nano.a(lib_a-nano-reallocr.o)
                0x080088e6                _realloc_r
 .text.__ascii_wctomb
                0x08008932       0x1a c:/ac6/systemworkbench/plugins/fr.ac6.mcu.externaltools.arm-none.win32_1.17.0.201812190825/tools/compiler/bin/../lib/gcc/arm-none-eabi/7.3.1/../../../../arm-none-eabi/lib/thumb/v7e-m/fpv4-sp/hard\libc_nano.a(lib_a-wctomb_r.o)
                0x08008932                __ascii_wctomb
 .text._malloc_usable_size_r
                0x0800894c       0x10 c:/ac6/systemworkbench/plugins/fr.ac6.mcu.externaltools.arm-none.win32_1.17.0.201812190825/tools/compiler/bin/../lib/gcc/arm-none-eabi/7.3.1/../../../../arm-none-eabi/lib/thumb/v7e-m/fpv4-sp/hard\libc_nano.a(lib_a-nano-msizer.o)
                0x0800894c                _malloc_usable_size_r
 *(.glue_7)
 .glue_7        0x0800895c        0x0 linker stubs
 *(.glue_7t)
 .glue_7t       0x0800895c        0x0 linker stubs
 *(.eh_frame)
 .eh_frame      0x0800895c        0x0 c:/ac6/systemworkbench/plugins/fr.ac6.mcu.externaltools.arm-none.win32_1.17.0.201812190825/tools/compiler/bin/../lib/gcc/arm-none-eabi/7.3.1/thumb/v7e-m/fpv4-sp/hard/crtbegin.o
 *(.init)
 .init          0x0800895c        0x4 c:/ac6/systemworkbench/plugins/fr.ac6.mcu.externaltools.arm-none.win32_1.17.0.201812190825/tools/compiler/bin/../lib/gcc/arm-none-eabi/7.3.1/thumb/v7e-m/fpv4-sp/hard/crti.o
                0x0800895c                _init
 .init          0x08008960        0x8 c:/ac6/systemworkbench/plugins/fr.ac6.mcu.externaltools.arm-none.win32_1.17.0.201812190825/tools/compiler/bin/../lib/gcc/arm-none-eabi/7.3.1/thumb/v7e-m/fpv4-sp/hard/crtn.o
 *(.fini)
 .fini          0x08008968        0x4 c:/ac6/systemworkbench/plugins/fr.ac6.mcu.externaltools.arm-none.win32_1.17.0.201812190825/tools/compiler/bin/../lib/gcc/arm-none-eabi/7.3.1/thumb/v7e-m/fpv4-sp/hard/crti.o
                0x08008968                _fini
 .fini          0x0800896c        0x8 c:/ac6/systemworkbench/plugins/fr.ac6.mcu.externaltools.arm-none.win32_1.17.0.201812190825/tools/compiler/bin/../lib/gcc/arm-none-eabi/7.3.1/thumb/v7e-m/fpv4-sp/hard/crtn.o
                0x08008974                . = ALIGN (0x4)
                0x08008974                _etext = .

.vfp11_veneer   0x08008974        0x0
 .vfp11_veneer  0x08008974        0x0 linker stubs

.v4_bx          0x08008974        0x0
 .v4_bx         0x08008974        0x0 linker stubs

.iplt           0x08008974        0x0
 .iplt          0x08008974        0x0 c:/ac6/systemworkbench/plugins/fr.ac6.mcu.externaltools.arm-none.win32_1.17.0.201812190825/tools/compiler/bin/../lib/gcc/arm-none-eabi/7.3.1/thumb/v7e-m/fpv4-sp/hard/crtbegin.o

.rodata         0x08008978      0x390
                0x08008978                . = ALIGN (0x4)
 *(.rodata)
 .rodata        0x08008978       0x3c Core/Src/main.o
                0x080089b0                MAX_BUF_SIZE
 .rodata        0x080089b4       0x18 Core/Src/system_stm32f4xx.o
                0x080089b4                AHBPrescTable
                0x080089c4                APBPrescTable
 .rodata        0x080089cc       0x14 Drivers/BSP/IKS01A2/iks01a2_motion_sensors.o
 *(.rodata*)
 .rodata.str1.4
                0x080089e0       0xc2 Core/Src/main.o
 *fill*         0x08008aa2        0x2 
 .rodata.str1.4
                0x08008aa4        0x8 Middlewares/Third_Party/FreeRTOS/Source/tasks.o
                                  0x5 (size before relaxing)
 .rodata._printf_float.str1.1
                0x08008aac       0x12 c:/ac6/systemworkbench/plugins/fr.ac6.mcu.externaltools.arm-none.win32_1.17.0.201812190825/tools/compiler/bin/../lib/gcc/arm-none-eabi/7.3.1/../../../../arm-none-eabi/lib/thumb/v7e-m/fpv4-sp/hard\libc_nano.a(lib_a-nano-vfprintf_float.o)
 .rodata._printf_i.str1.1
                0x08008abe       0x22 c:/ac6/systemworkbench/plugins/fr.ac6.mcu.externaltools.arm-none.win32_1.17.0.201812190825/tools/compiler/bin/../lib/gcc/arm-none-eabi/7.3.1/../../../../arm-none-eabi/lib/thumb/v7e-m/fpv4-sp/hard\libc_nano.a(lib_a-nano-vfprintf_i.o)
 .rodata._dtoa_r.str1.1
                0x08008ae0        0xd c:/ac6/systemworkbench/plugins/fr.ac6.mcu.externaltools.arm-none.win32_1.17.0.201812190825/tools/compiler/bin/../lib/gcc/arm-none-eabi/7.3.1/../../../../arm-none-eabi/lib/thumb/v7e-m/fpv4-sp/hard\libc_nano.a(lib_a-dtoa.o)
                                  0xf (size before relaxing)
 *fill*         0x08008aed        0x3 
 .rodata.__mprec_bigtens
                0x08008af0       0x28 c:/ac6/systemworkbench/plugins/fr.ac6.mcu.externaltools.arm-none.win32_1.17.0.201812190825/tools/compiler/bin/../lib/gcc/arm-none-eabi/7.3.1/../../../../arm-none-eabi/lib/thumb/v7e-m/fpv4-sp/hard\libc_nano.a(lib_a-mprec.o)
                0x08008af0                __mprec_bigtens
 .rodata.__mprec_tens
                0x08008b18       0xc8 c:/ac6/systemworkbench/plugins/fr.ac6.mcu.externaltools.arm-none.win32_1.17.0.201812190825/tools/compiler/bin/../lib/gcc/arm-none-eabi/7.3.1/../../../../arm-none-eabi/lib/thumb/v7e-m/fpv4-sp/hard\libc_nano.a(lib_a-mprec.o)
                0x08008b18                __mprec_tens
 .rodata.p05.7359
                0x08008be0        0xc c:/ac6/systemworkbench/plugins/fr.ac6.mcu.externaltools.arm-none.win32_1.17.0.201812190825/tools/compiler/bin/../lib/gcc/arm-none-eabi/7.3.1/../../../../arm-none-eabi/lib/thumb/v7e-m/fpv4-sp/hard\libc_nano.a(lib_a-mprec.o)
 .rodata._svfprintf_r.str1.1
                0x08008bec       0x11 c:/ac6/systemworkbench/plugins/fr.ac6.mcu.externaltools.arm-none.win32_1.17.0.201812190825/tools/compiler/bin/../lib/gcc/arm-none-eabi/7.3.1/../../../../arm-none-eabi/lib/thumb/v7e-m/fpv4-sp/hard\libc_nano.a(lib_a-nano-svfprintf.o)
 .rodata._setlocale_r.str1.1
                0x08008bfd        0x8 c:/ac6/systemworkbench/plugins/fr.ac6.mcu.externaltools.arm-none.win32_1.17.0.201812190825/tools/compiler/bin/../lib/gcc/arm-none-eabi/7.3.1/../../../../arm-none-eabi/lib/thumb/v7e-m/fpv4-sp/hard\libc_nano.a(lib_a-locale.o)
                                  0x9 (size before relaxing)
 .rodata.str1.1
                0x08008c05        0x2 c:/ac6/systemworkbench/plugins/fr.ac6.mcu.externaltools.arm-none.win32_1.17.0.201812190825/tools/compiler/bin/../lib/gcc/arm-none-eabi/7.3.1/../../../../arm-none-eabi/lib/thumb/v7e-m/fpv4-sp/hard\libc_nano.a(lib_a-locale.o)
 .rodata._ctype_
                0x08008c07      0x101 c:/ac6/systemworkbench/plugins/fr.ac6.mcu.externaltools.arm-none.win32_1.17.0.201812190825/tools/compiler/bin/../lib/gcc/arm-none-eabi/7.3.1/../../../../arm-none-eabi/lib/thumb/v7e-m/fpv4-sp/hard\libc_nano.a(lib_a-ctype_.o)
                0x08008c07                _ctype_
                0x08008d08                . = ALIGN (0x4)

.ARM.extab
 *(.ARM.extab* .gnu.linkonce.armextab.*)

.ARM            0x08008d08        0x8
                0x08008d08                __exidx_start = .
 *(.ARM.exidx*)
 .ARM.exidx     0x08008d08        0x8 c:/ac6/systemworkbench/plugins/fr.ac6.mcu.externaltools.arm-none.win32_1.17.0.201812190825/tools/compiler/bin/../lib/gcc/arm-none-eabi/7.3.1/thumb/v7e-m/fpv4-sp/hard\libgcc.a(_udivmoddi4.o)
                0x08008d10                __exidx_end = .

.rel.dyn        0x08008d10        0x0
 .rel.iplt      0x08008d10        0x0 c:/ac6/systemworkbench/plugins/fr.ac6.mcu.externaltools.arm-none.win32_1.17.0.201812190825/tools/compiler/bin/../lib/gcc/arm-none-eabi/7.3.1/thumb/v7e-m/fpv4-sp/hard/crtbegin.o

.preinit_array  0x08008d10        0x0
                0x08008d10                PROVIDE (__preinit_array_start = .)
 *(.preinit_array*)
                0x08008d10                PROVIDE (__preinit_array_end = .)

.init_array     0x08008d10        0x4
                0x08008d10                PROVIDE (__init_array_start = .)
 *(SORT_BY_NAME(.init_array.*))
 *(.init_array*)
 .init_array    0x08008d10        0x4 c:/ac6/systemworkbench/plugins/fr.ac6.mcu.externaltools.arm-none.win32_1.17.0.201812190825/tools/compiler/bin/../lib/gcc/arm-none-eabi/7.3.1/thumb/v7e-m/fpv4-sp/hard/crtbegin.o
                0x08008d14                PROVIDE (__init_array_end = .)

.fini_array     0x08008d14        0x4
                [!provide]                PROVIDE (__fini_array_start = .)
 *(SORT_BY_NAME(.fini_array.*))
 *(.fini_array*)
 .fini_array    0x08008d14        0x4 c:/ac6/systemworkbench/plugins/fr.ac6.mcu.externaltools.arm-none.win32_1.17.0.201812190825/tools/compiler/bin/../lib/gcc/arm-none-eabi/7.3.1/thumb/v7e-m/fpv4-sp/hard/crtbegin.o
                [!provide]                PROVIDE (__fini_array_end = .)
                0x08008d18                _sidata = LOADADDR (.data)

.data           0x20000000      0x2a0 load address 0x08008d18
                0x20000000                . = ALIGN (0x4)
                0x20000000                _sdata = .
 *(.data)
 .data          0x20000000        0x4 Core/Src/system_stm32f4xx.o
                0x20000000                SystemCoreClock
 .data          0x20000004       0x68 Drivers/BSP/Components/lsm303agr/lsm303agr.o
                0x20000004                LSM303AGR_MAG_Driver
                0x20000028                LSM303AGR_MAG_COMMON_Driver
                0x20000038                LSM303AGR_ACC_Driver
                0x2000005c                LSM303AGR_ACC_COMMON_Driver
 .data          0x2000006c       0x58 Drivers/BSP/Components/lsm6dsl/lsm6dsl.o
                0x2000006c                LSM6DSL_GYRO_Driver
                0x20000090                LSM6DSL_ACC_Driver
                0x200000b4                LSM6DSL_COMMON_Driver
 .data          0x200000c4        0x8 Drivers/STM32F4xx_HAL_Driver/Src/stm32f4xx_hal.o
                0x200000c4                uwTickFreq
                0x200000c8                uwTickPrio
 .data          0x200000cc        0x4 Middlewares/Third_Party/FreeRTOS/Source/portable/GCC/ARM_CM4F/port.o
 *(.data*)
 .data._impure_ptr
                0x200000d0        0x4 c:/ac6/systemworkbench/plugins/fr.ac6.mcu.externaltools.arm-none.win32_1.17.0.201812190825/tools/compiler/bin/../lib/gcc/arm-none-eabi/7.3.1/../../../../arm-none-eabi/lib/thumb/v7e-m/fpv4-sp/hard\libc_nano.a(lib_a-impure.o)
                0x200000d0                _impure_ptr
 .data.impure_data
                0x200000d4       0x60 c:/ac6/systemworkbench/plugins/fr.ac6.mcu.externaltools.arm-none.win32_1.17.0.201812190825/tools/compiler/bin/../lib/gcc/arm-none-eabi/7.3.1/../../../../arm-none-eabi/lib/thumb/v7e-m/fpv4-sp/hard\libc_nano.a(lib_a-impure.o)
 .data.__global_locale
                0x20000134      0x16c c:/ac6/systemworkbench/plugins/fr.ac6.mcu.externaltools.arm-none.win32_1.17.0.201812190825/tools/compiler/bin/../lib/gcc/arm-none-eabi/7.3.1/../../../../arm-none-eabi/lib/thumb/v7e-m/fpv4-sp/hard\libc_nano.a(lib_a-locale.o)
                0x20000134                __global_locale
                0x200002a0                . = ALIGN (0x4)
                0x200002a0                _edata = .

.igot.plt       0x200002a0        0x0 load address 0x08008fb8
 .igot.plt      0x200002a0        0x0 c:/ac6/systemworkbench/plugins/fr.ac6.mcu.externaltools.arm-none.win32_1.17.0.201812190825/tools/compiler/bin/../lib/gcc/arm-none-eabi/7.3.1/thumb/v7e-m/fpv4-sp/hard/crtbegin.o
                0x200002a0                . = ALIGN (0x4)

.bss            0x200002a0     0x41c8 load address 0x08008fb8
                0x200002a0                _sbss = .
                0x200002a0                __bss_start__ = _sbss
 *(.bss)
 .bss           0x200002a0       0x1c c:/ac6/systemworkbench/plugins/fr.ac6.mcu.externaltools.arm-none.win32_1.17.0.201812190825/tools/compiler/bin/../lib/gcc/arm-none-eabi/7.3.1/thumb/v7e-m/fpv4-sp/hard/crtbegin.o
 .bss           0x200002bc        0x4 Core/Src/custom_bus.o
 .bss           0x200002c0      0x254 Core/Src/freertos.o
 .bss           0x20000514        0x8 Core/Src/syscalls.o
                0x20000518                __env
 .bss           0x2000051c       0xc4 Drivers/BSP/IKS01A2/iks01a2_motion_sensors.o
 .bss           0x200005e0      0x128 Middlewares/Third_Party/FreeRTOS/Source/tasks.o
                0x200006e0                pxCurrentTCB
 .bss           0x20000708        0x8 Middlewares/Third_Party/FreeRTOS/Source/portable/GCC/ARM_CM4F/port.o
 .bss           0x20000710     0x3c18 Middlewares/Third_Party/FreeRTOS/Source/portable/MemMang/heap_4.o
 *(.bss*)
 .bss.__malloc_free_list
                0x20004328        0x4 c:/ac6/systemworkbench/plugins/fr.ac6.mcu.externaltools.arm-none.win32_1.17.0.201812190825/tools/compiler/bin/../lib/gcc/arm-none-eabi/7.3.1/../../../../arm-none-eabi/lib/thumb/v7e-m/fpv4-sp/hard\libc_nano.a(lib_a-nano-mallocr.o)
                0x20004328                __malloc_free_list
 .bss.__malloc_sbrk_start
                0x2000432c        0x4 c:/ac6/systemworkbench/plugins/fr.ac6.mcu.externaltools.arm-none.win32_1.17.0.201812190825/tools/compiler/bin/../lib/gcc/arm-none-eabi/7.3.1/../../../../arm-none-eabi/lib/thumb/v7e-m/fpv4-sp/hard\libc_nano.a(lib_a-nano-mallocr.o)
                0x2000432c                __malloc_sbrk_start
 *(COMMON)
 COMMON         0x20004330       0x54 Core/Src/custom_bus.o
                0x20004330                hi2c1
 COMMON         0x20004384       0xcc Core/Src/main.o
                0x20004384                Task1Handle
                0x20004388                huart1
                0x200043c8                uartMutexHandle
                0x200043cc                Task2Handle
                0x200043d0                huart2
                0x20004410                htim7
 COMMON         0x20004450        0x1 Core/Src/stm32f4xx_it.o
                0x20004450                overflow_flag_tim7
 *fill*         0x20004451        0x3 
 COMMON         0x20004454        0xc Drivers/BSP/IKS01A2/iks01a2_motion_sensors.o
                0x20004454                MotionCompObj
 COMMON         0x20004460        0x4 Drivers/STM32F4xx_HAL_Driver/Src/stm32f4xx_hal.o
                0x20004460                uwTick
 COMMON         0x20004464        0x4 c:/ac6/systemworkbench/plugins/fr.ac6.mcu.externaltools.arm-none.win32_1.17.0.201812190825/tools/compiler/bin/../lib/gcc/arm-none-eabi/7.3.1/../../../../arm-none-eabi/lib/thumb/v7e-m/fpv4-sp/hard\libc_nano.a(lib_a-reent.o)
                0x20004464                errno
                0x20004468                . = ALIGN (0x4)
                0x20004468                _ebss = .
                0x20004468                __bss_end__ = _ebss

._user_heap_stack
                0x20004468      0xc00 load address 0x08008fb8
                0x20004468                . = ALIGN (0x8)
                0x20004468                PROVIDE (end = .)
                [!provide]                PROVIDE (_end = .)
                0x20004868                . = (. + _Min_Heap_Size)
 *fill*         0x20004468      0x400 
                0x20005068                . = (. + _Min_Stack_Size)
 *fill*         0x20004868      0x800 
                0x20005068                . = ALIGN (0x8)

/DISCARD/
 libc.a(*)
 libm.a(*)
 libgcc.a(*)

.ARM.attributes
                0x00000000       0x30
 *(.ARM.attributes)
 .ARM.attributes
                0x00000000       0x22 c:/ac6/systemworkbench/plugins/fr.ac6.mcu.externaltools.arm-none.win32_1.17.0.201812190825/tools/compiler/bin/../lib/gcc/arm-none-eabi/7.3.1/thumb/v7e-m/fpv4-sp/hard/crti.o
 .ARM.attributes
                0x00000022       0x34 c:/ac6/systemworkbench/plugins/fr.ac6.mcu.externaltools.arm-none.win32_1.17.0.201812190825/tools/compiler/bin/../lib/gcc/arm-none-eabi/7.3.1/thumb/v7e-m/fpv4-sp/hard/crtbegin.o
 .ARM.attributes
                0x00000056       0x39 Core/Src/custom_bus.o
 .ARM.attributes
                0x0000008f       0x39 Core/Src/freertos.o
 .ARM.attributes
                0x000000c8       0x39 Core/Src/main.o
 .ARM.attributes
                0x00000101       0x39 Core/Src/stm32f4xx_hal_msp.o
 .ARM.attributes
                0x0000013a       0x39 Core/Src/stm32f4xx_it.o
 .ARM.attributes
                0x00000173       0x39 Core/Src/syscalls.o
 .ARM.attributes
                0x000001ac       0x39 Core/Src/system_stm32f4xx.o
 .ARM.attributes
                0x000001e5       0x39 Drivers/BSP/Components/lsm303agr/lsm303agr.o
 .ARM.attributes
                0x0000021e       0x39 Drivers/BSP/Components/lsm303agr/lsm303agr_reg.o
 .ARM.attributes
                0x00000257       0x39 Drivers/BSP/Components/lsm6dsl/lsm6dsl.o
 .ARM.attributes
                0x00000290       0x39 Drivers/BSP/Components/lsm6dsl/lsm6dsl_reg.o
 .ARM.attributes
                0x000002c9       0x39 Drivers/BSP/IKS01A2/iks01a2_motion_sensors.o
 .ARM.attributes
                0x00000302       0x39 Drivers/STM32F4xx_HAL_Driver/Src/stm32f4xx_hal.o
 .ARM.attributes
                0x0000033b       0x39 Drivers/STM32F4xx_HAL_Driver/Src/stm32f4xx_hal_cortex.o
 .ARM.attributes
                0x00000374       0x39 Drivers/STM32F4xx_HAL_Driver/Src/stm32f4xx_hal_gpio.o
 .ARM.attributes
                0x000003ad       0x39 Drivers/STM32F4xx_HAL_Driver/Src/stm32f4xx_hal_i2c.o
 .ARM.attributes
                0x000003e6       0x39 Drivers/STM32F4xx_HAL_Driver/Src/stm32f4xx_hal_rcc.o
 .ARM.attributes
                0x0000041f       0x39 Drivers/STM32F4xx_HAL_Driver/Src/stm32f4xx_hal_rcc_ex.o
 .ARM.attributes
                0x00000458       0x39 Drivers/STM32F4xx_HAL_Driver/Src/stm32f4xx_hal_tim.o
 .ARM.attributes
                0x00000491       0x39 Drivers/STM32F4xx_HAL_Driver/Src/stm32f4xx_hal_tim_ex.o
 .ARM.attributes
                0x000004ca       0x39 Drivers/STM32F4xx_HAL_Driver/Src/stm32f4xx_hal_uart.o
 .ARM.attributes
                0x00000503       0x39 Middlewares/Third_Party/FreeRTOS/Source/CMSIS_RTOS/cmsis_os.o
 .ARM.attributes
                0x0000053c       0x39 Middlewares/Third_Party/FreeRTOS/Source/list.o
 .ARM.attributes
                0x00000575       0x39 Middlewares/Third_Party/FreeRTOS/Source/queue.o
 .ARM.attributes
                0x000005ae       0x39 Middlewares/Third_Party/FreeRTOS/Source/tasks.o
 .ARM.attributes
                0x000005e7       0x39 Middlewares/Third_Party/FreeRTOS/Source/portable/GCC/ARM_CM4F/port.o
 .ARM.attributes
                0x00000620       0x39 Middlewares/Third_Party/FreeRTOS/Source/portable/MemMang/heap_4.o
 .ARM.attributes
                0x00000659       0x21 startup/startup_stm32f446xx.o
 .ARM.attributes
                0x0000067a       0x22 c:/ac6/systemworkbench/plugins/fr.ac6.mcu.externaltools.arm-none.win32_1.17.0.201812190825/tools/compiler/bin/../lib/gcc/arm-none-eabi/7.3.1/thumb/v7e-m/fpv4-sp/hard\libgcc.a(_arm_addsubdf3.o)
 .ARM.attributes
                0x0000069c       0x22 c:/ac6/systemworkbench/plugins/fr.ac6.mcu.externaltools.arm-none.win32_1.17.0.201812190825/tools/compiler/bin/../lib/gcc/arm-none-eabi/7.3.1/thumb/v7e-m/fpv4-sp/hard\libgcc.a(_aeabi_uldivmod.o)
 .ARM.attributes
                0x000006be       0x34 c:/ac6/systemworkbench/plugins/fr.ac6.mcu.externaltools.arm-none.win32_1.17.0.201812190825/tools/compiler/bin/../lib/gcc/arm-none-eabi/7.3.1/thumb/v7e-m/fpv4-sp/hard\libgcc.a(_udivmoddi4.o)
 .ARM.attributes
                0x000006f2       0x22 c:/ac6/systemworkbench/plugins/fr.ac6.mcu.externaltools.arm-none.win32_1.17.0.201812190825/tools/compiler/bin/../lib/gcc/arm-none-eabi/7.3.1/thumb/v7e-m/fpv4-sp/hard\libgcc.a(_dvmd_tls.o)
 .ARM.attributes
                0x00000714       0x34 c:/ac6/systemworkbench/plugins/fr.ac6.mcu.externaltools.arm-none.win32_1.17.0.201812190825/tools/compiler/bin/../lib/gcc/arm-none-eabi/7.3.1/../../../../arm-none-eabi/lib/thumb/v7e-m/fpv4-sp/hard\libc_nano.a(lib_a-errno.o)
 .ARM.attributes
                0x00000748       0x34 c:/ac6/systemworkbench/plugins/fr.ac6.mcu.externaltools.arm-none.win32_1.17.0.201812190825/tools/compiler/bin/../lib/gcc/arm-none-eabi/7.3.1/../../../../arm-none-eabi/lib/thumb/v7e-m/fpv4-sp/hard\libc_nano.a(lib_a-impure.o)
 .ARM.attributes
                0x0000077c       0x34 c:/ac6/systemworkbench/plugins/fr.ac6.mcu.externaltools.arm-none.win32_1.17.0.201812190825/tools/compiler/bin/../lib/gcc/arm-none-eabi/7.3.1/../../../../arm-none-eabi/lib/thumb/v7e-m/fpv4-sp/hard\libc_nano.a(lib_a-init.o)
 .ARM.attributes
                0x000007b0       0x34 c:/ac6/systemworkbench/plugins/fr.ac6.mcu.externaltools.arm-none.win32_1.17.0.201812190825/tools/compiler/bin/../lib/gcc/arm-none-eabi/7.3.1/../../../../arm-none-eabi/lib/thumb/v7e-m/fpv4-sp/hard\libc_nano.a(lib_a-memcpy-stub.o)
 .ARM.attributes
                0x000007e4       0x34 c:/ac6/systemworkbench/plugins/fr.ac6.mcu.externaltools.arm-none.win32_1.17.0.201812190825/tools/compiler/bin/../lib/gcc/arm-none-eabi/7.3.1/../../../../arm-none-eabi/lib/thumb/v7e-m/fpv4-sp/hard\libc_nano.a(lib_a-memset.o)
 .ARM.attributes
                0x00000818       0x34 c:/ac6/systemworkbench/plugins/fr.ac6.mcu.externaltools.arm-none.win32_1.17.0.201812190825/tools/compiler/bin/../lib/gcc/arm-none-eabi/7.3.1/../../../../arm-none-eabi/lib/thumb/v7e-m/fpv4-sp/hard\libc_nano.a(lib_a-nano-vfprintf_float.o)
 .ARM.attributes
                0x0000084c       0x34 c:/ac6/systemworkbench/plugins/fr.ac6.mcu.externaltools.arm-none.win32_1.17.0.201812190825/tools/compiler/bin/../lib/gcc/arm-none-eabi/7.3.1/../../../../arm-none-eabi/lib/thumb/v7e-m/fpv4-sp/hard\libc_nano.a(lib_a-nano-vfprintf_i.o)
 .ARM.attributes
                0x00000880       0x34 c:/ac6/systemworkbench/plugins/fr.ac6.mcu.externaltools.arm-none.win32_1.17.0.201812190825/tools/compiler/bin/../lib/gcc/arm-none-eabi/7.3.1/../../../../arm-none-eabi/lib/thumb/v7e-m/fpv4-sp/hard\libc_nano.a(lib_a-snprintf.o)
 .ARM.attributes
                0x000008b4       0x1b c:/ac6/systemworkbench/plugins/fr.ac6.mcu.externaltools.arm-none.win32_1.17.0.201812190825/tools/compiler/bin/../lib/gcc/arm-none-eabi/7.3.1/../../../../arm-none-eabi/lib/thumb/v7e-m/fpv4-sp/hard\libc_nano.a(lib_a-strlen.o)
 .ARM.attributes
                0x000008cf       0x34 c:/ac6/systemworkbench/plugins/fr.ac6.mcu.externaltools.arm-none.win32_1.17.0.201812190825/tools/compiler/bin/../lib/gcc/arm-none-eabi/7.3.1/../../../../arm-none-eabi/lib/thumb/v7e-m/fpv4-sp/hard\libc_nano.a(lib_a-dtoa.o)
 .ARM.attributes
                0x00000903       0x34 c:/ac6/systemworkbench/plugins/fr.ac6.mcu.externaltools.arm-none.win32_1.17.0.201812190825/tools/compiler/bin/../lib/gcc/arm-none-eabi/7.3.1/../../../../arm-none-eabi/lib/thumb/v7e-m/fpv4-sp/hard\libc_nano.a(lib_a-localeconv.o)
 .ARM.attributes
                0x00000937       0x34 c:/ac6/systemworkbench/plugins/fr.ac6.mcu.externaltools.arm-none.win32_1.17.0.201812190825/tools/compiler/bin/../lib/gcc/arm-none-eabi/7.3.1/../../../../arm-none-eabi/lib/thumb/v7e-m/fpv4-sp/hard\libc_nano.a(lib_a-malloc.o)
 .ARM.attributes
                0x0000096b       0x20 c:/ac6/systemworkbench/plugins/fr.ac6.mcu.externaltools.arm-none.win32_1.17.0.201812190825/tools/compiler/bin/../lib/gcc/arm-none-eabi/7.3.1/../../../../arm-none-eabi/lib/thumb/v7e-m/fpv4-sp/hard\libc_nano.a(lib_a-memchr.o)
 .ARM.attributes